----------- ARGUMENTS -----------
Data file path = ../Data/hard/archipel_5_500_500_7.txt_hard.txt
Problem version = 1
Number of zones = 1
Time limit = 300
Verbose output = False
Solver name = highs
Solution folder path = ../Solutions_2026-01-22_19-58-12/solutions
------------------------------------
Reading 5 species
Solver appsi_highs is available.
Running HiGHS 1.12.0 (git hash: 755a8e0): Copyright (c) 2025 HiGHS under MIT licence terms
MIP has 2007 rows; 250000 cols; 1241992 nonzeros; 250000 integer variables (250000 binary)
Coefficient ranges:
  Matrix  [1e+00, 2e+02]
  Cost    [1e+00, 1e+00]
  Bound   [1e+00, 1e+00]
  RHS     [4e+02, 4e+02]
Presolving model
5 rows, 247998 cols, 1239990 nonzeros  0s
5 rows, 3283 cols, 16415 nonzeros  1s
5 rows, 3283 cols, 16415 nonzeros  2s
Presolve reductions: rows 5(-2002); columns 3283(-246717); nonzeros 16415(-1225577) 
Objective function is integral with scale 1

Solving MIP model with:
   5 rows
   3283 cols (137 binary, 3146 integer, 0 implied int., 0 continuous, 0 domain fixed)
   16415 nonzeros

Src: B => Branching; C => Central rounding; F => Feasibility pump; H => Heuristic;
     I => Shifting; J => Feasibility jump; L => Sub-MIP; P => Empty MIP; R => Randomized rounding;
     S => Solve LP; T => Evaluate node; U => Unbounded; X => User solution; Y => HiGHS solution;
     Z => ZI Round; l => Trivial lower; p => Trivial point; u => Trivial upper; z => Trivial zero

        Nodes      |    B&B Tree     |            Objective Bounds              |  Dynamic Constraints |       Work      
Src  Proc. InQueue |  Leaves   Expl. | BestBound       BestSol              Gap |   Cuts   InLp Confl. | LpIters     Time

 u       0       0         0   0.00%   -inf            37767              Large        0      0      0         0     3.0s
 J       0       0         0   0.00%   -inf            37755              Large        0      0      0         0     3.0s
 S       0       0         0   0.00%   0               9                100.00%        0      0      0         0     3.0s
         1       0         1 100.00%   8.733333333     9                  2.96%        0      0      0         1     3.0s

Solving report
  Status            Optimal
  Primal bound      9
  Dual bound        9
  Gap               0% (tolerance: 0.01%)
  P-D integral      0.0155936506059
  Solution status   feasible
                    9 (objective)
                    0 (bound viol.)
                    0 (int. viol.)
                    0 (row viol.)
  Timing            3.01
  Max sub-MIP depth 0
  Nodes             1
  Repair LPs        0
  LP iterations     1
                    0 (strong br.)
                    0 (separation)
                    0 (heuristics)

dataFileName = archipel_5_500_500_7.txt_hard
solutionValue = 9.0
cpuTime = 10.648630380630493
isFeasible = True
Solution is written in the following file:  ../Solutions_2026-01-22_19-58-12/solutions/archipel_5_500_500_7.txt_hard_V1_Z1.sol
