----------- ARGUMENTS -----------
Data file path = ../Data/hard/archipel_5_100_100_10.txt_hard.txt
Problem version = 1
Number of zones = 1
Time limit = 300
Verbose output = False
Solver name = highs
Solution folder path = ../Solutions_2026-01-22_19-58-12/solutions
------------------------------------
Reading 5 species
Solver appsi_highs is available.
Running HiGHS 1.12.0 (git hash: 755a8e0): Copyright (c) 2025 HiGHS under MIT licence terms
MIP has 128 rows; 10000 cols; 49508 nonzeros; 10000 integer variables (10000 binary)
Coefficient ranges:
  Matrix  [1e+00, 2e+02]
  Cost    [1e+00, 1e+00]
  Bound   [1e+00, 1e+00]
  RHS     [4e+02, 4e+02]
Presolving model
5 rows, 9877 cols, 49385 nonzeros  0s
5 rows, 3105 cols, 15525 nonzeros  0s
5 rows, 3105 cols, 15525 nonzeros  1s
Presolve reductions: rows 5(-123); columns 3105(-6895); nonzeros 15525(-33983) 
Objective function is integral with scale 1

Solving MIP model with:
   5 rows
   3105 cols (532 binary, 2573 integer, 0 implied int., 0 continuous, 0 domain fixed)
   15525 nonzeros

Src: B => Branching; C => Central rounding; F => Feasibility pump; H => Heuristic;
     I => Shifting; J => Feasibility jump; L => Sub-MIP; P => Empty MIP; R => Randomized rounding;
     S => Solve LP; T => Evaluate node; U => Unbounded; X => User solution; Y => HiGHS solution;
     Z => ZI Round; l => Trivial lower; p => Trivial point; u => Trivial upper; z => Trivial zero

        Nodes      |    B&B Tree     |            Objective Bounds              |  Dynamic Constraints |       Work      
Src  Proc. InQueue |  Leaves   Expl. | BestBound       BestSol              Gap |   Cuts   InLp Confl. | LpIters     Time

 u       0       0         0   0.00%   -inf            9877               Large        0      0      0         0     1.8s
 J       0       0         0   0.00%   -inf            9867               Large        0      0      0         0     1.8s
 S       0       0         0   0.00%   0               6                100.00%        0      0      0         0     1.8s

99.9% inactive integer columns, restarting
         0       0         0 100.00%   6               6                  0.00%        0      0      0         4     1.8s

Solving report
  Status            Optimal
  Primal bound      6
  Dual bound        6
  Gap               0% (tolerance: 0.01%)
  P-D integral      0.00798565756883
  Solution status   feasible
                    6 (objective)
                    0 (bound viol.)
                    0 (int. viol.)
                    0 (row viol.)
  Timing            1.81
  Max sub-MIP depth 0
  Nodes             0
  Repair LPs        0
  LP iterations     4
                    0 (strong br.)
                    0 (separation)
                    0 (heuristics)

dataFileName = archipel_5_100_100_10.txt_hard
solutionValue = 6.0
cpuTime = 2.0808780193328857
isFeasible = True
Solution is written in the following file:  ../Solutions_2026-01-22_19-58-12/solutions/archipel_5_100_100_10.txt_hard_V1_Z1.sol
