----------- ARGUMENTS -----------
Data file path = ../Data/hard/archipel_10_500_500_7.txt_hard.txt
Problem version = 1
Number of zones = 1
Time limit = 300
Verbose output = False
Solver name = highs
Solution folder path = ../Solutions_2026-01-22_19-58-12/solutions
------------------------------------
Reading 10 species
Solver appsi_highs is available.
Running HiGHS 1.12.0 (git hash: 755a8e0): Copyright (c) 2025 HiGHS under MIT licence terms
MIP has 2012 rows; 250000 cols; 2481982 nonzeros; 250000 integer variables (250000 binary)
Coefficient ranges:
  Matrix  [1e+00, 2e+02]
  Cost    [1e+00, 1e+00]
  Bound   [1e+00, 1e+00]
  RHS     [1e+02, 4e+02]
Presolving model
10 rows, 247998 cols, 2479980 nonzeros  1s
10 rows, 244826 cols, 2448260 nonzeros  12904s
Presolve reductions: rows 10(-2002); columns 244826(-5174); nonzeros 2448260(-33722) 
Presolve: Time limit reached

Src: B => Branching; C => Central rounding; F => Feasibility pump; H => Heuristic;
     I => Shifting; J => Feasibility jump; L => Sub-MIP; P => Empty MIP; R => Randomized rounding;
     S => Solve LP; T => Evaluate node; U => Unbounded; X => User solution; Y => HiGHS solution;
     Z => ZI Round; l => Trivial lower; p => Trivial point; u => Trivial upper; z => Trivial zero

        Nodes      |    B&B Tree     |            Objective Bounds              |  Dynamic Constraints |       Work      
Src  Proc. InQueue |  Leaves   Expl. | BestBound       BestSol              Gap |   Cuts   InLp Confl. | LpIters     Time

         0       0         0   0.00%   -inf            inf                  inf        0      0      0         0 12905.0s

Solving report
  Status            Time limit reached
  Primal bound      inf
  Dual bound        -inf
  Gap               inf
  P-D integral      0
  Solution status   -
  Timing            12905.05
  Max sub-MIP depth 0
  Nodes             0
  Repair LPs        0
  LP iterations     0
Traceback (most recent call last):
  File "/home/melissa/Documents/ProjetOptim/marineopt/Code/solver.py", line 117, in <module>
    solution = runMILPModelForVersion1(
               ^^^^^^^^^^^^^^^^^^^^^^^^
  File "/home/melissa/Documents/ProjetOptim/marineopt/Code/models.py", line 55, in runMILPModelForVersion1
    results = solver.solve(model, tee=True) 
              ^^^^^^^^^^^^^^^^^^^^^^^^^^^^^
  File "/home/melissa/monenv/lib/python3.12/site-packages/pyomo/contrib/appsi/base.py", line 1568, in solve
    results: Results = super(LegacySolverInterface, self).solve(model)
                       ^^^^^^^^^^^^^^^^^^^^^^^^^^^^^^^^^^^^^^^^^^^^^^^
  File "/home/melissa/monenv/lib/python3.12/site-packages/pyomo/contrib/appsi/solvers/highs.py", line 297, in solve
    res = self._solve(timer)
          ^^^^^^^^^^^^^^^^^^
  File "/home/melissa/monenv/lib/python3.12/site-packages/pyomo/contrib/appsi/solvers/highs.py", line 281, in _solve
    return self._postsolve(timer)
           ^^^^^^^^^^^^^^^^^^^^^^
  File "/home/melissa/monenv/lib/python3.12/site-packages/pyomo/contrib/appsi/solvers/highs.py", line 721, in _postsolve
    raise RuntimeError(
RuntimeError: A feasible solution was not found, so no solution can be loaded. If using the appsi.solvers.Highs interface, you can set opt.config.load_solution=False. If using the environ.SolverFactory interface, you can set opt.solve(model, load_solutions = False). Then you can check results.termination_condition and results.best_feasible_objective before loading a solution.
