----------- ARGUMENTS -----------
Data file path = ../Data/hard/archipel_2_10_10_2.txt_hard.txt
Problem version = 1
Number of zones = 1
Time limit = 300
Verbose output = False
Solver name = highs
Solution folder path = ../Solutions_2026-01-22_19-58-12/solutions
------------------------------------
Reading 2 species
Solver appsi_highs is available.
Running HiGHS 1.12.0 (git hash: 755a8e0): Copyright (c) 2025 HiGHS under MIT licence terms
MIP has 9 rows; 100 cols; 193 nonzeros; 100 integer variables (100 binary)
Coefficient ranges:
  Matrix  [1e+00, 2e+02]
  Cost    [1e+00, 1e+00]
  Bound   [1e+00, 1e+00]
  RHS     [4e+02, 4e+02]
Presolving model
2 rows, 86 cols, 172 nonzeros  0s
2 rows, 33 cols, 66 nonzeros  0s
1 rows, 3 cols, 3 nonzeros  0s
Presolve reductions: rows 1(-8); columns 3(-97); nonzeros 3(-190) 
Objective function is integral with scale 1

Solving MIP model with:
   1 row
   3 cols (1 binary, 2 integer, 0 implied int., 0 continuous, 0 domain fixed)
   3 nonzeros

Src: B => Branching; C => Central rounding; F => Feasibility pump; H => Heuristic;
     I => Shifting; J => Feasibility jump; L => Sub-MIP; P => Empty MIP; R => Randomized rounding;
     S => Solve LP; T => Evaluate node; U => Unbounded; X => User solution; Y => HiGHS solution;
     Z => ZI Round; l => Trivial lower; p => Trivial point; u => Trivial upper; z => Trivial zero

        Nodes      |    B&B Tree     |            Objective Bounds              |  Dynamic Constraints |       Work      
Src  Proc. InQueue |  Leaves   Expl. | BestBound       BestSol              Gap |   Cuts   InLp Confl. | LpIters     Time

 u       0       0         0   0.00%   -inf            90                 Large        0      0      0         0     0.0s
 J       0       0         0   0.00%   -inf            87                 Large        0      0      0         0     0.0s
 T       0       0         0 100.00%   83              84                 1.19%        0      0      0         0     0.0s
         1       0         1 100.00%   84              84                 0.00%        0      0      0         0     0.0s

Solving report
  Status            Optimal
  Primal bound      84
  Dual bound        84
  Gap               0% (tolerance: 0.01%)
  P-D integral      2.02659707156e-05
  Solution status   feasible
                    84 (objective)
                    0 (bound viol.)
                    0 (int. viol.)
                    0 (row viol.)
  Timing            0.02
  Max sub-MIP depth 0
  Nodes             1
  Repair LPs        0
  LP iterations     0

dataFileName = archipel_2_10_10_2.txt_hard
solutionValue = 84.0
cpuTime = 0.027550220489501953
isFeasible = True
Solution is written in the following file:  ../Solutions_2026-01-22_19-58-12/solutions/archipel_2_10_10_2.txt_hard_V1_Z1.sol
