----------- ARGUMENTS -----------
Data file path = ../Data/hard/archipel_2_100_100_5.txt_hard.txt
Problem version = 1
Number of zones = 1
Time limit = 300
Verbose output = False
Solver name = highs
Solution folder path = ../Solutions_2026-01-22_19-58-12/solutions
------------------------------------
Reading 2 species
Solver appsi_highs is available.
Running HiGHS 1.12.0 (git hash: 755a8e0): Copyright (c) 2025 HiGHS under MIT licence terms
MIP has 125 rows; 10000 cols; 19877 nonzeros; 10000 integer variables (10000 binary)
Coefficient ranges:
  Matrix  [1e+00, 2e+02]
  Cost    [1e+00, 1e+00]
  Bound   [1e+00, 1e+00]
  RHS     [4e+02, 4e+02]
Presolving model
2 rows, 9877 cols, 19754 nonzeros  0s
2 rows, 52 cols, 104 nonzeros  0s
2 rows, 32 cols, 64 nonzeros  0s
Presolve reductions: rows 2(-123); columns 32(-9968); nonzeros 64(-19813) 
Objective function is integral with scale 1

Solving MIP model with:
   2 rows
   32 cols (7 binary, 25 integer, 0 implied int., 0 continuous, 0 domain fixed)
   64 nonzeros

Src: B => Branching; C => Central rounding; F => Feasibility pump; H => Heuristic;
     I => Shifting; J => Feasibility jump; L => Sub-MIP; P => Empty MIP; R => Randomized rounding;
     S => Solve LP; T => Evaluate node; U => Unbounded; X => User solution; Y => HiGHS solution;
     Z => ZI Round; l => Trivial lower; p => Trivial point; u => Trivial upper; z => Trivial zero

        Nodes      |    B&B Tree     |            Objective Bounds              |  Dynamic Constraints |       Work      
Src  Proc. InQueue |  Leaves   Expl. | BestBound       BestSol              Gap |   Cuts   InLp Confl. | LpIters     Time

 u       0       0         0   0.00%   -inf            539                Large        0      0      0         0     0.0s
 J       0       0         0   0.00%   -inf            399                Large        0      0      0         0     0.0s
 S       0       0         0   0.00%   0               5                100.00%        0      0      0         0     0.0s
         1       0         1 100.00%   4.238954574     5                 15.22%        0      0      0         3     0.0s

Solving report
  Status            Optimal
  Primal bound      5
  Dual bound        5
  Gap               0% (tolerance: 0.01%)
  P-D integral      0.000623114478462
  Solution status   feasible
                    5 (objective)
                    0 (bound viol.)
                    0 (int. viol.)
                    0 (row viol.)
  Timing            0.03
  Max sub-MIP depth 0
  Nodes             1
  Repair LPs        0
  LP iterations     3
                    0 (strong br.)
                    0 (separation)
                    0 (heuristics)

dataFileName = archipel_2_100_100_5.txt_hard
solutionValue = 5.0
cpuTime = 0.3241384029388428
isFeasible = True
Solution is written in the following file:  ../Solutions_2026-01-22_19-58-12/solutions/archipel_2_100_100_5.txt_hard_V1_Z1.sol
