----------- ARGUMENTS -----------
Data file path = ../Data/hard/archipel_10_30_30_2.txt_hard.txt
Problem version = 1
Number of zones = 1
Time limit = 300
Verbose output = False
Solver name = highs
Solution folder path = ../Solutions_2026-01-22_19-58-12/solutions
------------------------------------
Reading 10 species
Solver appsi_highs is available.
Running HiGHS 1.12.0 (git hash: 755a8e0): Copyright (c) 2025 HiGHS under MIT licence terms
MIP has 24 rows; 900 cols; 8874 nonzeros; 900 integer variables (900 binary)
Coefficient ranges:
  Matrix  [1e+00, 2e+02]
  Cost    [1e+00, 1e+00]
  Bound   [1e+00, 1e+00]
  RHS     [1e+02, 4e+02]
Presolving model
10 rows, 886 cols, 8860 nonzeros  0s
10 rows, 886 cols, 8860 nonzeros  0s
Presolve reductions: rows 10(-14); columns 886(-14); nonzeros 8860(-14) 
Objective function is integral with scale 1

Solving MIP model with:
   10 rows
   886 cols (886 binary, 0 integer, 0 implied int., 0 continuous, 0 domain fixed)
   8860 nonzeros

Src: B => Branching; C => Central rounding; F => Feasibility pump; H => Heuristic;
     I => Shifting; J => Feasibility jump; L => Sub-MIP; P => Empty MIP; R => Randomized rounding;
     S => Solve LP; T => Evaluate node; U => Unbounded; X => User solution; Y => HiGHS solution;
     Z => ZI Round; l => Trivial lower; p => Trivial point; u => Trivial upper; z => Trivial zero

        Nodes      |    B&B Tree     |            Objective Bounds              |  Dynamic Constraints |       Work      
Src  Proc. InQueue |  Leaves   Expl. | BestBound       BestSol              Gap |   Cuts   InLp Confl. | LpIters     Time

 u       0       0         0   0.00%   -inf            886                Large        0      0      0         0     0.1s
 J       0       0         0   0.00%   -inf            885                Large        0      0      0         0     0.1s
 S       0       0         0   0.00%   0               64               100.00%        0      0      0         0     0.1s
 R       0       0         0   0.00%   61.90592456     63                 1.74%        0      0      0        10     0.1s

93.0% inactive integer columns, restarting
Model after restart has 5 rows, 56 cols (51 bin., 5 int., 0 impl., 0 cont., 0 dom.fix.), and 280 nonzeros

         0       0         0   0.00%   61.90592456     63                 1.74%        0      0      0        10     0.1s

14.3% inactive integer columns, restarting
Model after restart has 5 rows, 48 cols (43 bin., 5 int., 0 impl., 0 cont., 0 dom.fix.), and 240 nonzeros

         0       0         0   0.00%   61.92188544     63                 1.71%        0      0      0        11     0.1s

10.4% inactive integer columns, restarting
Model after restart has 5 rows, 43 cols (38 bin., 5 int., 0 impl., 0 cont., 0 dom.fix.), and 215 nonzeros

         0       0         0   0.00%   61.92707329     63                 1.70%        0      0      0        11     0.1s
         0       0         0   0.00%   61.93258846     63                 1.69%        0      0      2        11     0.1s
         1       0         1 100.00%   62.46666667     63                 0.85%       16      1      2        17     0.1s

Solving report
  Status            Optimal
  Primal bound      63
  Dual bound        63
  Gap               0% (tolerance: 0.01%)
  P-D integral      0.00279361787943
  Solution status   feasible
                    63 (objective)
                    0 (bound viol.)
                    0 (int. viol.)
                    0 (row viol.)
  Timing            0.15
  Max sub-MIP depth 0
  Nodes             1
  Repair LPs        0
  LP iterations     17
                    0 (strong br.)
                    3 (separation)
                    0 (heuristics)

dataFileName = archipel_10_30_30_2.txt_hard
solutionValue = 63.0
cpuTime = 0.21174836158752441
isFeasible = True
Solution is written in the following file:  ../Solutions_2026-01-22_19-58-12/solutions/archipel_10_30_30_2.txt_hard_V1_Z1.sol
