----------- ARGUMENTS -----------
Data file path = ../Data/hard/archipel_2_10_10_10.txt_hard.txt
Problem version = 1
Number of zones = 1
Time limit = 300
Verbose output = False
Solver name = highs
Solution folder path = ../Solutions_2026-01-22_19-58-12/solutions
------------------------------------
Reading 2 species
Solver appsi_highs is available.
Running HiGHS 1.12.0 (git hash: 755a8e0): Copyright (c) 2025 HiGHS under MIT licence terms
MIP has 9 rows; 100 cols; 193 nonzeros; 100 integer variables (100 binary)
Coefficient ranges:
  Matrix  [1e+00, 2e+02]
  Cost    [1e+00, 1e+00]
  Bound   [1e+00, 1e+00]
  RHS     [4e+02, 4e+02]
Presolving model
2 rows, 93 cols, 186 nonzeros  0s
2 rows, 56 cols, 112 nonzeros  0s
2 rows, 56 cols, 112 nonzeros  0s
Presolve reductions: rows 2(-7); columns 56(-44); nonzeros 112(-81) 
Objective function is integral with scale 1

Solving MIP model with:
   2 rows
   56 cols (32 binary, 24 integer, 0 implied int., 0 continuous, 0 domain fixed)
   112 nonzeros

Src: B => Branching; C => Central rounding; F => Feasibility pump; H => Heuristic;
     I => Shifting; J => Feasibility jump; L => Sub-MIP; P => Empty MIP; R => Randomized rounding;
     S => Solve LP; T => Evaluate node; U => Unbounded; X => User solution; Y => HiGHS solution;
     Z => ZI Round; l => Trivial lower; p => Trivial point; u => Trivial upper; z => Trivial zero

        Nodes      |    B&B Tree     |            Objective Bounds              |  Dynamic Constraints |       Work      
Src  Proc. InQueue |  Leaves   Expl. | BestBound       BestSol              Gap |   Cuts   InLp Confl. | LpIters     Time

 u       0       0         0   0.00%   -inf            93                 Large        0      0      0         0     0.0s
 J       0       0         0   0.00%   -inf            88                 Large        0      0      0         0     0.0s
 S       0       0         0   0.00%   0               4                100.00%        0      0      0         0     0.0s
 R       0       0         0 100.00%   2.585277778     3                 13.82%        0      0      0         4     0.0s
         1       0         1 100.00%   3               3                  0.00%        0      0      0         4     0.0s

Solving report
  Status            Optimal
  Primal bound      3
  Dual bound        3
  Gap               0% (tolerance: 0.01%)
  P-D integral      0.000729402988045
  Solution status   feasible
                    3 (objective)
                    0 (bound viol.)
                    0 (int. viol.)
                    0 (row viol.)
  Timing            0.01
  Max sub-MIP depth 0
  Nodes             1
  Repair LPs        0
  LP iterations     4
                    0 (strong br.)
                    0 (separation)
                    0 (heuristics)

dataFileName = archipel_2_10_10_10.txt_hard
solutionValue = 3.0
cpuTime = 0.019036054611206055
isFeasible = True
Solution is written in the following file:  ../Solutions_2026-01-22_19-58-12/solutions/archipel_2_10_10_10.txt_hard_V1_Z1.sol
