----------- ARGUMENTS -----------
Data file path = ../Data/hard/archipel_10_10_10_5.txt_hard.txt
Problem version = 1
Number of zones = 1
Time limit = 300
Verbose output = False
Solver name = highs
Solution folder path = ../Solutions_2026-01-22_19-58-12/solutions
------------------------------------
Reading 10 species
Solver appsi_highs is available.
Running HiGHS 1.12.0 (git hash: 755a8e0): Copyright (c) 2025 HiGHS under MIT licence terms
MIP has 17 rows; 100 cols; 937 nonzeros; 100 integer variables (100 binary)
Coefficient ranges:
  Matrix  [1e+00, 2e+02]
  Cost    [1e+00, 1e+00]
  Bound   [1e+00, 1e+00]
  RHS     [1e+02, 4e+02]
Presolving model
10 rows, 93 cols, 930 nonzeros  0s
10 rows, 90 cols, 900 nonzeros  0s
Presolve reductions: rows 10(-7); columns 90(-10); nonzeros 900(-37) 
Objective function is integral with scale 1

Solving MIP model with:
   10 rows
   90 cols (88 binary, 2 integer, 0 implied int., 0 continuous, 0 domain fixed)
   900 nonzeros

Src: B => Branching; C => Central rounding; F => Feasibility pump; H => Heuristic;
     I => Shifting; J => Feasibility jump; L => Sub-MIP; P => Empty MIP; R => Randomized rounding;
     S => Solve LP; T => Evaluate node; U => Unbounded; X => User solution; Y => HiGHS solution;
     Z => ZI Round; l => Trivial lower; p => Trivial point; u => Trivial upper; z => Trivial zero

        Nodes      |    B&B Tree     |            Objective Bounds              |  Dynamic Constraints |       Work      
Src  Proc. InQueue |  Leaves   Expl. | BestBound       BestSol              Gap |   Cuts   InLp Confl. | LpIters     Time

 u       0       0         0   0.00%   -inf            93                 Large        0      0      0         0     0.0s
 J       0       0         0   0.00%   -inf            90                 Large        0      0      0         0     0.0s
 S       0       0         0   0.00%   0               31               100.00%        0      0      0         0     0.0s
         1       0         1 100.00%   30.125          31                 2.82%        0      0      0         9     0.0s

Solving report
  Status            Optimal
  Primal bound      31
  Dual bound        31
  Gap               0% (tolerance: 0.01%)
  P-D integral      0.000576003905266
  Solution status   feasible
                    31 (objective)
                    0 (bound viol.)
                    0 (int. viol.)
                    0 (row viol.)
  Timing            0.01
  Max sub-MIP depth 0
  Nodes             1
  Repair LPs        0
  LP iterations     9
                    0 (strong br.)
                    0 (separation)
                    0 (heuristics)

dataFileName = archipel_10_10_10_5.txt_hard
solutionValue = 31.0
cpuTime = 0.015501260757446289
isFeasible = True
Solution is written in the following file:  ../Solutions_2026-01-22_19-58-12/solutions/archipel_10_10_10_5.txt_hard_V1_Z1.sol
