----------- ARGUMENTS -----------
Data file path = ../Data/hard/detroit_5_100_100_10.txt_hard.txt
Problem version = 1
Number of zones = 1
Time limit = 300
Verbose output = False
Solver name = highs
Solution folder path = ../Solutions_2026-01-22_19-58-12/solutions
------------------------------------
Reading 5 species
Solver appsi_highs is available.
Running HiGHS 1.12.0 (git hash: 755a8e0): Copyright (c) 2025 HiGHS under MIT licence terms
MIP has 2590 rows; 10000 cols; 39660 nonzeros; 10000 integer variables (10000 binary)
Coefficient ranges:
  Matrix  [1e+00, 2e+02]
  Cost    [1e+00, 1e+00]
  Bound   [1e+00, 1e+00]
  RHS     [4e+02, 4e+02]
Presolving model
5 rows, 7415 cols, 37075 nonzeros  0s
5 rows, 2920 cols, 14600 nonzeros  0s
5 rows, 2920 cols, 14600 nonzeros  1s
Presolve reductions: rows 5(-2585); columns 2920(-7080); nonzeros 14600(-25060) 
Objective function is integral with scale 1

Solving MIP model with:
   5 rows
   2920 cols (835 binary, 2085 integer, 0 implied int., 0 continuous, 0 domain fixed)
   14600 nonzeros

Src: B => Branching; C => Central rounding; F => Feasibility pump; H => Heuristic;
     I => Shifting; J => Feasibility jump; L => Sub-MIP; P => Empty MIP; R => Randomized rounding;
     S => Solve LP; T => Evaluate node; U => Unbounded; X => User solution; Y => HiGHS solution;
     Z => ZI Round; l => Trivial lower; p => Trivial point; u => Trivial upper; z => Trivial zero

        Nodes      |    B&B Tree     |            Objective Bounds              |  Dynamic Constraints |       Work      
Src  Proc. InQueue |  Leaves   Expl. | BestBound       BestSol              Gap |   Cuts   InLp Confl. | LpIters     Time

 u       0       0         0   0.00%   -inf            7415               Large        0      0      0         0     1.3s
 J       0       0         0   0.00%   -inf            7400               Large        0      0      0         0     1.4s
 S       0       0         0   0.00%   0               5                100.00%        0      0      0         0     1.4s
         1       0         1 100.00%   4.448507463     5                 11.03%        0      0      0         5     1.4s

Solving report
  Status            Optimal
  Primal bound      5
  Dual bound        5
  Gap               0% (tolerance: 0.01%)
  P-D integral      0.00564289633907
  Solution status   feasible
                    5 (objective)
                    0 (bound viol.)
                    0 (int. viol.)
                    0 (row viol.)
  Timing            1.37
  Max sub-MIP depth 0
  Nodes             1
  Repair LPs        0
  LP iterations     5
                    0 (strong br.)
                    0 (separation)
                    0 (heuristics)

dataFileName = detroit_5_100_100_10.txt_hard
solutionValue = 5.0
cpuTime = 1.7444794178009033
isFeasible = True
Solution is written in the following file:  ../Solutions_2026-01-22_19-58-12/solutions/detroit_5_100_100_10.txt_hard_V1_Z1.sol
