----------- ARGUMENTS -----------
Data file path = ../Data/hard/detroit_10_30_30_7.txt_hard.txt
Problem version = 1
Number of zones = 1
Time limit = 300
Verbose output = False
Solver name = highs
Solution folder path = ../Solutions_2026-01-22_19-58-12/solutions
------------------------------------
Reading 10 species
Solver appsi_highs is available.
Running HiGHS 1.12.0 (git hash: 755a8e0): Copyright (c) 2025 HiGHS under MIT licence terms
MIP has 245 rows; 900 cols; 6885 nonzeros; 900 integer variables (900 binary)
Coefficient ranges:
  Matrix  [1e+00, 2e+02]
  Cost    [1e+00, 1e+00]
  Bound   [1e+00, 1e+00]
  RHS     [1e+02, 4e+02]
Presolving model
10 rows, 665 cols, 6650 nonzeros  0s
10 rows, 657 cols, 6570 nonzeros  0s
Presolve reductions: rows 10(-235); columns 657(-243); nonzeros 6570(-315) 
Objective function is integral with scale 1

Solving MIP model with:
   10 rows
   657 cols (649 binary, 8 integer, 0 implied int., 0 continuous, 0 domain fixed)
   6570 nonzeros

Src: B => Branching; C => Central rounding; F => Feasibility pump; H => Heuristic;
     I => Shifting; J => Feasibility jump; L => Sub-MIP; P => Empty MIP; R => Randomized rounding;
     S => Solve LP; T => Evaluate node; U => Unbounded; X => User solution; Y => HiGHS solution;
     Z => ZI Round; l => Trivial lower; p => Trivial point; u => Trivial upper; z => Trivial zero

        Nodes      |    B&B Tree     |            Objective Bounds              |  Dynamic Constraints |       Work      
Src  Proc. InQueue |  Leaves   Expl. | BestBound       BestSol              Gap |   Cuts   InLp Confl. | LpIters     Time

 u       0       0         0   0.00%   -inf            665                Large        0      0      0         0     0.1s
 J       0       0         0   0.00%   -inf            663                Large        0      0      0         0     0.1s
 S       0       0         0   0.00%   0               15               100.00%        0      0      0         0     0.1s
         1       0         1 100.00%   14.11111111     15                 5.93%        0      0      0         6     0.1s

Solving report
  Status            Optimal
  Primal bound      15
  Dual bound        15
  Gap               0% (tolerance: 0.01%)
  P-D integral      0.00250234957095
  Solution status   feasible
                    15 (objective)
                    0 (bound viol.)
                    0 (int. viol.)
                    0 (row viol.)
  Timing            0.10
  Max sub-MIP depth 0
  Nodes             1
  Repair LPs        0
  LP iterations     6
                    0 (strong br.)
                    0 (separation)
                    0 (heuristics)

dataFileName = detroit_10_30_30_7.txt_hard
solutionValue = 15.0
cpuTime = 0.1588122844696045
isFeasible = True
Solution is written in the following file:  ../Solutions_2026-01-22_19-58-12/solutions/detroit_10_30_30_7.txt_hard_V1_Z1.sol
