----------- ARGUMENTS -----------
Data file path = ../Data/hard/detroit_10_30_30_10.txt_hard.txt
Problem version = 1
Number of zones = 1
Time limit = 300
Verbose output = False
Solver name = highs
Solution folder path = ../Solutions_2026-01-22_19-58-12/solutions
------------------------------------
Reading 10 species
Solver appsi_highs is available.
Running HiGHS 1.12.0 (git hash: 755a8e0): Copyright (c) 2025 HiGHS under MIT licence terms
MIP has 245 rows; 900 cols; 6885 nonzeros; 900 integer variables (900 binary)
Coefficient ranges:
  Matrix  [1e+00, 2e+02]
  Cost    [1e+00, 1e+00]
  Bound   [1e+00, 1e+00]
  RHS     [1e+02, 4e+02]
Presolving model
10 rows, 665 cols, 6650 nonzeros  0s
10 rows, 567 cols, 5670 nonzeros  0s
Presolve reductions: rows 10(-235); columns 567(-333); nonzeros 5670(-1215) 
Objective function is integral with scale 1

Solving MIP model with:
   10 rows
   567 cols (520 binary, 47 integer, 0 implied int., 0 continuous, 0 domain fixed)
   5670 nonzeros

Src: B => Branching; C => Central rounding; F => Feasibility pump; H => Heuristic;
     I => Shifting; J => Feasibility jump; L => Sub-MIP; P => Empty MIP; R => Randomized rounding;
     S => Solve LP; T => Evaluate node; U => Unbounded; X => User solution; Y => HiGHS solution;
     Z => ZI Round; l => Trivial lower; p => Trivial point; u => Trivial upper; z => Trivial zero

        Nodes      |    B&B Tree     |            Objective Bounds              |  Dynamic Constraints |       Work      
Src  Proc. InQueue |  Leaves   Expl. | BestBound       BestSol              Gap |   Cuts   InLp Confl. | LpIters     Time

 u       0       0         0   0.00%   -inf            665                Large        0      0      0         0     0.1s
 J       0       0         0   0.00%   -inf            658                Large        0      0      0         0     0.1s
 S       0       0         0   0.00%   0               5                100.00%        0      0      0         0     0.1s
         1       0         1 100.00%   4.362189781     5                 12.76%        0      0      0         4     0.1s

Solving report
  Status            Optimal
  Primal bound      5
  Dual bound        5
  Gap               0% (tolerance: 0.01%)
  P-D integral      0.001787569408
  Solution status   feasible
                    5 (objective)
                    0 (bound viol.)
                    0 (int. viol.)
                    0 (row viol.)
  Timing            0.10
  Max sub-MIP depth 0
  Nodes             1
  Repair LPs        0
  LP iterations     4
                    0 (strong br.)
                    0 (separation)
                    0 (heuristics)

dataFileName = detroit_10_30_30_10.txt_hard
solutionValue = 5.0
cpuTime = 0.1917881965637207
isFeasible = True
Solution is written in the following file:  ../Solutions_2026-01-22_19-58-12/solutions/detroit_10_30_30_10.txt_hard_V1_Z1.sol
