----------- ARGUMENTS -----------
Data file path = ../Data/hard/detroit_10_100_100_5.txt_hard.txt
Problem version = 1
Number of zones = 1
Time limit = 300
Verbose output = False
Solver name = highs
Solution folder path = ../Solutions_2026-01-22_19-58-12/solutions
------------------------------------
Reading 10 species
Solver appsi_highs is available.
Running HiGHS 1.12.0 (git hash: 755a8e0): Copyright (c) 2025 HiGHS under MIT licence terms
MIP has 2595 rows; 10000 cols; 76735 nonzeros; 10000 integer variables (10000 binary)
Coefficient ranges:
  Matrix  [1e+00, 2e+02]
  Cost    [1e+00, 1e+00]
  Bound   [1e+00, 1e+00]
  RHS     [1e+02, 4e+02]
Presolving model
10 rows, 7415 cols, 74150 nonzeros  0s
10 rows, 7414 cols, 74140 nonzeros  7s
Presolve reductions: rows 10(-2585); columns 7414(-2586); nonzeros 74140(-2595) 
Objective function is integral with scale 1

Solving MIP model with:
   10 rows
   7414 cols (7413 binary, 1 integer, 0 implied int., 0 continuous, 0 domain fixed)
   74140 nonzeros

Src: B => Branching; C => Central rounding; F => Feasibility pump; H => Heuristic;
     I => Shifting; J => Feasibility jump; L => Sub-MIP; P => Empty MIP; R => Randomized rounding;
     S => Solve LP; T => Evaluate node; U => Unbounded; X => User solution; Y => HiGHS solution;
     Z => ZI Round; l => Trivial lower; p => Trivial point; u => Trivial upper; z => Trivial zero

        Nodes      |    B&B Tree     |            Objective Bounds              |  Dynamic Constraints |       Work      
Src  Proc. InQueue |  Leaves   Expl. | BestBound       BestSol              Gap |   Cuts   InLp Confl. | LpIters     Time

 u       0       0         0   0.00%   -inf            7415               Large        0      0      0         0     7.2s
 J       0       0         0   0.00%   -inf            7414               Large        0      0      0         0     7.2s
 T       0       0         0   0.00%   0               33               100.00%        0      0      0         4     7.3s
         1       0         1 100.00%   33              33                 0.00%        0      0      0         4     7.3s

Solving report
  Status            Optimal
  Primal bound      33
  Dual bound        33
  Gap               0% (tolerance: 0.01%)
  P-D integral      0.0205299854279
  Solution status   feasible
                    33 (objective)
                    0 (bound viol.)
                    0 (int. viol.)
                    0 (row viol.)
  Timing            7.28
  Max sub-MIP depth 0
  Nodes             1
  Repair LPs        0
  LP iterations     4
                    0 (strong br.)
                    0 (separation)
                    0 (heuristics)

dataFileName = detroit_10_100_100_5.txt_hard
solutionValue = 33.0
cpuTime = 7.812538385391235
isFeasible = True
Solution is written in the following file:  ../Solutions_2026-01-22_19-58-12/solutions/detroit_10_100_100_5.txt_hard_V1_Z1.sol
