----------- ARGUMENTS -----------
Data file path = ../Data/hard/detroit_5_30_30_5.txt_hard.txt
Problem version = 1
Number of zones = 1
Time limit = 300
Verbose output = False
Solver name = highs
Solution folder path = ../Solutions_2026-01-22_19-58-12/solutions
------------------------------------
Reading 5 species
Solver appsi_highs is available.
Running HiGHS 1.12.0 (git hash: 755a8e0): Copyright (c) 2025 HiGHS under MIT licence terms
MIP has 240 rows; 900 cols; 3560 nonzeros; 900 integer variables (900 binary)
Coefficient ranges:
  Matrix  [1e+00, 2e+02]
  Cost    [1e+00, 1e+00]
  Bound   [1e+00, 1e+00]
  RHS     [4e+02, 4e+02]
Presolving model
5 rows, 665 cols, 3325 nonzeros  0s
5 rows, 612 cols, 3060 nonzeros  0s
Presolve reductions: rows 5(-235); columns 612(-288); nonzeros 3060(-500) 
Objective function is integral with scale 1

Solving MIP model with:
   5 rows
   612 cols (562 binary, 50 integer, 0 implied int., 0 continuous, 0 domain fixed)
   3060 nonzeros

Src: B => Branching; C => Central rounding; F => Feasibility pump; H => Heuristic;
     I => Shifting; J => Feasibility jump; L => Sub-MIP; P => Empty MIP; R => Randomized rounding;
     S => Solve LP; T => Evaluate node; U => Unbounded; X => User solution; Y => HiGHS solution;
     Z => ZI Round; l => Trivial lower; p => Trivial point; u => Trivial upper; z => Trivial zero

        Nodes      |    B&B Tree     |            Objective Bounds              |  Dynamic Constraints |       Work      
Src  Proc. InQueue |  Leaves   Expl. | BestBound       BestSol              Gap |   Cuts   InLp Confl. | LpIters     Time

 u       0       0         0   0.00%   -inf            665                Large        0      0      0         0     0.1s
 J       0       0         0   0.00%   -inf            662                Large        0      0      0         0     0.1s
 S       0       0         0   0.00%   0               33               100.00%        0      0      0         0     0.1s

15.5% inactive integer columns, restarting
Model after restart has 2 rows, 53 cols (10 bin., 43 int., 0 impl., 0 cont., 0 dom.fix.), and 106 nonzeros

         0       0         0   0.00%   31.27272727     33                 5.23%        0      0      0         2     0.1s
         0       0         0   0.00%   31.27272727     33                 5.23%        0      0      2         3     0.1s
 L       0       0         0   0.00%   32              32                 0.00%       77      9      6        18     0.1s
         1       0         1 100.00%   32              32                 0.00%       77      9      6        21     0.1s

Solving report
  Status            Optimal
  Primal bound      32
  Dual bound        32
  Gap               0% (tolerance: 0.01%)
  P-D integral      0.0022479890135
  Solution status   feasible
                    32 (objective)
                    0 (bound viol.)
                    0 (int. viol.)
                    0 (row viol.)
  Timing            0.11
  Max sub-MIP depth 2
  Nodes             1
  Repair LPs        0
  LP iterations     21
                    0 (strong br.)
                    15 (separation)
                    3 (heuristics)

dataFileName = detroit_5_30_30_5.txt_hard
solutionValue = 32.0
cpuTime = 0.1482682228088379
isFeasible = True
Solution is written in the following file:  ../Solutions_2026-01-22_19-58-12/solutions/detroit_5_30_30_5.txt_hard_V1_Z1.sol
