----------- ARGUMENTS -----------
Data file path = ../Data/hard/detroit_10_30_30_5.txt_hard.txt
Problem version = 1
Number of zones = 1
Time limit = 300
Verbose output = False
Solver name = highs
Solution folder path = ../Solutions_2026-01-22_19-58-12/solutions
------------------------------------
Reading 10 species
Solver appsi_highs is available.
Running HiGHS 1.12.0 (git hash: 755a8e0): Copyright (c) 2025 HiGHS under MIT licence terms
MIP has 245 rows; 900 cols; 6885 nonzeros; 900 integer variables (900 binary)
Coefficient ranges:
  Matrix  [1e+00, 2e+02]
  Cost    [1e+00, 1e+00]
  Bound   [1e+00, 1e+00]
  RHS     [1e+02, 4e+02]
Presolving model
10 rows, 665 cols, 6650 nonzeros  0s
10 rows, 662 cols, 6620 nonzeros  0s
Presolve reductions: rows 10(-235); columns 662(-238); nonzeros 6620(-265) 
Objective function is integral with scale 1

Solving MIP model with:
   10 rows
   662 cols (659 binary, 3 integer, 0 implied int., 0 continuous, 0 domain fixed)
   6620 nonzeros

Src: B => Branching; C => Central rounding; F => Feasibility pump; H => Heuristic;
     I => Shifting; J => Feasibility jump; L => Sub-MIP; P => Empty MIP; R => Randomized rounding;
     S => Solve LP; T => Evaluate node; U => Unbounded; X => User solution; Y => HiGHS solution;
     Z => ZI Round; l => Trivial lower; p => Trivial point; u => Trivial upper; z => Trivial zero

        Nodes      |    B&B Tree     |            Objective Bounds              |  Dynamic Constraints |       Work      
Src  Proc. InQueue |  Leaves   Expl. | BestBound       BestSol              Gap |   Cuts   InLp Confl. | LpIters     Time

 u       0       0         0   0.00%   -inf            665                Large        0      0      0         0     0.1s
 J       0       0         0   0.00%   -inf            664                Large        0      0      0         0     0.2s
 S       0       0         0   0.00%   0               33               100.00%        0      0      0         0     0.2s
 R       0       0         0 100.00%   31.77419355     32                 0.71%        0      0      0         6     0.2s
         1       0         1 100.00%   32              32                 0.00%        0      0      0         6     0.2s

Solving report
  Status            Optimal
  Primal bound      32
  Dual bound        32
  Gap               0% (tolerance: 0.01%)
  P-D integral      0.00495776544277
  Solution status   feasible
                    32 (objective)
                    0 (bound viol.)
                    0 (int. viol.)
                    0 (row viol.)
  Timing            0.17
  Max sub-MIP depth 0
  Nodes             1
  Repair LPs        0
  LP iterations     6
                    0 (strong br.)
                    0 (separation)
                    0 (heuristics)

dataFileName = detroit_10_30_30_5.txt_hard
solutionValue = 32.0
cpuTime = 0.2639470100402832
isFeasible = True
Solution is written in the following file:  ../Solutions_2026-01-22_19-58-12/solutions/detroit_10_30_30_5.txt_hard_V1_Z1.sol
