----------- ARGUMENTS -----------
Data file path = ../Data/hard/iles_2_30_30_2.txt_hard.txt
Problem version = 1
Number of zones = 1
Time limit = 300
Verbose output = False
Solver name = highs
Solution folder path = ../Solutions_2026-01-22_19-58-12/solutions
------------------------------------
Reading 2 species
Solver appsi_highs is available.
Running HiGHS 1.12.0 (git hash: 755a8e0): Copyright (c) 2025 HiGHS under MIT licence terms
MIP has 33 rows; 900 cols; 1769 nonzeros; 900 integer variables (900 binary)
Coefficient ranges:
  Matrix  [1e+00, 2e+02]
  Cost    [1e+00, 1e+00]
  Bound   [1e+00, 1e+00]
  RHS     [4e+02, 4e+02]
Presolving model
2 rows, 869 cols, 1738 nonzeros  0s
2 rows, 46 cols, 92 nonzeros  0s
2 rows, 46 cols, 92 nonzeros  0s
Presolve reductions: rows 2(-31); columns 46(-854); nonzeros 92(-1677) 
Objective function is integral with scale 1

Solving MIP model with:
   2 rows
   46 cols (10 binary, 36 integer, 0 implied int., 0 continuous, 0 domain fixed)
   92 nonzeros

Src: B => Branching; C => Central rounding; F => Feasibility pump; H => Heuristic;
     I => Shifting; J => Feasibility jump; L => Sub-MIP; P => Empty MIP; R => Randomized rounding;
     S => Solve LP; T => Evaluate node; U => Unbounded; X => User solution; Y => HiGHS solution;
     Z => ZI Round; l => Trivial lower; p => Trivial point; u => Trivial upper; z => Trivial zero

        Nodes      |    B&B Tree     |            Objective Bounds              |  Dynamic Constraints |       Work      
Src  Proc. InQueue |  Leaves   Expl. | BestBound       BestSol              Gap |   Cuts   InLp Confl. | LpIters     Time

 u       0       0         0   0.00%   -inf            869                Large        0      0      0         0     0.0s
 J       0       0         0   0.00%   -inf            827                Large        0      0      0         0     0.0s
 S       0       0         0   0.00%   0               26               100.00%        0      0      0         0     0.0s

84.8% inactive integer columns, restarting
Model after restart has 2 rows, 7 cols (1 bin., 6 int., 0 impl., 0 cont., 0 dom.fix.), and 14 nonzeros

         0       0         0   0.00%   24.82222222     26                 4.53%        0      0      0         2     0.0s
 R       0       0         0 100.00%   24.82222222     25                 0.71%        0      0      0         2     0.0s
         1       0         1 100.00%   25              25                 0.00%        0      0      0         2     0.0s

Solving report
  Status            Optimal
  Primal bound      25
  Dual bound        25
  Gap               0% (tolerance: 0.01%)
  P-D integral      0.000289361660297
  Solution status   feasible
                    25 (objective)
                    0 (bound viol.)
                    0 (int. viol.)
                    0 (row viol.)
  Timing            0.01
  Max sub-MIP depth 0
  Nodes             1
  Repair LPs        0
  LP iterations     2
                    0 (strong br.)
                    0 (separation)
                    0 (heuristics)

dataFileName = iles_2_30_30_2.txt_hard
solutionValue = 25.0
cpuTime = 0.02326035499572754
isFeasible = True
Solution is written in the following file:  ../Solutions_2026-01-22_19-58-12/solutions/iles_2_30_30_2.txt_hard_V1_Z1.sol
