----------- ARGUMENTS -----------
Data file path = ../Data/hard/iles_10_100_100_10.txt_hard.txt
Problem version = 1
Number of zones = 1
Time limit = 300
Verbose output = False
Solver name = highs
Solution folder path = ../Solutions_2026-01-22_19-58-12/solutions
------------------------------------
Reading 10 species
Solver appsi_highs is available.
Running HiGHS 1.12.0 (git hash: 755a8e0): Copyright (c) 2025 HiGHS under MIT licence terms
MIP has 250 rows; 10000 cols; 97840 nonzeros; 10000 integer variables (10000 binary)
Coefficient ranges:
  Matrix  [1e+00, 2e+02]
  Cost    [1e+00, 1e+00]
  Bound   [1e+00, 1e+00]
  RHS     [1e+02, 4e+02]
Presolving model
10 rows, 9760 cols, 97600 nonzeros  0s
10 rows, 9590 cols, 95900 nonzeros  10s
Presolve reductions: rows 10(-240); columns 9590(-410); nonzeros 95900(-1940) 
Objective function is integral with scale 1

Solving MIP model with:
   10 rows
   9590 cols (9542 binary, 48 integer, 0 implied int., 0 continuous, 0 domain fixed)
   95900 nonzeros

Src: B => Branching; C => Central rounding; F => Feasibility pump; H => Heuristic;
     I => Shifting; J => Feasibility jump; L => Sub-MIP; P => Empty MIP; R => Randomized rounding;
     S => Solve LP; T => Evaluate node; U => Unbounded; X => User solution; Y => HiGHS solution;
     Z => ZI Round; l => Trivial lower; p => Trivial point; u => Trivial upper; z => Trivial zero

        Nodes      |    B&B Tree     |            Objective Bounds              |  Dynamic Constraints |       Work      
Src  Proc. InQueue |  Leaves   Expl. | BestBound       BestSol              Gap |   Cuts   InLp Confl. | LpIters     Time

 u       0       0         0   0.00%   -inf            9760               Large        0      0      0         0    10.5s
 J       0       0         0   0.00%   -inf            9759               Large        0      0      0         0    10.5s
 S       0       0         0   0.00%   0               6                100.00%        0      0      0         0    10.6s
 R       0       0         0 100.00%   4.364492754     5                 12.71%        0      0      0         4    10.6s
         1       0         1 100.00%   5               5                  0.00%        0      0      0         4    10.6s

Solving report
  Status            Optimal
  Primal bound      5
  Dual bound        5
  Gap               0% (tolerance: 0.01%)
  P-D integral      0.0339799668017
  Solution status   feasible
                    5 (objective)
                    0 (bound viol.)
                    0 (int. viol.)
                    0 (row viol.)
  Timing            10.59
  Max sub-MIP depth 0
  Nodes             1
  Repair LPs        0
  LP iterations     4
                    0 (strong br.)
                    0 (separation)
                    0 (heuristics)

dataFileName = iles_10_100_100_10.txt_hard
solutionValue = 5.0
cpuTime = 11.012372493743896
isFeasible = True
Solution is written in the following file:  ../Solutions_2026-01-22_19-58-12/solutions/iles_10_100_100_10.txt_hard_V1_Z1.sol
