----------- ARGUMENTS -----------
Data file path = ../Data/hard/iles_5_500_500_7.txt_hard.txt
Problem version = 1
Number of zones = 1
Time limit = 300
Verbose output = False
Solver name = highs
Solution folder path = ../Solutions_2026-01-22_19-58-12/solutions
------------------------------------
Reading 5 species
Solver appsi_highs is available.
Running HiGHS 1.12.0 (git hash: 755a8e0): Copyright (c) 2025 HiGHS under MIT licence terms
MIP has 4033 rows; 250000 cols; 1233888 nonzeros; 250000 integer variables (250000 binary)
Coefficient ranges:
  Matrix  [1e+00, 2e+02]
  Cost    [1e+00, 1e+00]
  Bound   [1e+00, 1e+00]
  RHS     [4e+02, 4e+02]
Presolving model
5 rows, 245972 cols, 1229860 nonzeros  0s
5 rows, 3284 cols, 16420 nonzeros  1s
5 rows, 2205 cols, 11025 nonzeros  2s
Presolve reductions: rows 5(-4028); columns 2205(-247795); nonzeros 11025(-1222863) 
Objective function is integral with scale 1

Solving MIP model with:
   5 rows
   2205 cols (134 binary, 2071 integer, 0 implied int., 0 continuous, 0 domain fixed)
   11025 nonzeros

Src: B => Branching; C => Central rounding; F => Feasibility pump; H => Heuristic;
     I => Shifting; J => Feasibility jump; L => Sub-MIP; P => Empty MIP; R => Randomized rounding;
     S => Solve LP; T => Evaluate node; U => Unbounded; X => User solution; Y => HiGHS solution;
     Z => ZI Round; l => Trivial lower; p => Trivial point; u => Trivial upper; z => Trivial zero

        Nodes      |    B&B Tree     |            Objective Bounds              |  Dynamic Constraints |       Work      
Src  Proc. InQueue |  Leaves   Expl. | BestBound       BestSol              Gap |   Cuts   InLp Confl. | LpIters     Time

 u       0       0         0   0.00%   -inf            57083              Large        0      0      0         0     2.3s
 J       0       0         0   0.00%   -inf            57043              Large        0      0      0         0     2.4s
 S       0       0         0   0.00%   0               13               100.00%        0      0      0         0     2.4s
 R       0       0         0 100.00%   11.23938224     12                 6.34%        0      0      0         2     2.4s
         1       0         1 100.00%   12              12                 0.00%        0      0      0         2     2.4s

Solving report
  Status            Optimal
  Primal bound      12
  Dual bound        12
  Gap               0% (tolerance: 0.01%)
  P-D integral      0.0154159492212
  Solution status   feasible
                    12 (objective)
                    0 (bound viol.)
                    0 (int. viol.)
                    0 (row viol.)
  Timing            2.39
  Max sub-MIP depth 0
  Nodes             1
  Repair LPs        0
  LP iterations     2
                    0 (strong br.)
                    0 (separation)
                    0 (heuristics)

dataFileName = iles_5_500_500_7.txt_hard
solutionValue = 12.0
cpuTime = 10.487313032150269
isFeasible = True
Solution is written in the following file:  ../Solutions_2026-01-22_19-58-12/solutions/iles_5_500_500_7.txt_hard_V1_Z1.sol
