----------- ARGUMENTS -----------
Data file path = ../Data/hard/iles_5_30_30_10.txt_hard.txt
Problem version = 1
Number of zones = 1
Time limit = 300
Verbose output = False
Solver name = highs
Solution folder path = ../Solutions_2026-01-22_19-58-12/solutions
------------------------------------
Reading 5 species
Solver appsi_highs is available.
Running HiGHS 1.12.0 (git hash: 755a8e0): Copyright (c) 2025 HiGHS under MIT licence terms
MIP has 36 rows; 900 cols; 4376 nonzeros; 900 integer variables (900 binary)
Coefficient ranges:
  Matrix  [1e+00, 2e+02]
  Cost    [1e+00, 1e+00]
  Bound   [1e+00, 1e+00]
  RHS     [4e+02, 4e+02]
Presolving model
5 rows, 869 cols, 4345 nonzeros  0s
5 rows, 686 cols, 3430 nonzeros  0s
5 rows, 686 cols, 3430 nonzeros  0s
Presolve reductions: rows 5(-31); columns 686(-214); nonzeros 3430(-946) 
Objective function is integral with scale 1

Solving MIP model with:
   5 rows
   686 cols (575 binary, 111 integer, 0 implied int., 0 continuous, 0 domain fixed)
   3430 nonzeros

Src: B => Branching; C => Central rounding; F => Feasibility pump; H => Heuristic;
     I => Shifting; J => Feasibility jump; L => Sub-MIP; P => Empty MIP; R => Randomized rounding;
     S => Solve LP; T => Evaluate node; U => Unbounded; X => User solution; Y => HiGHS solution;
     Z => ZI Round; l => Trivial lower; p => Trivial point; u => Trivial upper; z => Trivial zero

        Nodes      |    B&B Tree     |            Objective Bounds              |  Dynamic Constraints |       Work      
Src  Proc. InQueue |  Leaves   Expl. | BestBound       BestSol              Gap |   Cuts   InLp Confl. | LpIters     Time

 u       0       0         0   0.00%   -inf            869                Large        0      0      0         0     0.1s
 J       0       0         0   0.00%   -inf            862                Large        0      0      0         0     0.1s
 S       0       0         0   0.00%   0               6                100.00%        0      0      0         0     0.1s

98.3% inactive integer columns, restarting
Model after restart has 5 rows, 12 cols (12 bin., 0 int., 0 impl., 0 cont., 0 dom.fix.), and 60 nonzeros

         0       0         0   0.00%   4.242189781     6                 29.30%        0      0      0         3     0.1s
         0       0         0   0.00%   4.242189781     6                 29.30%        0      0      2         3     0.1s
 H       0       0         0   0.00%   5               5                  0.00%      113     10      4        27     0.1s
         1       0         1 100.00%   5               5                  0.00%      113     10      5        27     0.1s

Solving report
  Status            Optimal
  Primal bound      5
  Dual bound        5
  Gap               0% (tolerance: 0.01%)
  P-D integral      0.00245179390266
  Solution status   feasible
                    5 (objective)
                    0 (bound viol.)
                    8.881784197e-16 (int. viol.)
                    0 (row viol.)
  Timing            0.10
  Max sub-MIP depth 0
  Nodes             1
  Repair LPs        0
  LP iterations     27
                    0 (strong br.)
                    24 (separation)
                    0 (heuristics)

dataFileName = iles_5_30_30_10.txt_hard
solutionValue = 4.999999999999999
cpuTime = 0.12227749824523926
isFeasible = True
Solution is written in the following file:  ../Solutions_2026-01-22_19-58-12/solutions/iles_5_30_30_10.txt_hard_V1_Z1.sol
