----------- ARGUMENTS -----------
Data file path = ../Data/hard/long_island_10_100_100_7.txt_hard.txt
Problem version = 1
Number of zones = 1
Time limit = 300
Verbose output = False
Solver name = highs
Solution folder path = ../Solutions_2026-01-22_19-58-12/solutions
------------------------------------
Reading 10 species
Solver appsi_highs is available.
Running HiGHS 1.12.0 (git hash: 755a8e0): Copyright (c) 2025 HiGHS under MIT licence terms
MIP has 274 rows; 10000 cols; 97624 nonzeros; 10000 integer variables (10000 binary)
Coefficient ranges:
  Matrix  [1e+00, 2e+02]
  Cost    [1e+00, 1e+00]
  Bound   [1e+00, 1e+00]
  RHS     [1e+02, 4e+02]
Presolving model
10 rows, 9736 cols, 97360 nonzeros  0s
10 rows, 9708 cols, 97080 nonzeros  10s
Presolve reductions: rows 10(-264); columns 9708(-292); nonzeros 97080(-544) 
Objective function is integral with scale 1

Solving MIP model with:
   10 rows
   9708 cols (9690 binary, 18 integer, 0 implied int., 0 continuous, 0 domain fixed)
   97080 nonzeros

Src: B => Branching; C => Central rounding; F => Feasibility pump; H => Heuristic;
     I => Shifting; J => Feasibility jump; L => Sub-MIP; P => Empty MIP; R => Randomized rounding;
     S => Solve LP; T => Evaluate node; U => Unbounded; X => User solution; Y => HiGHS solution;
     Z => ZI Round; l => Trivial lower; p => Trivial point; u => Trivial upper; z => Trivial zero

        Nodes      |    B&B Tree     |            Objective Bounds              |  Dynamic Constraints |       Work      
Src  Proc. InQueue |  Leaves   Expl. | BestBound       BestSol              Gap |   Cuts   InLp Confl. | LpIters     Time

 u       0       0         0   0.00%   -inf            9736               Large        0      0      0         0    10.0s
 J       0       0         0   0.00%   -inf            9735               Large        0      0      0         0    10.1s
 S       0       0         0   0.00%   0               9                100.00%        0      0      0         0    10.2s
         1       0         1 100.00%   8.733333333     9                  2.96%        0      0      0         1    10.2s

Solving report
  Status            Optimal
  Primal bound      9
  Dual bound        9
  Gap               0% (tolerance: 0.01%)
  P-D integral      0.0281277303342
  Solution status   feasible
                    9 (objective)
                    0 (bound viol.)
                    0 (int. viol.)
                    0 (row viol.)
  Timing            10.16
  Max sub-MIP depth 0
  Nodes             1
  Repair LPs        0
  LP iterations     1
                    0 (strong br.)
                    0 (separation)
                    0 (heuristics)

dataFileName = long_island_10_100_100_7.txt_hard
solutionValue = 9.0
cpuTime = 10.613073110580444
isFeasible = True
Solution is written in the following file:  ../Solutions_2026-01-22_19-58-12/solutions/long_island_10_100_100_7.txt_hard_V1_Z1.sol
