----------- ARGUMENTS -----------
Data file path = ../Data/hard/long_island_10_100_100_2.txt_hard.txt
Problem version = 1
Number of zones = 1
Time limit = 300
Verbose output = False
Solver name = highs
Solution folder path = ../Solutions_2026-01-22_19-58-12/solutions
------------------------------------
Reading 10 species
Solver appsi_highs is available.
Running HiGHS 1.12.0 (git hash: 755a8e0): Copyright (c) 2025 HiGHS under MIT licence terms
MIP has 274 rows; 10000 cols; 97624 nonzeros; 10000 integer variables (10000 binary)
Coefficient ranges:
  Matrix  [1e+00, 2e+02]
  Cost    [1e+00, 1e+00]
  Bound   [1e+00, 1e+00]
  RHS     [1e+02, 4e+02]
Presolving model
10 rows, 9736 cols, 97360 nonzeros  0s
10 rows, 9736 cols, 97360 nonzeros  10s
Presolve reductions: rows 10(-264); columns 9736(-264); nonzeros 97360(-264) 
Objective function is integral with scale 1

Solving MIP model with:
   10 rows
   9736 cols (9736 binary, 0 integer, 0 implied int., 0 continuous, 0 domain fixed)
   97360 nonzeros

Src: B => Branching; C => Central rounding; F => Feasibility pump; H => Heuristic;
     I => Shifting; J => Feasibility jump; L => Sub-MIP; P => Empty MIP; R => Randomized rounding;
     S => Solve LP; T => Evaluate node; U => Unbounded; X => User solution; Y => HiGHS solution;
     Z => ZI Round; l => Trivial lower; p => Trivial point; u => Trivial upper; z => Trivial zero

        Nodes      |    B&B Tree     |            Objective Bounds              |  Dynamic Constraints |       Work      
Src  Proc. InQueue |  Leaves   Expl. | BestBound       BestSol              Gap |   Cuts   InLp Confl. | LpIters     Time

 u       0       0         0   0.00%   -inf            9736               Large        0      0      0         0    10.1s
 J       0       0         0   0.00%   -inf            9735               Large        0      0      0         0    10.2s
 S       0       0         0   0.00%   0               64               100.00%        0      0      0         0    10.3s
 R       0       0         0   0.00%   61.66486989     63                 2.12%        0      0      0        15    10.3s

64.3% inactive integer columns, restarting
Model after restart has 6 rows, 2614 cols (1907 bin., 707 int., 0 impl., 0 cont., 0 dom.fix.), and 15684 nonzeros

         0       0         0   0.00%   61.66486989     63                 2.12%        0      0      0        15    11.2s
         0       0         0   0.00%   61.66486989     63                 2.12%        0      0      0        15    11.2s
 L       0       0         0   0.00%   61.68835243     62                 0.50%      289     19      0       141    11.7s
         1       0         1 100.00%   61.69207155     62                 0.50%      289     19      0       170    11.7s

Solving report
  Status            Optimal
  Primal bound      62
  Dual bound        62
  Gap               0% (tolerance: 0.01%)
  P-D integral      0.0611917943974
  Solution status   feasible
                    62 (objective)
                    0 (bound viol.)
                    0 (int. viol.)
                    0 (row viol.)
  Timing            11.74
  Max sub-MIP depth 6
  Nodes             1
  Repair LPs        0
  LP iterations     170
                    0 (strong br.)
                    126 (separation)
                    24 (heuristics)

dataFileName = long_island_10_100_100_2.txt_hard
solutionValue = 62.0
cpuTime = 12.175646543502808
isFeasible = True
Solution is written in the following file:  ../Solutions_2026-01-22_19-58-12/solutions/long_island_10_100_100_2.txt_hard_V1_Z1.sol
