----------- ARGUMENTS -----------
Data file path = ../Data/hard/long_island_5_500_500_7.txt_hard.txt
Problem version = 1
Number of zones = 1
Time limit = 300
Verbose output = False
Solver name = highs
Solution folder path = ../Solutions_2026-01-22_19-58-12/solutions
------------------------------------
Reading 5 species
Solver appsi_highs is available.
Running HiGHS 1.12.0 (git hash: 755a8e0): Copyright (c) 2025 HiGHS under MIT licence terms
MIP has 5221 rows; 250000 cols; 1229136 nonzeros; 250000 integer variables (250000 binary)
Coefficient ranges:
  Matrix  [1e+00, 2e+02]
  Cost    [1e+00, 1e+00]
  Bound   [1e+00, 1e+00]
  RHS     [4e+02, 4e+02]
Presolving model
5 rows, 244784 cols, 1223920 nonzeros  0s
5 rows, 3292 cols, 16460 nonzeros  0s
5 rows, 3292 cols, 16460 nonzeros  2s
Presolve reductions: rows 5(-5216); columns 3292(-246708); nonzeros 16460(-1212676) 
Objective function is integral with scale 1

Solving MIP model with:
   5 rows
   3292 cols (147 binary, 3145 integer, 0 implied int., 0 continuous, 0 domain fixed)
   16460 nonzeros

Src: B => Branching; C => Central rounding; F => Feasibility pump; H => Heuristic;
     I => Shifting; J => Feasibility jump; L => Sub-MIP; P => Empty MIP; R => Randomized rounding;
     S => Solve LP; T => Evaluate node; U => Unbounded; X => User solution; Y => HiGHS solution;
     Z => ZI Round; l => Trivial lower; p => Trivial point; u => Trivial upper; z => Trivial zero

        Nodes      |    B&B Tree     |            Objective Bounds              |  Dynamic Constraints |       Work      
Src  Proc. InQueue |  Leaves   Expl. | BestBound       BestSol              Gap |   Cuts   InLp Confl. | LpIters     Time

 u       0       0         0   0.00%   -inf            86080              Large        0      0      0         0     2.9s
 J       0       0         0   0.00%   -inf            86015              Large        0      0      0         0     2.9s
 S       0       0         0   0.00%   0               9                100.00%        0      0      0         0     2.9s
         1       0         1 100.00%   8.733333333     9                  2.96%        0      0      0         1     2.9s

Solving report
  Status            Optimal
  Primal bound      9
  Dual bound        9
  Gap               0% (tolerance: 0.01%)
  P-D integral      0.0136158272072
  Solution status   feasible
                    9 (objective)
                    0 (bound viol.)
                    0 (int. viol.)
                    0 (row viol.)
  Timing            2.89
  Max sub-MIP depth 0
  Nodes             1
  Repair LPs        0
  LP iterations     1
                    0 (strong br.)
                    0 (separation)
                    0 (heuristics)

dataFileName = long_island_5_500_500_7.txt_hard
solutionValue = 9.0
cpuTime = 10.489180088043213
isFeasible = True
Solution is written in the following file:  ../Solutions_2026-01-22_19-58-12/solutions/long_island_5_500_500_7.txt_hard_V1_Z1.sol
