----------- ARGUMENTS -----------
Data file path = ../Data/hard/long_island_5_100_100_7.txt_hard.txt
Problem version = 1
Number of zones = 1
Time limit = 300
Verbose output = False
Solver name = highs
Solution folder path = ../Solutions_2026-01-22_19-58-12/solutions
------------------------------------
Reading 5 species
Solver appsi_highs is available.
Running HiGHS 1.12.0 (git hash: 755a8e0): Copyright (c) 2025 HiGHS under MIT licence terms
MIP has 269 rows; 10000 cols; 48944 nonzeros; 10000 integer variables (10000 binary)
Coefficient ranges:
  Matrix  [1e+00, 2e+02]
  Cost    [1e+00, 1e+00]
  Bound   [1e+00, 1e+00]
  RHS     [4e+02, 4e+02]
Presolving model
5 rows, 9736 cols, 48680 nonzeros  0s
5 rows, 3131 cols, 15655 nonzeros  0s
5 rows, 3131 cols, 15655 nonzeros  1s
Presolve reductions: rows 5(-264); columns 3131(-6869); nonzeros 15655(-33289) 
Objective function is integral with scale 1

Solving MIP model with:
   5 rows
   3131 cols (603 binary, 2528 integer, 0 implied int., 0 continuous, 0 domain fixed)
   15655 nonzeros

Src: B => Branching; C => Central rounding; F => Feasibility pump; H => Heuristic;
     I => Shifting; J => Feasibility jump; L => Sub-MIP; P => Empty MIP; R => Randomized rounding;
     S => Solve LP; T => Evaluate node; U => Unbounded; X => User solution; Y => HiGHS solution;
     Z => ZI Round; l => Trivial lower; p => Trivial point; u => Trivial upper; z => Trivial zero

        Nodes      |    B&B Tree     |            Objective Bounds              |  Dynamic Constraints |       Work      
Src  Proc. InQueue |  Leaves   Expl. | BestBound       BestSol              Gap |   Cuts   InLp Confl. | LpIters     Time

 u       0       0         0   0.00%   -inf            9736               Large        0      0      0         0     1.6s
 J       0       0         0   0.00%   -inf            9725               Large        0      0      0         0     1.7s
 S       0       0         0   0.00%   0               9                100.00%        0      0      0         0     1.7s
         1       0         1 100.00%   8.733333333     9                  2.96%        0      0      0         4     1.7s

Solving report
  Status            Optimal
  Primal bound      9
  Dual bound        9
  Gap               0% (tolerance: 0.01%)
  P-D integral      0.0130995732767
  Solution status   feasible
                    9 (objective)
                    0 (bound viol.)
                    0 (int. viol.)
                    0 (row viol.)
  Timing            1.70
  Max sub-MIP depth 0
  Nodes             1
  Repair LPs        0
  LP iterations     4
                    0 (strong br.)
                    0 (separation)
                    0 (heuristics)

dataFileName = long_island_5_100_100_7.txt_hard
solutionValue = 9.0
cpuTime = 2.0787911415100098
isFeasible = True
Solution is written in the following file:  ../Solutions_2026-01-22_19-58-12/solutions/long_island_5_100_100_7.txt_hard_V1_Z1.sol
