----------- ARGUMENTS -----------
Data file path = ../Data/hard/long_island_5_100_100_2.txt_hard.txt
Problem version = 1
Number of zones = 1
Time limit = 300
Verbose output = False
Solver name = highs
Solution folder path = ../Solutions_2026-01-22_19-58-12/solutions
------------------------------------
Reading 5 species
Solver appsi_highs is available.
Running HiGHS 1.12.0 (git hash: 755a8e0): Copyright (c) 2025 HiGHS under MIT licence terms
MIP has 269 rows; 10000 cols; 48944 nonzeros; 10000 integer variables (10000 binary)
Coefficient ranges:
  Matrix  [1e+00, 2e+02]
  Cost    [1e+00, 1e+00]
  Bound   [1e+00, 1e+00]
  RHS     [4e+02, 4e+02]
Presolving model
5 rows, 9736 cols, 48680 nonzeros  0s
5 rows, 3065 cols, 15325 nonzeros  0s
5 rows, 3065 cols, 15325 nonzeros  1s
Presolve reductions: rows 5(-264); columns 3065(-6935); nonzeros 15325(-33619) 
Objective function is integral with scale 1

Solving MIP model with:
   5 rows
   3065 cols (537 binary, 2528 integer, 0 implied int., 0 continuous, 0 domain fixed)
   15325 nonzeros

Src: B => Branching; C => Central rounding; F => Feasibility pump; H => Heuristic;
     I => Shifting; J => Feasibility jump; L => Sub-MIP; P => Empty MIP; R => Randomized rounding;
     S => Solve LP; T => Evaluate node; U => Unbounded; X => User solution; Y => HiGHS solution;
     Z => ZI Round; l => Trivial lower; p => Trivial point; u => Trivial upper; z => Trivial zero

        Nodes      |    B&B Tree     |            Objective Bounds              |  Dynamic Constraints |       Work      
Src  Proc. InQueue |  Leaves   Expl. | BestBound       BestSol              Gap |   Cuts   InLp Confl. | LpIters     Time

 u       0       0         0   0.00%   -inf            9736               Large        0      0      0         0     1.9s
 J       0       0         0   0.00%   -inf            9725               Large        0      0      0         0     1.9s
 S       0       0         0   0.00%   0               63               100.00%        0      0      0         0     1.9s
 R       0       0         0   0.00%   60.83634513     62                 1.88%        0      0      0        11     2.0s

85.8% inactive integer columns, restarting
Model after restart has 5 rows, 434 cols (316 bin., 118 int., 0 impl., 0 cont., 0 dom.fix.), and 2170 nonzeros

         0       0         0   0.00%   60.83634513     62                 1.88%        0      0      0        11     2.0s
         0       0         0   0.00%   60.83634513     62                 1.88%        0      0      0        11     2.0s

18.2% inactive integer columns, restarting
Model after restart has 5 rows, 355 cols (250 bin., 105 int., 0 impl., 0 cont., 0 dom.fix.), and 1775 nonzeros

         0       0         0   0.00%   60.85360186     62                 1.85%        1      0      0        23     2.1s
         0       0         0   0.00%   60.85360186     62                 1.85%        1      1      0        27     2.1s
         1       0         1 100.00%   61.08891546     62                 1.47%       29      5      0        46     2.1s

Solving report
  Status            Optimal
  Primal bound      62
  Dual bound        62
  Gap               0% (tolerance: 0.01%)
  P-D integral      0.00965053937614
  Solution status   feasible
                    62 (objective)
                    0 (bound viol.)
                    0 (int. viol.)
                    0 (row viol.)
  Timing            2.07
  Max sub-MIP depth 1
  Nodes             1
  Repair LPs        0
  LP iterations     46
                    0 (strong br.)
                    22 (separation)
                    9 (heuristics)

dataFileName = long_island_5_100_100_2.txt_hard
solutionValue = 62.0
cpuTime = 2.362757921218872
isFeasible = True
Solution is written in the following file:  ../Solutions_2026-01-22_19-58-12/solutions/long_island_5_100_100_2.txt_hard_V1_Z1.sol
