----------- ARGUMENTS -----------
Data file path = ../Data/hard/peninsule_5_10_10_2.txt_hard.txt
Problem version = 1
Number of zones = 1
Time limit = 300
Verbose output = False
Solver name = highs
Solution folder path = ../Solutions_2026-01-22_19-58-12/solutions
------------------------------------
Reading 5 species
Solver appsi_highs is available.
Running HiGHS 1.12.0 (git hash: 755a8e0): Copyright (c) 2025 HiGHS under MIT licence terms
MIP has 23 rows; 100 cols; 428 nonzeros; 100 integer variables (100 binary)
Coefficient ranges:
  Matrix  [1e+00, 2e+02]
  Cost    [1e+00, 1e+00]
  Bound   [1e+00, 1e+00]
  RHS     [4e+02, 4e+02]
Presolving model
5 rows, 78 cols, 390 nonzeros  0s
5 rows, 75 cols, 375 nonzeros  0s
Presolve reductions: rows 5(-18); columns 75(-25); nonzeros 375(-53) 
Objective function is integral with scale 1

Solving MIP model with:
   5 rows
   75 cols (73 binary, 2 integer, 0 implied int., 0 continuous, 0 domain fixed)
   375 nonzeros

Src: B => Branching; C => Central rounding; F => Feasibility pump; H => Heuristic;
     I => Shifting; J => Feasibility jump; L => Sub-MIP; P => Empty MIP; R => Randomized rounding;
     S => Solve LP; T => Evaluate node; U => Unbounded; X => User solution; Y => HiGHS solution;
     Z => ZI Round; l => Trivial lower; p => Trivial point; u => Trivial upper; z => Trivial zero

        Nodes      |    B&B Tree     |            Objective Bounds              |  Dynamic Constraints |       Work      
Src  Proc. InQueue |  Leaves   Expl. | BestBound       BestSol              Gap |   Cuts   InLp Confl. | LpIters     Time

 u       0       0         0   0.00%   -inf            82                 Large        0      0      0         0     0.0s
 J       0       0         0   0.00%   -inf            80                 Large        0      0      0         0     0.0s
 S       0       0         0   0.00%   6               61                90.16%        0      0      0         0     0.0s

60.0% inactive integer columns, restarting
Model after restart has 4 rows, 30 cols (30 bin., 0 int., 0 impl., 0 cont., 0 dom.fix.), and 120 nonzeros

         0       0         0   0.00%   59.71428571     61                 2.11%        0      0      0         6     0.0s
 R       0       0         0   0.00%   59.71428571     60                 0.48%        0      0      0         6     0.0s
         1       0         1 100.00%   59.71428571     60                 0.48%        0      0      0         8     0.0s

Solving report
  Status            Optimal
  Primal bound      60
  Dual bound        60
  Gap               0% (tolerance: 0.01%)
  P-D integral      0.000362195022212
  Solution status   feasible
                    60 (objective)
                    0 (bound viol.)
                    0 (int. viol.)
                    0 (row viol.)
  Timing            0.01
  Max sub-MIP depth 0
  Nodes             1
  Repair LPs        0
  LP iterations     8
                    0 (strong br.)
                    0 (separation)
                    0 (heuristics)

dataFileName = peninsule_5_10_10_2.txt_hard
solutionValue = 60.0
cpuTime = 0.01252436637878418
isFeasible = True
Solution is written in the following file:  ../Solutions_2026-01-22_19-58-12/solutions/peninsule_5_10_10_2.txt_hard_V1_Z1.sol
