----------- ARGUMENTS -----------
Data file path = ../Data/hard/peninsule_5_30_30_5.txt_hard.txt
Problem version = 1
Number of zones = 1
Time limit = 300
Verbose output = False
Solver name = highs
Solution folder path = ../Solutions_2026-01-22_19-58-12/solutions
------------------------------------
Reading 5 species
Solver appsi_highs is available.
Running HiGHS 1.12.0 (git hash: 755a8e0): Copyright (c) 2025 HiGHS under MIT licence terms
MIP has 110 rows; 900 cols; 4080 nonzeros; 900 integer variables (900 binary)
Coefficient ranges:
  Matrix  [1e+00, 2e+02]
  Cost    [1e+00, 1e+00]
  Bound   [1e+00, 1e+00]
  RHS     [4e+02, 4e+02]
Presolving model
5 rows, 795 cols, 3975 nonzeros  0s
5 rows, 698 cols, 3490 nonzeros  0s
Presolve reductions: rows 5(-105); columns 698(-202); nonzeros 3490(-590) 
Objective function is integral with scale 1

Solving MIP model with:
   5 rows
   698 cols (613 binary, 85 integer, 0 implied int., 0 continuous, 0 domain fixed)
   3490 nonzeros

Src: B => Branching; C => Central rounding; F => Feasibility pump; H => Heuristic;
     I => Shifting; J => Feasibility jump; L => Sub-MIP; P => Empty MIP; R => Randomized rounding;
     S => Solve LP; T => Evaluate node; U => Unbounded; X => User solution; Y => HiGHS solution;
     Z => ZI Round; l => Trivial lower; p => Trivial point; u => Trivial upper; z => Trivial zero

        Nodes      |    B&B Tree     |            Objective Bounds              |  Dynamic Constraints |       Work      
Src  Proc. InQueue |  Leaves   Expl. | BestBound       BestSol              Gap |   Cuts   InLp Confl. | LpIters     Time

 u       0       0         0   0.00%   -inf            795                Large        0      0      0         0     0.1s
 J       0       0         0   0.00%   -inf            791                Large        0      0      0         0     0.1s
 S       0       0         0   0.00%   0               36               100.00%        0      0      0         0     0.1s
         1       0         1 100.00%   35.61594203     36                 1.07%        0      0      0         3     0.1s

Solving report
  Status            Optimal
  Primal bound      36
  Dual bound        36
  Gap               0% (tolerance: 0.01%)
  P-D integral      0.00181727641639
  Solution status   feasible
                    36 (objective)
                    0 (bound viol.)
                    0 (int. viol.)
                    0 (row viol.)
  Timing            0.11
  Max sub-MIP depth 0
  Nodes             1
  Repair LPs        0
  LP iterations     3
                    0 (strong br.)
                    0 (separation)
                    0 (heuristics)

dataFileName = peninsule_5_30_30_5.txt_hard
solutionValue = 36.0
cpuTime = 0.13747429847717285
isFeasible = True
Solution is written in the following file:  ../Solutions_2026-01-22_19-58-12/solutions/peninsule_5_30_30_5.txt_hard_V1_Z1.sol
