----------- ARGUMENTS -----------
Data file path = ../Data/hard/peninsule_5_100_100_5.txt_hard.txt
Problem version = 1
Number of zones = 1
Time limit = 300
Verbose output = False
Solver name = highs
Solution folder path = ../Solutions_2026-01-22_19-58-12/solutions
------------------------------------
Reading 5 species
Solver appsi_highs is available.
Running HiGHS 1.12.0 (git hash: 755a8e0): Copyright (c) 2025 HiGHS under MIT licence terms
MIP has 1004 rows; 10000 cols; 46004 nonzeros; 10000 integer variables (10000 binary)
Coefficient ranges:
  Matrix  [1e+00, 2e+02]
  Cost    [1e+00, 1e+00]
  Bound   [1e+00, 1e+00]
  RHS     [4e+02, 4e+02]
Presolving model
5 rows, 9001 cols, 45005 nonzeros  0s
5 rows, 3074 cols, 15370 nonzeros  0s
5 rows, 3074 cols, 15370 nonzeros  1s
Presolve reductions: rows 5(-999); columns 3074(-6926); nonzeros 15370(-30634) 
Objective function is integral with scale 1

Solving MIP model with:
   5 rows
   3074 cols (655 binary, 2419 integer, 0 implied int., 0 continuous, 0 domain fixed)
   15370 nonzeros

Src: B => Branching; C => Central rounding; F => Feasibility pump; H => Heuristic;
     I => Shifting; J => Feasibility jump; L => Sub-MIP; P => Empty MIP; R => Randomized rounding;
     S => Solve LP; T => Evaluate node; U => Unbounded; X => User solution; Y => HiGHS solution;
     Z => ZI Round; l => Trivial lower; p => Trivial point; u => Trivial upper; z => Trivial zero

        Nodes      |    B&B Tree     |            Objective Bounds              |  Dynamic Constraints |       Work      
Src  Proc. InQueue |  Leaves   Expl. | BestBound       BestSol              Gap |   Cuts   InLp Confl. | LpIters     Time

 u       0       0         0   0.00%   -inf            9001               Large        0      0      0         0     1.9s
 J       0       0         0   0.00%   -inf            8994               Large        0      0      0         0     1.9s
 S       0       0         0   0.00%   0               37               100.00%        0      0      0         0     1.9s
         1       0         1 100.00%   36.63043478     37                 1.00%        0      0      0         6     1.9s

Solving report
  Status            Optimal
  Primal bound      37
  Dual bound        37
  Gap               0% (tolerance: 0.01%)
  P-D integral      0.00693390470274
  Solution status   feasible
                    37 (objective)
                    0 (bound viol.)
                    0 (int. viol.)
                    0 (row viol.)
  Timing            1.89
  Max sub-MIP depth 0
  Nodes             1
  Repair LPs        0
  LP iterations     6
                    0 (strong br.)
                    0 (separation)
                    0 (heuristics)

dataFileName = peninsule_5_100_100_5.txt_hard
solutionValue = 37.0
cpuTime = 2.2224605083465576
isFeasible = True
Solution is written in the following file:  ../Solutions_2026-01-22_19-58-12/solutions/peninsule_5_100_100_5.txt_hard_V1_Z1.sol
