----------- ARGUMENTS -----------
Data file path = ../Data/hard/peninsule_10_30_30_5.txt_hard.txt
Problem version = 1
Number of zones = 1
Time limit = 300
Verbose output = False
Solver name = highs
Solution folder path = ../Solutions_2026-01-22_19-58-12/solutions
------------------------------------
Reading 10 species
Solver appsi_highs is available.
Running HiGHS 1.12.0 (git hash: 755a8e0): Copyright (c) 2025 HiGHS under MIT licence terms
MIP has 115 rows; 900 cols; 8055 nonzeros; 900 integer variables (900 binary)
Coefficient ranges:
  Matrix  [1e+00, 2e+02]
  Cost    [1e+00, 1e+00]
  Bound   [1e+00, 1e+00]
  RHS     [1e+02, 4e+02]
Presolving model
10 rows, 795 cols, 7950 nonzeros  0s
10 rows, 792 cols, 7920 nonzeros  0s
Presolve reductions: rows 10(-105); columns 792(-108); nonzeros 7920(-135) 
Objective function is integral with scale 1

Solving MIP model with:
   10 rows
   792 cols (789 binary, 3 integer, 0 implied int., 0 continuous, 0 domain fixed)
   7920 nonzeros

Src: B => Branching; C => Central rounding; F => Feasibility pump; H => Heuristic;
     I => Shifting; J => Feasibility jump; L => Sub-MIP; P => Empty MIP; R => Randomized rounding;
     S => Solve LP; T => Evaluate node; U => Unbounded; X => User solution; Y => HiGHS solution;
     Z => ZI Round; l => Trivial lower; p => Trivial point; u => Trivial upper; z => Trivial zero

        Nodes      |    B&B Tree     |            Objective Bounds              |  Dynamic Constraints |       Work      
Src  Proc. InQueue |  Leaves   Expl. | BestBound       BestSol              Gap |   Cuts   InLp Confl. | LpIters     Time

 u       0       0         0   0.00%   -inf            795                Large        0      0      0         0     0.1s
 J       0       0         0   0.00%   -inf            794                Large        0      0      0         0     0.1s
 S       0       0         0   0.00%   0               36               100.00%        0      0      0         0     0.1s
         1       0         1 100.00%   35.65217391     36                 0.97%        0      0      0         3     0.1s

Solving report
  Status            Optimal
  Primal bound      36
  Dual bound        36
  Gap               0% (tolerance: 0.01%)
  P-D integral      0.00226130116965
  Solution status   feasible
                    36 (objective)
                    0 (bound viol.)
                    0 (int. viol.)
                    0 (row viol.)
  Timing            0.09
  Max sub-MIP depth 0
  Nodes             1
  Repair LPs        0
  LP iterations     3
                    0 (strong br.)
                    0 (separation)
                    0 (heuristics)

dataFileName = peninsule_10_30_30_5.txt_hard
solutionValue = 36.0
cpuTime = 0.12112069129943848
isFeasible = True
Solution is written in the following file:  ../Solutions_2026-01-22_19-58-12/solutions/peninsule_10_30_30_5.txt_hard_V1_Z1.sol
