----------- ARGUMENTS -----------
Data file path = ../Data/hard/peninsule_10_100_100_5.txt_hard.txt
Problem version = 1
Number of zones = 1
Time limit = 300
Verbose output = False
Solver name = highs
Solution folder path = ../Solutions_2026-01-22_19-58-12/solutions
------------------------------------
Reading 10 species
Solver appsi_highs is available.
Running HiGHS 1.12.0 (git hash: 755a8e0): Copyright (c) 2025 HiGHS under MIT licence terms
MIP has 1009 rows; 10000 cols; 91009 nonzeros; 10000 integer variables (10000 binary)
Coefficient ranges:
  Matrix  [1e+00, 2e+02]
  Cost    [1e+00, 1e+00]
  Bound   [1e+00, 1e+00]
  RHS     [1e+02, 4e+02]
Presolving model
10 rows, 9001 cols, 90010 nonzeros  0s
10 rows, 8994 cols, 89940 nonzeros  9s
Presolve reductions: rows 10(-999); columns 8994(-1006); nonzeros 89940(-1069) 
Objective function is integral with scale 1

Solving MIP model with:
   10 rows
   8994 cols (8987 binary, 7 integer, 0 implied int., 0 continuous, 0 domain fixed)
   89940 nonzeros

Src: B => Branching; C => Central rounding; F => Feasibility pump; H => Heuristic;
     I => Shifting; J => Feasibility jump; L => Sub-MIP; P => Empty MIP; R => Randomized rounding;
     S => Solve LP; T => Evaluate node; U => Unbounded; X => User solution; Y => HiGHS solution;
     Z => ZI Round; l => Trivial lower; p => Trivial point; u => Trivial upper; z => Trivial zero

        Nodes      |    B&B Tree     |            Objective Bounds              |  Dynamic Constraints |       Work      
Src  Proc. InQueue |  Leaves   Expl. | BestBound       BestSol              Gap |   Cuts   InLp Confl. | LpIters     Time

 u       0       0         0   0.00%   -inf            9001               Large        0      0      0         0     9.7s
 J       0       0         0   0.00%   -inf            9000               Large        0      0      0         0     9.8s
 S       0       0         0   0.00%   0               38               100.00%        0      0      0         0     9.8s
 R       0       0         0   0.00%   36.8700361      37                 0.35%        0      0      0         3     9.9s
         1       0         1 100.00%   37              37                 0.00%        0      0      0         4     9.9s

Solving report
  Status            Optimal
  Primal bound      37
  Dual bound        37
  Gap               0% (tolerance: 0.01%)
  P-D integral      0.0302657970453
  Solution status   feasible
                    37 (objective)
                    0 (bound viol.)
                    0 (int. viol.)
                    0 (row viol.)
  Timing            9.87
  Max sub-MIP depth 0
  Nodes             1
  Repair LPs        0
  LP iterations     4
                    0 (strong br.)
                    0 (separation)
                    0 (heuristics)

dataFileName = peninsule_10_100_100_5.txt_hard
solutionValue = 37.0
cpuTime = 10.358882904052734
isFeasible = True
Solution is written in the following file:  ../Solutions_2026-01-22_19-58-12/solutions/peninsule_10_100_100_5.txt_hard_V1_Z1.sol
