----------- ARGUMENTS -----------
Data file path = ../Data/hard/peninsule_10_100_100_7.txt_hard.txt
Problem version = 1
Number of zones = 1
Time limit = 300
Verbose output = False
Solver name = highs
Solution folder path = ../Solutions_2026-01-22_19-58-12/solutions
------------------------------------
Reading 10 species
Solver appsi_highs is available.
Running HiGHS 1.12.0 (git hash: 755a8e0): Copyright (c) 2025 HiGHS under MIT licence terms
MIP has 1009 rows; 10000 cols; 91009 nonzeros; 10000 integer variables (10000 binary)
Coefficient ranges:
  Matrix  [1e+00, 2e+02]
  Cost    [1e+00, 1e+00]
  Bound   [1e+00, 1e+00]
  RHS     [1e+02, 4e+02]
Presolving model
10 rows, 9001 cols, 90010 nonzeros  0s
10 rows, 8979 cols, 89790 nonzeros  8s
Presolve reductions: rows 10(-999); columns 8979(-1021); nonzeros 89790(-1219) 
Objective function is integral with scale 1

Solving MIP model with:
   10 rows
   8979 cols (8963 binary, 16 integer, 0 implied int., 0 continuous, 0 domain fixed)
   89790 nonzeros

Src: B => Branching; C => Central rounding; F => Feasibility pump; H => Heuristic;
     I => Shifting; J => Feasibility jump; L => Sub-MIP; P => Empty MIP; R => Randomized rounding;
     S => Solve LP; T => Evaluate node; U => Unbounded; X => User solution; Y => HiGHS solution;
     Z => ZI Round; l => Trivial lower; p => Trivial point; u => Trivial upper; z => Trivial zero

        Nodes      |    B&B Tree     |            Objective Bounds              |  Dynamic Constraints |       Work      
Src  Proc. InQueue |  Leaves   Expl. | BestBound       BestSol              Gap |   Cuts   InLp Confl. | LpIters     Time

 u       0       0         0   0.00%   -inf            9001               Large        0      0      0         0     8.2s
 J       0       0         0   0.00%   -inf            9000               Large        0      0      0         0     8.3s
 S       0       0         0   0.00%   0               13               100.00%        0      0      0         0     8.3s

17.8% inactive integer columns, restarting
Model after restart has 2 rows, 32 cols (9 bin., 23 int., 0 impl., 0 cont., 0 dom.fix.), and 64 nonzeros

         0       0         0   0.00%   11.15057915     13                14.23%        0      0      0         2     8.4s
 R       0       0         0 100.00%   11.15057915     12                 7.08%        0      0      0         3     8.4s
         1       0         1 100.00%   12              12                 0.00%        0      0      0         3     8.4s

Solving report
  Status            Optimal
  Primal bound      12
  Dual bound        12
  Gap               0% (tolerance: 0.01%)
  P-D integral      0.0300762027387
  Solution status   feasible
                    12 (objective)
                    0 (bound viol.)
                    0 (int. viol.)
                    0 (row viol.)
  Timing            8.38
  Max sub-MIP depth 0
  Nodes             1
  Repair LPs        0
  LP iterations     3
                    0 (strong br.)
                    0 (separation)
                    0 (heuristics)

dataFileName = peninsule_10_100_100_7.txt_hard
solutionValue = 12.0
cpuTime = 8.846849918365479
isFeasible = True
Solution is written in the following file:  ../Solutions_2026-01-22_19-58-12/solutions/peninsule_10_100_100_7.txt_hard_V1_Z1.sol
