----------- ARGUMENTS -----------
Data file path = ../Data/hard/archipel_10_10_10_2.txt_hard.txt
Problem version = 21
Number of zones = 3
Time limit = 300
Verbose output = True
Solver name = highs
Solution folder path = Solutions_2026-01-22_22-05-22/solutions
------------------------------------
Reading 10 species
Solver appsi_highs is available.
Considering version 2 of the problem
Solving Version 2.1 with solver: appsi_highs
Running HiGHS 1.12.0 (git hash: 755a8e0): Copyright (c) 2025 HiGHS under MIT licence terms
MIP has 411 rows; 303 cols; 3672 nonzeros; 303 integer variables (303 binary)
Coefficient ranges:
  Matrix  [1e+00, 2e+02]
  Cost    [1e+00, 1e+00]
  Bound   [1e+00, 1e+00]
  RHS     [1e+00, 4e+02]
Presolving model
103 rows, 279 cols, 3069 nonzeros  0s
10 rows, 93 cols, 930 nonzeros  0s
Presolve: Infeasible

Src: B => Branching; C => Central rounding; F => Feasibility pump; H => Heuristic;
     I => Shifting; J => Feasibility jump; L => Sub-MIP; P => Empty MIP; R => Randomized rounding;
     S => Solve LP; T => Evaluate node; U => Unbounded; X => User solution; Y => HiGHS solution;
     Z => ZI Round; l => Trivial lower; p => Trivial point; u => Trivial upper; z => Trivial zero

        Nodes      |    B&B Tree     |            Objective Bounds              |  Dynamic Constraints |       Work      
Src  Proc. InQueue |  Leaves   Expl. | BestBound       BestSol              Gap |   Cuts   InLp Confl. | LpIters     Time

         0       0         0   0.00%   -inf            inf                  inf        0      0      0         0     0.0s

Solving report
  Status            Infeasible
  Primal bound      inf
  Dual bound        -inf
  Gap               inf
  P-D integral      0
  Solution status   -
  Timing            0.00
  Max sub-MIP depth 0
  Nodes             0
  Repair LPs        0
  LP iterations     0
Traceback (most recent call last):
  File "/home/gaya/Documents/ROAD/marineopt/Code/solver.py", line 124, in <module>
    solution = runMILPModelForVersion2_1(
               ^^^^^^^^^^^^^^^^^^^^^^^^^^
  File "/home/gaya/Documents/ROAD/marineopt/Code/models.py", line 245, in runMILPModelForVersion2_1
    results = solver.solve(model, tee=toPrint)
              ^^^^^^^^^^^^^^^^^^^^^^^^^^^^^^^^
  File "/home/gaya/Documents/ROAD/marineopt/myenv/lib/python3.12/site-packages/pyomo/contrib/appsi/base.py", line 1568, in solve
    results: Results = super(LegacySolverInterface, self).solve(model)
                       ^^^^^^^^^^^^^^^^^^^^^^^^^^^^^^^^^^^^^^^^^^^^^^^
  File "/home/gaya/Documents/ROAD/marineopt/myenv/lib/python3.12/site-packages/pyomo/contrib/appsi/solvers/highs.py", line 297, in solve
    res = self._solve(timer)
          ^^^^^^^^^^^^^^^^^^
  File "/home/gaya/Documents/ROAD/marineopt/myenv/lib/python3.12/site-packages/pyomo/contrib/appsi/solvers/highs.py", line 281, in _solve
    return self._postsolve(timer)
           ^^^^^^^^^^^^^^^^^^^^^^
  File "/home/gaya/Documents/ROAD/marineopt/myenv/lib/python3.12/site-packages/pyomo/contrib/appsi/solvers/highs.py", line 721, in _postsolve
    raise RuntimeError(
RuntimeError: A feasible solution was not found, so no solution can be loaded. If using the appsi.solvers.Highs interface, you can set opt.config.load_solution=False. If using the environ.SolverFactory interface, you can set opt.solve(model, load_solutions = False). Then you can check results.termination_condition and results.best_feasible_objective before loading a solution.
----------- ARGUMENTS -----------
Data file path = ../Data/hard/archipel_10_10_10_2.txt_hard.txt
Problem version = 21
Number of zones = 3
Time limit = 300
Verbose output = True
Solver name = highs
Solution folder path = Solutions_2026-01-22_22-05-22/solutions
------------------------------------
Reading 10 species
Solver appsi_highs is available.
Considering version 2 of the problem
Solving Version 2.1 with solver: appsi_highs
Running HiGHS 1.12.0 (git hash: 755a8e0): Copyright (c) 2025 HiGHS under MIT licence terms
MIP has 411 rows; 303 cols; 3672 nonzeros; 303 integer variables (303 binary)
Coefficient ranges:
  Matrix  [1e+00, 2e+02]
  Cost    [1e+00, 1e+00]
  Bound   [1e+00, 1e+00]
  RHS     [1e+00, 4e+02]
Presolving model
103 rows, 279 cols, 3069 nonzeros  0s
10 rows, 93 cols, 930 nonzeros  0s
Presolve: Infeasible

Src: B => Branching; C => Central rounding; F => Feasibility pump; H => Heuristic;
     I => Shifting; J => Feasibility jump; L => Sub-MIP; P => Empty MIP; R => Randomized rounding;
     S => Solve LP; T => Evaluate node; U => Unbounded; X => User solution; Y => HiGHS solution;
     Z => ZI Round; l => Trivial lower; p => Trivial point; u => Trivial upper; z => Trivial zero

        Nodes      |    B&B Tree     |            Objective Bounds              |  Dynamic Constraints |       Work      
Src  Proc. InQueue |  Leaves   Expl. | BestBound       BestSol              Gap |   Cuts   InLp Confl. | LpIters     Time

         0       0         0   0.00%   -inf            inf                  inf        0      0      0         0     0.0s

Solving report
  Status            Infeasible
  Primal bound      inf
  Dual bound        -inf
  Gap               inf
  P-D integral      0
  Solution status   -
  Timing            0.00
  Max sub-MIP depth 0
  Nodes             0
  Repair LPs        0
  LP iterations     0
