----------- ARGUMENTS -----------
Data file path = ../Data/hard/detroit_2_10_10_2.txt_hard.txt
Problem version = 21
Number of zones = 3
Time limit = 300
Verbose output = True
Solver name = highs
Solution folder path = Solutions_2026-01-22_22-05-22/solutions
------------------------------------
Reading 2 species
Solver appsi_highs is available.
Considering version 2 of the problem
Solving Version 2.1 with solver: appsi_highs
Running HiGHS 1.12.0 (git hash: 755a8e0): Copyright (c) 2025 HiGHS under MIT licence terms
MIP has 403 rows; 303 cols; 1260 nonzeros; 303 integer variables (303 binary)
Coefficient ranges:
  Matrix  [1e+00, 2e+02]
  Cost    [1e+00, 1e+00]
  Bound   [1e+00, 1e+00]
  RHS     [1e+00, 4e+02]
Presolving model
75 rows, 219 cols, 657 nonzeros  0s
2 rows, 73 cols, 146 nonzeros  0s
2 rows, 35 cols, 70 nonzeros  0s
1 rows, 15 cols, 15 nonzeros  0s
Presolve reductions: rows 1(-402); columns 15(-288); nonzeros 15(-1245) 
Objective function is integral with scale 1

Solving MIP model with:
   1 row
   15 cols (5 binary, 10 integer, 0 implied int., 0 continuous, 0 domain fixed)
   15 nonzeros

Src: B => Branching; C => Central rounding; F => Feasibility pump; H => Heuristic;
     I => Shifting; J => Feasibility jump; L => Sub-MIP; P => Empty MIP; R => Randomized rounding;
     S => Solve LP; T => Evaluate node; U => Unbounded; X => User solution; Y => HiGHS solution;
     Z => ZI Round; l => Trivial lower; p => Trivial point; u => Trivial upper; z => Trivial zero

        Nodes      |    B&B Tree     |            Objective Bounds              |  Dynamic Constraints |       Work      
Src  Proc. InQueue |  Leaves   Expl. | BestBound       BestSol              Gap |   Cuts   InLp Confl. | LpIters     Time

 u       0       0         0   0.00%   -inf            73                 Large        0      0      0         0     0.0s
 J       0       0         0   0.00%   -inf            68                 Large        0      0      0         0     0.0s
 T       0       0         0   0.00%   38              55                30.91%        0      0      0         0     0.0s
         1       0         1 100.00%   55              55                 0.00%        0      0      0         0     0.0s

Solving report
  Status            Optimal
  Primal bound      55
  Dual bound        55
  Gap               0% (tolerance: 0.01%)
  P-D integral      9.16284673354e-05
  Solution status   feasible
                    55 (objective)
                    0 (bound viol.)
                    0 (int. viol.)
                    0 (row viol.)
  Timing            0.01
  Max sub-MIP depth 0
  Nodes             1
  Repair LPs        0
  LP iterations     0
Status: ok
Solve time: 0.02s
Objective value: 55.0
Number of protected sectors: 55
Zone 2: [(0, 0), (0, 1), (0, 3), (0, 4), (0, 5), (0, 6), (0, 7), (0, 9), (1, 1), (1, 2), (1, 3), (1, 4), (1, 5), (1, 7), (1, 8), (2, 1), (2, 2), (2, 4), (2, 6), (2, 7), (2, 8), (2, 9), (3, 0), (3, 1), (3, 2), (3, 3), (3, 5), (3, 6), (3, 7), (3, 8), (3, 9), (4, 5), (5, 5), (6, 5), (7, 1), (7, 3), (7, 5), (7, 6), (7, 7), (7, 9), (8, 0), (8, 1), (8, 2), (8, 4), (8, 6), (8, 8), (8, 9), (9, 0), (9, 1), (9, 3), (9, 4), (9, 5), (9, 7), (9, 8), (9, 9)]

dataFileName = detroit_2_10_10_2.txt_hard
solutionValue = 55.0
cpuTime = 0.0218353271484375
[solutionValidator] Objective check skipped (sector values unavailable).
isFeasible = True
Solution is written in the following file:  Solutions_2026-01-22_22-05-22/solutions/detroit_2_10_10_2.txt_hard_V21_Z3.sol
----------- ARGUMENTS -----------
Data file path = ../Data/hard/detroit_2_10_10_2.txt_hard.txt
Problem version = 21
Number of zones = 3
Time limit = 300
Verbose output = True
Solver name = highs
Solution folder path = Solutions_2026-01-22_22-05-22/solutions
------------------------------------
Reading 2 species
Solver appsi_highs is available.
Considering version 2 of the problem
Solving Version 2.1 with solver: appsi_highs
Running HiGHS 1.12.0 (git hash: 755a8e0): Copyright (c) 2025 HiGHS under MIT licence terms
MIP has 403 rows; 303 cols; 1260 nonzeros; 303 integer variables (303 binary)
Coefficient ranges:
  Matrix  [1e+00, 2e+02]
  Cost    [1e+00, 1e+00]
  Bound   [1e+00, 1e+00]
  RHS     [1e+00, 4e+02]
Presolving model
75 rows, 219 cols, 657 nonzeros  0s
2 rows, 73 cols, 146 nonzeros  0s
2 rows, 35 cols, 70 nonzeros  0s
1 rows, 15 cols, 15 nonzeros  0s
Presolve reductions: rows 1(-402); columns 15(-288); nonzeros 15(-1245) 
Objective function is integral with scale 1

Solving MIP model with:
   1 row
   15 cols (5 binary, 10 integer, 0 implied int., 0 continuous, 0 domain fixed)
   15 nonzeros

Src: B => Branching; C => Central rounding; F => Feasibility pump; H => Heuristic;
     I => Shifting; J => Feasibility jump; L => Sub-MIP; P => Empty MIP; R => Randomized rounding;
     S => Solve LP; T => Evaluate node; U => Unbounded; X => User solution; Y => HiGHS solution;
     Z => ZI Round; l => Trivial lower; p => Trivial point; u => Trivial upper; z => Trivial zero

        Nodes      |    B&B Tree     |            Objective Bounds              |  Dynamic Constraints |       Work      
Src  Proc. InQueue |  Leaves   Expl. | BestBound       BestSol              Gap |   Cuts   InLp Confl. | LpIters     Time

 u       0       0         0   0.00%   -inf            73                 Large        0      0      0         0     0.0s
 J       0       0         0   0.00%   -inf            68                 Large        0      0      0         0     0.0s
 T       0       0         0   0.00%   38              55                30.91%        0      0      0         0     0.0s
         1       0         1 100.00%   55              55                 0.00%        0      0      0         0     0.0s

Solving report
  Status            Optimal
  Primal bound      55
  Dual bound        55
  Gap               0% (tolerance: 0.01%)
  P-D integral      9.16284673354e-05
  Solution status   feasible
                    55 (objective)
                    0 (bound viol.)
                    0 (int. viol.)
                    0 (row viol.)
  Timing            0.01
  Max sub-MIP depth 0
  Nodes             1
  Repair LPs        0
  LP iterations     0
Status: ok
Solve time: 0.02s
Objective value: 55.0
Number of protected sectors: 55
Zone 2: [(0, 0), (0, 1), (0, 3), (0, 4), (0, 5), (0, 6), (0, 7), (0, 9), (1, 1), (1, 2), (1, 3), (1, 4), (1, 5), (1, 7), (1, 8), (2, 1), (2, 2), (2, 4), (2, 6), (2, 7), (2, 8), (2, 9), (3, 0), (3, 1), (3, 2), (3, 3), (3, 5), (3, 6), (3, 7), (3, 8), (3, 9), (4, 5), (5, 5), (6, 5), (7, 1), (7, 3), (7, 5), (7, 6), (7, 7), (7, 9), (8, 0), (8, 1), (8, 2), (8, 4), (8, 6), (8, 8), (8, 9), (9, 0), (9, 1), (9, 3), (9, 4), (9, 5), (9, 7), (9, 8), (9, 9)]

dataFileName = detroit_2_10_10_2.txt_hard
solutionValue = 55.0
cpuTime = 0.0218353271484375
[solutionValidator] Objective check skipped (sector values unavailable).
isFeasible = True
Solution is written in the following file:  Solutions_2026-01-22_22-05-22/solutions/detroit_2_10_10_2.txt_hard_V21_Z3.sol
