----------- ARGUMENTS -----------
Data file path = ../Data/hard/iles_10_30_30_10.txt_hard.txt
Problem version = 21
Number of zones = 3
Time limit = 300
Verbose output = True
Solver name = highs
Solution folder path = Solutions_2026-01-22_22-05-22/solutions
------------------------------------
Reading 10 species
Solver appsi_highs is available.
Considering version 2 of the problem
Solving Version 2.1 with solver: appsi_highs
Running HiGHS 1.12.0 (git hash: 755a8e0): Copyright (c) 2025 HiGHS under MIT licence terms
MIP has 3611 rows; 2703 cols; 34080 nonzeros; 2703 integer variables (2703 binary)
Coefficient ranges:
  Matrix  [1e+00, 2e+02]
  Cost    [1e+00, 1e+00]
  Bound   [1e+00, 1e+00]
  RHS     [1e+00, 4e+02]
Presolving model
879 rows, 2607 cols, 28677 nonzeros  0s
10 rows, 869 cols, 8690 nonzeros  0s
10 rows, 757 cols, 7570 nonzeros  0s
Presolve reductions: rows 10(-3601); columns 757(-1946); nonzeros 7570(-26510) 
Objective function is integral with scale 1

Solving MIP model with:
   10 rows
   757 cols (704 binary, 53 integer, 0 implied int., 0 continuous, 0 domain fixed)
   7570 nonzeros

Src: B => Branching; C => Central rounding; F => Feasibility pump; H => Heuristic;
     I => Shifting; J => Feasibility jump; L => Sub-MIP; P => Empty MIP; R => Randomized rounding;
     S => Solve LP; T => Evaluate node; U => Unbounded; X => User solution; Y => HiGHS solution;
     Z => ZI Round; l => Trivial lower; p => Trivial point; u => Trivial upper; z => Trivial zero

        Nodes      |    B&B Tree     |            Objective Bounds              |  Dynamic Constraints |       Work      
Src  Proc. InQueue |  Leaves   Expl. | BestBound       BestSol              Gap |   Cuts   InLp Confl. | LpIters     Time

 u       0       0         0   0.00%   -inf            869                Large        0      0      0         0     0.2s
 J       0       0         0   0.00%   -inf            863                Large        0      0      0         0     0.2s
 S       0       0         0   0.00%   0               6                100.00%        0      0      0         0     0.2s

98.4% inactive integer columns, restarting
Model after restart has 6 rows, 12 cols (12 bin., 0 int., 0 impl., 0 cont., 0 dom.fix.), and 70 nonzeros

         0       0         0   0.00%   4.242189781     6                 29.30%        0      0      0         7     0.2s
         0       0         0   0.00%   4.242189781     6                 29.30%        0      0      2         7     0.2s
 H       0       0         0   0.00%   5               5                  0.00%      179     11      4        31     0.2s
         1       0         1 100.00%   5               5                  0.00%      179     11      5        35     0.2s

Solving report
  Status            Optimal
  Primal bound      5
  Dual bound        5
  Gap               0% (tolerance: 0.01%)
  P-D integral      0.00515164611865
  Solution status   feasible
                    5 (objective)
                    0 (bound viol.)
                    4.21884749358e-15 (int. viol.)
                    0 (row viol.)
  Timing            0.21
  Max sub-MIP depth 0
  Nodes             1
  Repair LPs        0
  LP iterations     35
                    0 (strong br.)
                    24 (separation)
                    4 (heuristics)
Status: ok
Solve time: 0.33s
Objective value: 5.0000000000000036
Number of protected sectors: 5
Zone 2: [(4, 4), (15, 15), (24, 1), (24, 9), (28, 28)]

dataFileName = iles_10_30_30_10.txt_hard
solutionValue = 5.0000000000000036
cpuTime = 0.40863847732543945
[solutionValidator] Objective check skipped (sector values unavailable).
isFeasible = True
Solution is written in the following file:  Solutions_2026-01-22_22-05-22/solutions/iles_10_30_30_10.txt_hard_V21_Z3.sol
----------- ARGUMENTS -----------
Data file path = ../Data/hard/iles_10_30_30_10.txt_hard.txt
Problem version = 21
Number of zones = 3
Time limit = 300
Verbose output = True
Solver name = highs
Solution folder path = Solutions_2026-01-22_22-05-22/solutions
------------------------------------
Reading 10 species
Solver appsi_highs is available.
Considering version 2 of the problem
Solving Version 2.1 with solver: appsi_highs
Running HiGHS 1.12.0 (git hash: 755a8e0): Copyright (c) 2025 HiGHS under MIT licence terms
MIP has 3611 rows; 2703 cols; 34080 nonzeros; 2703 integer variables (2703 binary)
Coefficient ranges:
  Matrix  [1e+00, 2e+02]
  Cost    [1e+00, 1e+00]
  Bound   [1e+00, 1e+00]
  RHS     [1e+00, 4e+02]
Presolving model
879 rows, 2607 cols, 28677 nonzeros  0s
10 rows, 869 cols, 8690 nonzeros  0s
10 rows, 757 cols, 7570 nonzeros  0s
Presolve reductions: rows 10(-3601); columns 757(-1946); nonzeros 7570(-26510) 
Objective function is integral with scale 1

Solving MIP model with:
   10 rows
   757 cols (704 binary, 53 integer, 0 implied int., 0 continuous, 0 domain fixed)
   7570 nonzeros

Src: B => Branching; C => Central rounding; F => Feasibility pump; H => Heuristic;
     I => Shifting; J => Feasibility jump; L => Sub-MIP; P => Empty MIP; R => Randomized rounding;
     S => Solve LP; T => Evaluate node; U => Unbounded; X => User solution; Y => HiGHS solution;
     Z => ZI Round; l => Trivial lower; p => Trivial point; u => Trivial upper; z => Trivial zero

        Nodes      |    B&B Tree     |            Objective Bounds              |  Dynamic Constraints |       Work      
Src  Proc. InQueue |  Leaves   Expl. | BestBound       BestSol              Gap |   Cuts   InLp Confl. | LpIters     Time

 u       0       0         0   0.00%   -inf            869                Large        0      0      0         0     0.2s
 J       0       0         0   0.00%   -inf            863                Large        0      0      0         0     0.2s
 S       0       0         0   0.00%   0               6                100.00%        0      0      0         0     0.2s

98.4% inactive integer columns, restarting
Model after restart has 6 rows, 12 cols (12 bin., 0 int., 0 impl., 0 cont., 0 dom.fix.), and 70 nonzeros

         0       0         0   0.00%   4.242189781     6                 29.30%        0      0      0         7     0.2s
         0       0         0   0.00%   4.242189781     6                 29.30%        0      0      2         7     0.2s
 H       0       0         0   0.00%   5               5                  0.00%      179     11      4        31     0.2s
         1       0         1 100.00%   5               5                  0.00%      179     11      5        35     0.2s

Solving report
  Status            Optimal
  Primal bound      5
  Dual bound        5
  Gap               0% (tolerance: 0.01%)
  P-D integral      0.00515164611865
  Solution status   feasible
                    5 (objective)
                    0 (bound viol.)
                    4.21884749358e-15 (int. viol.)
                    0 (row viol.)
  Timing            0.21
  Max sub-MIP depth 0
  Nodes             1
  Repair LPs        0
  LP iterations     35
                    0 (strong br.)
                    24 (separation)
                    4 (heuristics)
Status: ok
Solve time: 0.33s
Objective value: 5.0000000000000036
Number of protected sectors: 5
Zone 2: [(4, 4), (15, 15), (24, 1), (24, 9), (28, 28)]

dataFileName = iles_10_30_30_10.txt_hard
solutionValue = 5.0000000000000036
cpuTime = 0.40863847732543945
[solutionValidator] Objective check skipped (sector values unavailable).
isFeasible = True
Solution is written in the following file:  Solutions_2026-01-22_22-05-22/solutions/iles_10_30_30_10.txt_hard_V21_Z3.sol
