----------- ARGUMENTS -----------
Data file path = ../Data/hard/iles_2_10_10_10.txt_hard.txt
Problem version = 21
Number of zones = 3
Time limit = 300
Verbose output = True
Solver name = highs
Solution folder path = Solutions_2026-01-22_22-05-22/solutions
------------------------------------
Reading 2 species
Solver appsi_highs is available.
Considering version 2 of the problem
Solving Version 2.1 with solver: appsi_highs
Running HiGHS 1.12.0 (git hash: 755a8e0): Copyright (c) 2025 HiGHS under MIT licence terms
MIP has 403 rows; 303 cols; 1431 nonzeros; 303 integer variables (303 binary)
Coefficient ranges:
  Matrix  [1e+00, 2e+02]
  Cost    [1e+00, 1e+00]
  Bound   [1e+00, 1e+00]
  RHS     [1e+00, 4e+02]
Presolving model
94 rows, 276 cols, 828 nonzeros  0s
2 rows, 92 cols, 184 nonzeros  0s
2 rows, 60 cols, 120 nonzeros  0s
2 rows, 60 cols, 120 nonzeros  0s
Presolve reductions: rows 2(-401); columns 60(-243); nonzeros 120(-1311) 
Objective function is integral with scale 1

Solving MIP model with:
   2 rows
   60 cols (39 binary, 21 integer, 0 implied int., 0 continuous, 0 domain fixed)
   120 nonzeros

Src: B => Branching; C => Central rounding; F => Feasibility pump; H => Heuristic;
     I => Shifting; J => Feasibility jump; L => Sub-MIP; P => Empty MIP; R => Randomized rounding;
     S => Solve LP; T => Evaluate node; U => Unbounded; X => User solution; Y => HiGHS solution;
     Z => ZI Round; l => Trivial lower; p => Trivial point; u => Trivial upper; z => Trivial zero

        Nodes      |    B&B Tree     |            Objective Bounds              |  Dynamic Constraints |       Work      
Src  Proc. InQueue |  Leaves   Expl. | BestBound       BestSol              Gap |   Cuts   InLp Confl. | LpIters     Time

 u       0       0         0   0.00%   -inf            92                 Large        0      0      0         0     0.0s
 J       0       0         0   0.00%   -inf            87                 Large        0      0      0         0     0.0s
 S       0       0         0   0.00%   0               3                100.00%        0      0      0         0     0.0s
         1       0         1 100.00%   2.493421053     3                 16.89%        0      0      0         3     0.0s

Solving report
  Status            Optimal
  Primal bound      3
  Dual bound        3
  Gap               0% (tolerance: 0.01%)
  P-D integral      0.000273627670188
  Solution status   feasible
                    3 (objective)
                    0 (bound viol.)
                    0 (int. viol.)
                    0 (row viol.)
  Timing            0.01
  Max sub-MIP depth 0
  Nodes             1
  Repair LPs        0
  LP iterations     3
                    0 (strong br.)
                    0 (separation)
                    0 (heuristics)
Status: ok
Solve time: 0.02s
Objective value: 3.0
Number of protected sectors: 3
Zone 2: [(5, 5), (7, 1), (9, 8)]

dataFileName = iles_2_10_10_10.txt_hard
solutionValue = 3.0
cpuTime = 0.021024465560913086
[solutionValidator] Objective check skipped (sector values unavailable).
isFeasible = True
Solution is written in the following file:  Solutions_2026-01-22_22-05-22/solutions/iles_2_10_10_10.txt_hard_V21_Z3.sol
----------- ARGUMENTS -----------
Data file path = ../Data/hard/iles_2_10_10_10.txt_hard.txt
Problem version = 21
Number of zones = 3
Time limit = 300
Verbose output = True
Solver name = highs
Solution folder path = Solutions_2026-01-22_22-05-22/solutions
------------------------------------
Reading 2 species
Solver appsi_highs is available.
Considering version 2 of the problem
Solving Version 2.1 with solver: appsi_highs
Running HiGHS 1.12.0 (git hash: 755a8e0): Copyright (c) 2025 HiGHS under MIT licence terms
MIP has 403 rows; 303 cols; 1431 nonzeros; 303 integer variables (303 binary)
Coefficient ranges:
  Matrix  [1e+00, 2e+02]
  Cost    [1e+00, 1e+00]
  Bound   [1e+00, 1e+00]
  RHS     [1e+00, 4e+02]
Presolving model
94 rows, 276 cols, 828 nonzeros  0s
2 rows, 92 cols, 184 nonzeros  0s
2 rows, 60 cols, 120 nonzeros  0s
2 rows, 60 cols, 120 nonzeros  0s
Presolve reductions: rows 2(-401); columns 60(-243); nonzeros 120(-1311) 
Objective function is integral with scale 1

Solving MIP model with:
   2 rows
   60 cols (39 binary, 21 integer, 0 implied int., 0 continuous, 0 domain fixed)
   120 nonzeros

Src: B => Branching; C => Central rounding; F => Feasibility pump; H => Heuristic;
     I => Shifting; J => Feasibility jump; L => Sub-MIP; P => Empty MIP; R => Randomized rounding;
     S => Solve LP; T => Evaluate node; U => Unbounded; X => User solution; Y => HiGHS solution;
     Z => ZI Round; l => Trivial lower; p => Trivial point; u => Trivial upper; z => Trivial zero

        Nodes      |    B&B Tree     |            Objective Bounds              |  Dynamic Constraints |       Work      
Src  Proc. InQueue |  Leaves   Expl. | BestBound       BestSol              Gap |   Cuts   InLp Confl. | LpIters     Time

 u       0       0         0   0.00%   -inf            92                 Large        0      0      0         0     0.0s
 J       0       0         0   0.00%   -inf            87                 Large        0      0      0         0     0.0s
 S       0       0         0   0.00%   0               3                100.00%        0      0      0         0     0.0s
         1       0         1 100.00%   2.493421053     3                 16.89%        0      0      0         3     0.0s

Solving report
  Status            Optimal
  Primal bound      3
  Dual bound        3
  Gap               0% (tolerance: 0.01%)
  P-D integral      0.000273627670188
  Solution status   feasible
                    3 (objective)
                    0 (bound viol.)
                    0 (int. viol.)
                    0 (row viol.)
  Timing            0.01
  Max sub-MIP depth 0
  Nodes             1
  Repair LPs        0
  LP iterations     3
                    0 (strong br.)
                    0 (separation)
                    0 (heuristics)
Status: ok
Solve time: 0.02s
Objective value: 3.0
Number of protected sectors: 3
Zone 2: [(5, 5), (7, 1), (9, 8)]

dataFileName = iles_2_10_10_10.txt_hard
solutionValue = 3.0
cpuTime = 0.021024465560913086
[solutionValidator] Objective check skipped (sector values unavailable).
isFeasible = True
Solution is written in the following file:  Solutions_2026-01-22_22-05-22/solutions/iles_2_10_10_10.txt_hard_V21_Z3.sol
