----------- ARGUMENTS -----------
Data file path = ../Data/hard/long_island_5_500_500_7.txt_hard.txt
Problem version = 21
Number of zones = 3
Time limit = 300
Verbose output = True
Solver name = highs
Solution folder path = Solutions_2026-01-22_22-05-22/solutions
------------------------------------
Reading 5 species
Solver appsi_highs is available.
Considering version 2 of the problem
Solving Version 2.1 with solver: appsi_highs
Running HiGHS 1.12.0 (git hash: 755a8e0): Copyright (c) 2025 HiGHS under MIT licence terms
MIP has 1000006 rows; 750003 cols; 5906115 nonzeros; 750003 integer variables (750003 binary)
Coefficient ranges:
  Matrix  [1e+00, 2e+02]
  Cost    [1e+00, 1e+00]
  Bound   [1e+00, 1e+00]
  RHS     [1e+00, 4e+02]
Presolving model
244789 rows, 734352 cols, 4406112 nonzeros  3s
5 rows, 244784 cols, 1223920 nonzeros  5s
5 rows, 3292 cols, 16460 nonzeros  6s
5 rows, 3292 cols, 16460 nonzeros  8s
Presolve reductions: rows 5(-1000001); columns 3292(-746711); nonzeros 16460(-5889655) 
Objective function is integral with scale 1

Solving MIP model with:
   5 rows
   3292 cols (147 binary, 3145 integer, 0 implied int., 0 continuous, 0 domain fixed)
   16460 nonzeros

Src: B => Branching; C => Central rounding; F => Feasibility pump; H => Heuristic;
     I => Shifting; J => Feasibility jump; L => Sub-MIP; P => Empty MIP; R => Randomized rounding;
     S => Solve LP; T => Evaluate node; U => Unbounded; X => User solution; Y => HiGHS solution;
     Z => ZI Round; l => Trivial lower; p => Trivial point; u => Trivial upper; z => Trivial zero

        Nodes      |    B&B Tree     |            Objective Bounds              |  Dynamic Constraints |       Work      
Src  Proc. InQueue |  Leaves   Expl. | BestBound       BestSol              Gap |   Cuts   InLp Confl. | LpIters     Time

 u       0       0         0   0.00%   -inf            86080              Large        0      0      0         0     8.5s
 J       0       0         0   0.00%   -inf            86015              Large        0      0      0         0     8.5s
 S       0       0         0   0.00%   0               9                100.00%        0      0      0         0     8.6s
         1       0         1 100.00%   8.733333333     9                  2.96%        0      0      0         1     8.6s

Solving report
  Status            Optimal
  Primal bound      9
  Dual bound        9
  Gap               0% (tolerance: 0.01%)
  P-D integral      0.043415901396
  Solution status   feasible
                    9 (objective)
                    0 (bound viol.)
                    0 (int. viol.)
                    0 (row viol.)
  Timing            8.58
  Max sub-MIP depth 0
  Nodes             1
  Repair LPs        0
  LP iterations     1
                    0 (strong br.)
                    0 (separation)
                    0 (heuristics)
Status: ok
Solve time: 42.57s
Objective value: 9.0
Number of protected sectors: 9
Zone 2: [(25, 475), (75, 75), (125, 400), (250, 300), (375, 75), (399, 25), (400, 25), (401, 25), (450, 400)]

dataFileName = long_island_5_500_500_7.txt_hard
solutionValue = 9.0
cpuTime = 57.23770189285278
[solutionValidator] Objective check skipped (sector values unavailable).
isFeasible = True
Solution is written in the following file:  Solutions_2026-01-22_22-05-22/solutions/long_island_5_500_500_7.txt_hard_V21_Z3.sol
----------- ARGUMENTS -----------
Data file path = ../Data/hard/long_island_5_500_500_7.txt_hard.txt
Problem version = 21
Number of zones = 3
Time limit = 300
Verbose output = True
Solver name = highs
Solution folder path = Solutions_2026-01-22_22-05-22/solutions
------------------------------------
Reading 5 species
Solver appsi_highs is available.
Considering version 2 of the problem
Solving Version 2.1 with solver: appsi_highs
Running HiGHS 1.12.0 (git hash: 755a8e0): Copyright (c) 2025 HiGHS under MIT licence terms
MIP has 1000006 rows; 750003 cols; 5906115 nonzeros; 750003 integer variables (750003 binary)
Coefficient ranges:
  Matrix  [1e+00, 2e+02]
  Cost    [1e+00, 1e+00]
  Bound   [1e+00, 1e+00]
  RHS     [1e+00, 4e+02]
Presolving model
244789 rows, 734352 cols, 4406112 nonzeros  3s
5 rows, 244784 cols, 1223920 nonzeros  5s
5 rows, 3292 cols, 16460 nonzeros  6s
5 rows, 3292 cols, 16460 nonzeros  8s
Presolve reductions: rows 5(-1000001); columns 3292(-746711); nonzeros 16460(-5889655) 
Objective function is integral with scale 1

Solving MIP model with:
   5 rows
   3292 cols (147 binary, 3145 integer, 0 implied int., 0 continuous, 0 domain fixed)
   16460 nonzeros

Src: B => Branching; C => Central rounding; F => Feasibility pump; H => Heuristic;
     I => Shifting; J => Feasibility jump; L => Sub-MIP; P => Empty MIP; R => Randomized rounding;
     S => Solve LP; T => Evaluate node; U => Unbounded; X => User solution; Y => HiGHS solution;
     Z => ZI Round; l => Trivial lower; p => Trivial point; u => Trivial upper; z => Trivial zero

        Nodes      |    B&B Tree     |            Objective Bounds              |  Dynamic Constraints |       Work      
Src  Proc. InQueue |  Leaves   Expl. | BestBound       BestSol              Gap |   Cuts   InLp Confl. | LpIters     Time

 u       0       0         0   0.00%   -inf            86080              Large        0      0      0         0     8.5s
 J       0       0         0   0.00%   -inf            86015              Large        0      0      0         0     8.5s
 S       0       0         0   0.00%   0               9                100.00%        0      0      0         0     8.6s
         1       0         1 100.00%   8.733333333     9                  2.96%        0      0      0         1     8.6s

Solving report
  Status            Optimal
  Primal bound      9
  Dual bound        9
  Gap               0% (tolerance: 0.01%)
  P-D integral      0.043415901396
  Solution status   feasible
                    9 (objective)
                    0 (bound viol.)
                    0 (int. viol.)
                    0 (row viol.)
  Timing            8.58
  Max sub-MIP depth 0
  Nodes             1
  Repair LPs        0
  LP iterations     1
                    0 (strong br.)
                    0 (separation)
                    0 (heuristics)
Status: ok
Solve time: 42.57s
Objective value: 9.0
Number of protected sectors: 9
Zone 2: [(25, 475), (75, 75), (125, 400), (250, 300), (375, 75), (399, 25), (400, 25), (401, 25), (450, 400)]

dataFileName = long_island_5_500_500_7.txt_hard
solutionValue = 9.0
cpuTime = 57.23770189285278
[solutionValidator] Objective check skipped (sector values unavailable).
isFeasible = True
Solution is written in the following file:  Solutions_2026-01-22_22-05-22/solutions/long_island_5_500_500_7.txt_hard_V21_Z3.sol
