----------- ARGUMENTS -----------
Data file path = ../Data/hard/peninsule_2_10_10_2.txt_hard.txt
Problem version = 21
Number of zones = 3
Time limit = 300
Verbose output = True
Solver name = highs
Solution folder path = Solutions_2026-01-22_22-05-22/solutions
------------------------------------
Reading 2 species
Solver appsi_highs is available.
Considering version 2 of the problem
Solving Version 2.1 with solver: appsi_highs
Running HiGHS 1.12.0 (git hash: 755a8e0): Copyright (c) 2025 HiGHS under MIT licence terms
MIP has 403 rows; 303 cols; 1341 nonzeros; 303 integer variables (303 binary)
Coefficient ranges:
  Matrix  [1e+00, 2e+02]
  Cost    [1e+00, 1e+00]
  Bound   [1e+00, 1e+00]
  RHS     [1e+00, 4e+02]
Presolving model
84 rows, 246 cols, 738 nonzeros  0s
2 rows, 82 cols, 164 nonzeros  0s
2 rows, 35 cols, 70 nonzeros  0s
2 rows, 34 cols, 68 nonzeros  0s
Presolve reductions: rows 2(-401); columns 34(-269); nonzeros 68(-1273) 
Objective function is integral with scale 1

Solving MIP model with:
   2 rows
   34 cols (15 binary, 19 integer, 0 implied int., 0 continuous, 0 domain fixed)
   68 nonzeros

Src: B => Branching; C => Central rounding; F => Feasibility pump; H => Heuristic;
     I => Shifting; J => Feasibility jump; L => Sub-MIP; P => Empty MIP; R => Randomized rounding;
     S => Solve LP; T => Evaluate node; U => Unbounded; X => User solution; Y => HiGHS solution;
     Z => ZI Round; l => Trivial lower; p => Trivial point; u => Trivial upper; z => Trivial zero

        Nodes      |    B&B Tree     |            Objective Bounds              |  Dynamic Constraints |       Work      
Src  Proc. InQueue |  Leaves   Expl. | BestBound       BestSol              Gap |   Cuts   InLp Confl. | LpIters     Time

 u       0       0         0   0.00%   -inf            82                 Large        0      0      0         0     0.0s
 J       0       0         0   0.00%   -inf            77                 Large        0      0      0         0     0.0s
 T       0       0         0   0.00%   6               60                90.00%        0      0      0         2     0.0s
         1       0         1 100.00%   60              60                 0.00%        0      0      0         2     0.0s

Solving report
  Status            Optimal
  Primal bound      60
  Dual bound        60
  Gap               0% (tolerance: 0.01%)
  P-D integral      0.000199891684891
  Solution status   feasible
                    60 (objective)
                    0 (bound viol.)
                    0 (int. viol.)
                    0 (row viol.)
  Timing            0.00
  Max sub-MIP depth 0
  Nodes             1
  Repair LPs        0
  LP iterations     2
                    0 (strong br.)
                    0 (separation)
                    0 (heuristics)
Status: ok
Solve time: 0.02s
Objective value: 60.0
Number of protected sectors: 60
Zone 2: [(0, 5), (0, 7), (0, 8), (0, 9), (1, 5), (1, 6), (1, 7), (1, 8), (1, 9), (2, 6), (2, 7), (2, 8), (2, 9), (3, 0), (3, 1), (3, 5), (3, 7), (3, 8), (3, 9), (4, 0), (4, 1), (4, 4), (4, 6), (4, 7), (4, 8), (5, 0), (5, 1), (5, 2), (5, 3), (5, 4), (5, 7), (5, 8), (6, 1), (6, 4), (6, 6), (6, 8), (6, 9), (7, 0), (7, 2), (7, 3), (7, 4), (7, 5), (7, 6), (7, 7), (7, 8), (7, 9), (8, 0), (8, 2), (8, 3), (8, 4), (8, 6), (9, 0), (9, 1), (9, 2), (9, 4), (9, 5), (9, 6), (9, 7), (9, 8), (9, 9)]

dataFileName = peninsule_2_10_10_2.txt_hard
solutionValue = 60.0
cpuTime = 0.020148277282714844
[solutionValidator] Objective check skipped (sector values unavailable).
isFeasible = True
Solution is written in the following file:  Solutions_2026-01-22_22-05-22/solutions/peninsule_2_10_10_2.txt_hard_V21_Z3.sol
----------- ARGUMENTS -----------
Data file path = ../Data/hard/peninsule_2_10_10_2.txt_hard.txt
Problem version = 21
Number of zones = 3
Time limit = 300
Verbose output = True
Solver name = highs
Solution folder path = Solutions_2026-01-22_22-05-22/solutions
------------------------------------
Reading 2 species
Solver appsi_highs is available.
Considering version 2 of the problem
Solving Version 2.1 with solver: appsi_highs
Running HiGHS 1.12.0 (git hash: 755a8e0): Copyright (c) 2025 HiGHS under MIT licence terms
MIP has 403 rows; 303 cols; 1341 nonzeros; 303 integer variables (303 binary)
Coefficient ranges:
  Matrix  [1e+00, 2e+02]
  Cost    [1e+00, 1e+00]
  Bound   [1e+00, 1e+00]
  RHS     [1e+00, 4e+02]
Presolving model
84 rows, 246 cols, 738 nonzeros  0s
2 rows, 82 cols, 164 nonzeros  0s
2 rows, 35 cols, 70 nonzeros  0s
2 rows, 34 cols, 68 nonzeros  0s
Presolve reductions: rows 2(-401); columns 34(-269); nonzeros 68(-1273) 
Objective function is integral with scale 1

Solving MIP model with:
   2 rows
   34 cols (15 binary, 19 integer, 0 implied int., 0 continuous, 0 domain fixed)
   68 nonzeros

Src: B => Branching; C => Central rounding; F => Feasibility pump; H => Heuristic;
     I => Shifting; J => Feasibility jump; L => Sub-MIP; P => Empty MIP; R => Randomized rounding;
     S => Solve LP; T => Evaluate node; U => Unbounded; X => User solution; Y => HiGHS solution;
     Z => ZI Round; l => Trivial lower; p => Trivial point; u => Trivial upper; z => Trivial zero

        Nodes      |    B&B Tree     |            Objective Bounds              |  Dynamic Constraints |       Work      
Src  Proc. InQueue |  Leaves   Expl. | BestBound       BestSol              Gap |   Cuts   InLp Confl. | LpIters     Time

 u       0       0         0   0.00%   -inf            82                 Large        0      0      0         0     0.0s
 J       0       0         0   0.00%   -inf            77                 Large        0      0      0         0     0.0s
 T       0       0         0   0.00%   6               60                90.00%        0      0      0         2     0.0s
         1       0         1 100.00%   60              60                 0.00%        0      0      0         2     0.0s

Solving report
  Status            Optimal
  Primal bound      60
  Dual bound        60
  Gap               0% (tolerance: 0.01%)
  P-D integral      0.000199891684891
  Solution status   feasible
                    60 (objective)
                    0 (bound viol.)
                    0 (int. viol.)
                    0 (row viol.)
  Timing            0.00
  Max sub-MIP depth 0
  Nodes             1
  Repair LPs        0
  LP iterations     2
                    0 (strong br.)
                    0 (separation)
                    0 (heuristics)
Status: ok
Solve time: 0.02s
Objective value: 60.0
Number of protected sectors: 60
Zone 2: [(0, 5), (0, 7), (0, 8), (0, 9), (1, 5), (1, 6), (1, 7), (1, 8), (1, 9), (2, 6), (2, 7), (2, 8), (2, 9), (3, 0), (3, 1), (3, 5), (3, 7), (3, 8), (3, 9), (4, 0), (4, 1), (4, 4), (4, 6), (4, 7), (4, 8), (5, 0), (5, 1), (5, 2), (5, 3), (5, 4), (5, 7), (5, 8), (6, 1), (6, 4), (6, 6), (6, 8), (6, 9), (7, 0), (7, 2), (7, 3), (7, 4), (7, 5), (7, 6), (7, 7), (7, 8), (7, 9), (8, 0), (8, 2), (8, 3), (8, 4), (8, 6), (9, 0), (9, 1), (9, 2), (9, 4), (9, 5), (9, 6), (9, 7), (9, 8), (9, 9)]

dataFileName = peninsule_2_10_10_2.txt_hard
solutionValue = 60.0
cpuTime = 0.020148277282714844
[solutionValidator] Objective check skipped (sector values unavailable).
isFeasible = True
Solution is written in the following file:  Solutions_2026-01-22_22-05-22/solutions/peninsule_2_10_10_2.txt_hard_V21_Z3.sol
