----------- ARGUMENTS -----------
Data file path = ../Data/standard/archipel_2_500_500_7.txt
Problem version = 1
Number of zones = 1
Time limit = 300
Verbose output = False
Solver name = highs
Solution folder path = ../Solutions_2026-01-22_19-51-57/solutions
------------------------------------
Reading 2 species
Solver appsi_highs is available.
Running HiGHS 1.12.0 (git hash: 755a8e0): Copyright (c) 2025 HiGHS under MIT licence terms
MIP has 2004 rows; 250000 cols; 2370 nonzeros; 250000 integer variables (250000 binary)
Coefficient ranges:
  Matrix  [1e+00, 2e+02]
  Cost    [1e+00, 1e+00]
  Bound   [1e+00, 1e+00]
  RHS     [4e+02, 4e+02]
Presolving model
2 rows, 289 cols, 368 nonzeros  0s
2 rows, 21 cols, 33 nonzeros  0s
2 rows, 15 cols, 27 nonzeros  0s
Presolve reductions: rows 2(-2002); columns 15(-249985); nonzeros 27(-2343) 
Objective function is integral with scale 1

Solving MIP model with:
   2 rows
   15 cols (3 binary, 12 integer, 0 implied int., 0 continuous, 0 domain fixed)
   27 nonzeros

Src: B => Branching; C => Central rounding; F => Feasibility pump; H => Heuristic;
     I => Shifting; J => Feasibility jump; L => Sub-MIP; P => Empty MIP; R => Randomized rounding;
     S => Solve LP; T => Evaluate node; U => Unbounded; X => User solution; Y => HiGHS solution;
     Z => ZI Round; l => Trivial lower; p => Trivial point; u => Trivial upper; z => Trivial zero

        Nodes      |    B&B Tree     |            Objective Bounds              |  Dynamic Constraints |       Work      
Src  Proc. InQueue |  Leaves   Expl. | BestBound       BestSol              Gap |   Cuts   InLp Confl. | LpIters     Time

 u       0       0         0   0.00%   -inf            103                Large        0      0      0         0     0.1s
 J       0       0         0   0.00%   -inf            83                 Large        0      0      0         0     0.1s
 S       0       0         0   0.00%   0               4                100.00%        0      0      0         0     0.1s
         1       0         1 100.00%   3.273333333     4                 18.17%        0      0      0         2     0.1s

Solving report
  Status            Optimal
  Primal bound      4
  Dual bound        4
  Gap               0% (tolerance: 0.01%)
  P-D integral      0.00583515842756
  Solution status   feasible
                    4 (objective)
                    0 (bound viol.)
                    0 (int. viol.)
                    0 (row viol.)
  Timing            0.14
  Max sub-MIP depth 0
  Nodes             1
  Repair LPs        0
  LP iterations     2
                    0 (strong br.)
                    0 (separation)
                    0 (heuristics)

dataFileName = archipel_2_500_500_7
solutionValue = 4.0
cpuTime = 6.5911712646484375
isFeasible = True
Solution is written in the following file:  ../Solutions_2026-01-22_19-51-57/solutions/archipel_2_500_500_7_V1_Z1.sol
