----------- ARGUMENTS -----------
Data file path = ../Data/standard/archipel_10_100_100_5.txt
Problem version = 1
Number of zones = 1
Time limit = 300
Verbose output = False
Solver name = highs
Solution folder path = ../Solutions_2026-01-22_19-51-57/solutions
------------------------------------
Reading 10 species
Solver appsi_highs is available.
Running HiGHS 1.12.0 (git hash: 755a8e0): Copyright (c) 2025 HiGHS under MIT licence terms
MIP has 133 rows; 10000 cols; 2327 nonzeros; 10000 integer variables (10000 binary)
Coefficient ranges:
  Matrix  [1e+00, 2e+02]
  Cost    [1e+00, 1e+00]
  Bound   [1e+00, 1e+00]
  RHS     [1e+02, 4e+02]
Presolving model
10 rows, 1173 cols, 2204 nonzeros  0s
10 rows, 57 cols, 215 nonzeros  0s
10 rows, 56 cols, 214 nonzeros  0s
Presolve reductions: rows 10(-123); columns 56(-9944); nonzeros 214(-2113) 
Objective function is integral with scale 1

Solving MIP model with:
   10 rows
   56 cols (11 binary, 45 integer, 0 implied int., 0 continuous, 0 domain fixed)
   214 nonzeros

Src: B => Branching; C => Central rounding; F => Feasibility pump; H => Heuristic;
     I => Shifting; J => Feasibility jump; L => Sub-MIP; P => Empty MIP; R => Randomized rounding;
     S => Solve LP; T => Evaluate node; U => Unbounded; X => User solution; Y => HiGHS solution;
     Z => ZI Round; l => Trivial lower; p => Trivial point; u => Trivial upper; z => Trivial zero

        Nodes      |    B&B Tree     |            Objective Bounds              |  Dynamic Constraints |       Work      
Src  Proc. InQueue |  Leaves   Expl. | BestBound       BestSol              Gap |   Cuts   InLp Confl. | LpIters     Time

 u       0       0         0   0.00%   -inf            540                Large        0      0      0         0     0.0s
 J       0       0         0   0.00%   -inf            486                Large        0      0      0         0     0.0s
 S       0       0         0   0.00%   0               38               100.00%        0      0      0         0     0.0s

82.1% inactive integer columns, restarting
Model after restart has 2 rows, 9 cols (4 bin., 5 int., 0 impl., 0 cont., 0 dom.fix.), and 12 nonzeros

         0       0         0   0.00%   36.65           38                 3.55%        0      0      0         3     0.0s
         0       0         0   0.00%   36.65           38                 3.55%        0      0      2         3     0.0s
 S       0       0         0 100.00%   36.65           37                 0.95%        4      1      2         3     0.0s
         1       0         1 100.00%   37              37                 0.00%        4      1      2         5     0.0s

Solving report
  Status            Optimal
  Primal bound      37
  Dual bound        37
  Gap               0% (tolerance: 0.01%)
  P-D integral      0.000899108070059
  Solution status   feasible
                    37 (objective)
                    0 (bound viol.)
                    0 (int. viol.)
                    0 (row viol.)
  Timing            0.05
  Max sub-MIP depth 0
  Nodes             1
  Repair LPs        0
  LP iterations     5
                    0 (strong br.)
                    2 (separation)
                    0 (heuristics)

dataFileName = archipel_10_100_100_5
solutionValue = 37.0
cpuTime = 0.7935783863067627
isFeasible = True
Solution is written in the following file:  ../Solutions_2026-01-22_19-51-57/solutions/archipel_10_100_100_5_V1_Z1.sol
