----------- ARGUMENTS -----------
Data file path = ../Data/standard/detroit_2_500_500_7.txt
Problem version = 1
Number of zones = 1
Time limit = 300
Verbose output = False
Solver name = highs
Solution folder path = ../Solutions_2026-01-22_19-51-57/solutions
------------------------------------
Reading 2 species
Solver appsi_highs is available.
Running HiGHS 1.12.0 (git hash: 755a8e0): Copyright (c) 2025 HiGHS under MIT licence terms
MIP has 62343 rows; 250000 cols; 62658 nonzeros; 250000 integer variables (250000 binary)
Coefficient ranges:
  Matrix  [1e+00, 2e+02]
  Cost    [1e+00, 1e+00]
  Bound   [1e+00, 1e+00]
  RHS     [4e+02, 4e+02]
Presolving model
2 rows, 263 cols, 317 nonzeros  0s
2 rows, 20 cols, 31 nonzeros  0s
2 rows, 14 cols, 25 nonzeros  0s
Presolve reductions: rows 2(-62341); columns 14(-249986); nonzeros 25(-62633) 
Objective function is integral with scale 1

Solving MIP model with:
   2 rows
   14 cols (3 binary, 11 integer, 0 implied int., 0 continuous, 0 domain fixed)
   25 nonzeros

Src: B => Branching; C => Central rounding; F => Feasibility pump; H => Heuristic;
     I => Shifting; J => Feasibility jump; L => Sub-MIP; P => Empty MIP; R => Randomized rounding;
     S => Solve LP; T => Evaluate node; U => Unbounded; X => User solution; Y => HiGHS solution;
     Z => ZI Round; l => Trivial lower; p => Trivial point; u => Trivial upper; z => Trivial zero

        Nodes      |    B&B Tree     |            Objective Bounds              |  Dynamic Constraints |       Work      
Src  Proc. InQueue |  Leaves   Expl. | BestBound       BestSol              Gap |   Cuts   InLp Confl. | LpIters     Time

 u       0       0         0   0.00%   -inf            67                 Large        0      0      0         0     0.2s
 J       0       0         0   0.00%   -inf            55                 Large        0      0      0         0     0.2s
 S       0       0         0   0.00%   0               4                100.00%        0      0      0         0     0.2s
         1       0         1 100.00%   3.333333333     4                 16.67%        0      0      0         2     0.2s

Solving report
  Status            Optimal
  Primal bound      4
  Dual bound        4
  Gap               0% (tolerance: 0.01%)
  P-D integral      0.00704614321391
  Solution status   feasible
                    4 (objective)
                    0 (bound viol.)
                    0 (int. viol.)
                    0 (row viol.)
  Timing            0.17
  Max sub-MIP depth 0
  Nodes             1
  Repair LPs        0
  LP iterations     2
                    0 (strong br.)
                    0 (separation)
                    0 (heuristics)

dataFileName = detroit_2_500_500_7
solutionValue = 4.0
cpuTime = 9.048443794250488
isFeasible = True
Solution is written in the following file:  ../Solutions_2026-01-22_19-51-57/solutions/detroit_2_500_500_7_V1_Z1.sol
