----------- ARGUMENTS -----------
Data file path = ../Data/standard/detroit_5_10_10_5.txt
Problem version = 1
Number of zones = 1
Time limit = 300
Verbose output = False
Solver name = highs
Solution folder path = ../Solutions_2026-01-22_19-51-57/solutions
------------------------------------
Reading 5 species
Solver appsi_highs is available.
Running HiGHS 1.12.0 (git hash: 755a8e0): Copyright (c) 2025 HiGHS under MIT licence terms
MIP has 32 rows; 100 cols; 304 nonzeros; 100 integer variables (100 binary)
Coefficient ranges:
  Matrix  [1e+00, 2e+02]
  Cost    [1e+00, 1e+00]
  Bound   [1e+00, 1e+00]
  RHS     [4e+02, 4e+02]
Presolving model
5 rows, 73 cols, 277 nonzeros  0s
5 rows, 64 cols, 239 nonzeros  0s
Presolve reductions: rows 5(-27); columns 64(-36); nonzeros 239(-65) 
Objective function is integral with scale 1

Solving MIP model with:
   5 rows
   64 cols (58 binary, 6 integer, 0 implied int., 0 continuous, 0 domain fixed)
   239 nonzeros

Src: B => Branching; C => Central rounding; F => Feasibility pump; H => Heuristic;
     I => Shifting; J => Feasibility jump; L => Sub-MIP; P => Empty MIP; R => Randomized rounding;
     S => Solve LP; T => Evaluate node; U => Unbounded; X => User solution; Y => HiGHS solution;
     Z => ZI Round; l => Trivial lower; p => Trivial point; u => Trivial upper; z => Trivial zero

        Nodes      |    B&B Tree     |            Objective Bounds              |  Dynamic Constraints |       Work      
Src  Proc. InQueue |  Leaves   Expl. | BestBound       BestSol              Gap |   Cuts   InLp Confl. | LpIters     Time

 u       0       0         0   0.00%   -inf            73                 Large        0      0      0         0     0.0s
 J       0       0         0   0.00%   -inf            70                 Large        0      0      0         0     0.0s
 S       0       0         0   0.00%   2               22                90.91%        0      0      0         0     0.0s
         1       0         1 100.00%   21.26153846     22                 3.36%        0      0      0         3     0.0s

Solving report
  Status            Optimal
  Primal bound      22
  Dual bound        22
  Gap               0% (tolerance: 0.01%)
  P-D integral      0.000351376490636
  Solution status   feasible
                    22 (objective)
                    0 (bound viol.)
                    0 (int. viol.)
                    0 (row viol.)
  Timing            0.00
  Max sub-MIP depth 0
  Nodes             1
  Repair LPs        0
  LP iterations     3
                    0 (strong br.)
                    0 (separation)
                    0 (heuristics)

dataFileName = detroit_5_10_10_5
solutionValue = 22.0
cpuTime = 0.010532855987548828
isFeasible = True
Solution is written in the following file:  ../Solutions_2026-01-22_19-51-57/solutions/detroit_5_10_10_5_V1_Z1.sol
