----------- ARGUMENTS -----------
Data file path = ../Data/standard/iles_5_100_100_5.txt
Problem version = 1
Number of zones = 1
Time limit = 300
Verbose output = False
Solver name = highs
Solution folder path = ../Solutions_2026-01-22_19-51-57/solutions
------------------------------------
Reading 5 species
Solver appsi_highs is available.
Running HiGHS 1.12.0 (git hash: 755a8e0): Copyright (c) 2025 HiGHS under MIT licence terms
MIP has 245 rows; 10000 cols; 1760 nonzeros; 10000 integer variables (10000 binary)
Coefficient ranges:
  Matrix  [1e+00, 2e+02]
  Cost    [1e+00, 1e+00]
  Bound   [1e+00, 1e+00]
  RHS     [4e+02, 4e+02]
Presolving model
5 rows, 1175 cols, 1520 nonzeros  0s
5 rows, 56 cols, 110 nonzeros  0s
5 rows, 55 cols, 109 nonzeros  0s
Presolve reductions: rows 5(-240); columns 55(-9945); nonzeros 109(-1651) 
Objective function is integral with scale 1

Solving MIP model with:
   5 rows
   55 cols (11 binary, 44 integer, 0 implied int., 0 continuous, 0 domain fixed)
   109 nonzeros

Src: B => Branching; C => Central rounding; F => Feasibility pump; H => Heuristic;
     I => Shifting; J => Feasibility jump; L => Sub-MIP; P => Empty MIP; R => Randomized rounding;
     S => Solve LP; T => Evaluate node; U => Unbounded; X => User solution; Y => HiGHS solution;
     Z => ZI Round; l => Trivial lower; p => Trivial point; u => Trivial upper; z => Trivial zero

        Nodes      |    B&B Tree     |            Objective Bounds              |  Dynamic Constraints |       Work      
Src  Proc. InQueue |  Leaves   Expl. | BestBound       BestSol              Gap |   Cuts   InLp Confl. | LpIters     Time

 u       0       0         0   0.00%   -inf            539                Large        0      0      0         0     0.0s
 J       0       0         0   0.00%   -inf            485                Large        0      0      0         0     0.0s
 S       0       0         0   0.00%   0               41               100.00%        0      0      0         0     0.0s
         1       0         1 100.00%   40.625          41                 0.91%        0      0      0         3     0.0s

Solving report
  Status            Optimal
  Primal bound      41
  Dual bound        41
  Gap               0% (tolerance: 0.01%)
  P-D integral      0.000817836057849
  Solution status   feasible
                    41 (objective)
                    0 (bound viol.)
                    0 (int. viol.)
                    0 (row viol.)
  Timing            0.04
  Max sub-MIP depth 0
  Nodes             1
  Repair LPs        0
  LP iterations     3
                    0 (strong br.)
                    0 (separation)
                    0 (heuristics)

dataFileName = iles_5_100_100_5
solutionValue = 41.0
cpuTime = 0.41202378273010254
isFeasible = True
Solution is written in the following file:  ../Solutions_2026-01-22_19-51-57/solutions/iles_5_100_100_5_V1_Z1.sol
