----------- ARGUMENTS -----------
Data file path = ../Data/standard/peninsule_10_500_500_7.txt
Problem version = 1
Number of zones = 1
Time limit = 300
Verbose output = False
Solver name = highs
Solution folder path = ../Solutions_2026-01-22_19-51-57/solutions
------------------------------------
Reading 10 species
Solver appsi_highs is available.
Running HiGHS 1.12.0 (git hash: 755a8e0): Copyright (c) 2025 HiGHS under MIT licence terms
MIP has 23437 rows; 250000 cols; 26066 nonzeros; 250000 integer variables (250000 binary)
Coefficient ranges:
  Matrix  [1e+00, 2e+02]
  Cost    [1e+00, 1e+00]
  Bound   [1e+00, 1e+00]
  RHS     [1e+02, 4e+02]
Presolving model
10 rows, 1344 cols, 2639 nonzeros  0s
10 rows, 53 cols, 254 nonzeros  0s
10 rows, 52 cols, 253 nonzeros  0s
Presolve reductions: rows 10(-23427); columns 52(-249948); nonzeros 253(-25813) 
Objective function is integral with scale 1

Solving MIP model with:
   10 rows
   52 cols (10 binary, 42 integer, 0 implied int., 0 continuous, 0 domain fixed)
   253 nonzeros

Src: B => Branching; C => Central rounding; F => Feasibility pump; H => Heuristic;
     I => Shifting; J => Feasibility jump; L => Sub-MIP; P => Empty MIP; R => Randomized rounding;
     S => Solve LP; T => Evaluate node; U => Unbounded; X => User solution; Y => HiGHS solution;
     Z => ZI Round; l => Trivial lower; p => Trivial point; u => Trivial upper; z => Trivial zero

        Nodes      |    B&B Tree     |            Objective Bounds              |  Dynamic Constraints |       Work      
Src  Proc. InQueue |  Leaves   Expl. | BestBound       BestSol              Gap |   Cuts   InLp Confl. | LpIters     Time

 u       0       0         0   0.00%   -inf            540                Large        0      0      0         0     0.1s
 J       0       0         0   0.00%   -inf            486                Large        0      0      0         0     0.1s
 S       0       0         0   0.00%   0               12               100.00%        0      0      0         0     0.2s
         1       0         1 100.00%   11.38888889     12                 5.09%        0      0      0         3     0.2s

Solving report
  Status            Optimal
  Primal bound      12
  Dual bound        12
  Gap               0% (tolerance: 0.01%)
  P-D integral      0.00422607858976
  Solution status   feasible
                    12 (objective)
                    0 (bound viol.)
                    0 (int. viol.)
                    0 (row viol.)
  Timing            0.15
  Max sub-MIP depth 0
  Nodes             1
  Repair LPs        0
  LP iterations     3
                    0 (strong br.)
                    0 (separation)
                    0 (heuristics)

dataFileName = peninsule_10_500_500_7
solutionValue = 12.0
cpuTime = 15.045650482177734
isFeasible = True
Solution is written in the following file:  ../Solutions_2026-01-22_19-51-57/solutions/peninsule_10_500_500_7_V1_Z1.sol
