----------- ARGUMENTS -----------
Data file path = ../Data/standard/peninsule_5_30_30_7.txt
Problem version = 1
Number of zones = 1
Time limit = 300
Verbose output = False
Solver name = highs
Solution folder path = ../Solutions_2026-01-22_19-51-57/solutions
------------------------------------
Reading 5 species
Solver appsi_highs is available.
Running HiGHS 1.12.0 (git hash: 755a8e0): Copyright (c) 2025 HiGHS under MIT licence terms
MIP has 110 rows; 900 cols; 1185 nonzeros; 900 integer variables (900 binary)
Coefficient ranges:
  Matrix  [1e+00, 2e+02]
  Cost    [1e+00, 1e+00]
  Bound   [1e+00, 1e+00]
  RHS     [4e+02, 4e+02]
Presolving model
5 rows, 571 cols, 1080 nonzeros  0s
5 rows, 94 cols, 274 nonzeros  0s
5 rows, 94 cols, 274 nonzeros  0s
Presolve reductions: rows 5(-105); columns 94(-806); nonzeros 274(-911) 
Objective function is integral with scale 1

Solving MIP model with:
   5 rows
   94 cols (23 binary, 71 integer, 0 implied int., 0 continuous, 0 domain fixed)
   274 nonzeros

Src: B => Branching; C => Central rounding; F => Feasibility pump; H => Heuristic;
     I => Shifting; J => Feasibility jump; L => Sub-MIP; P => Empty MIP; R => Randomized rounding;
     S => Solve LP; T => Evaluate node; U => Unbounded; X => User solution; Y => HiGHS solution;
     Z => ZI Round; l => Trivial lower; p => Trivial point; u => Trivial upper; z => Trivial zero

        Nodes      |    B&B Tree     |            Objective Bounds              |  Dynamic Constraints |       Work      
Src  Proc. InQueue |  Leaves   Expl. | BestBound       BestSol              Gap |   Cuts   InLp Confl. | LpIters     Time

 u       0       0         0   0.00%   -inf            571                Large        0      0      0         0     0.0s
 J       0       0         0   0.00%   -inf            463                Large        0      0      0         0     0.0s
 S       0       0         0   0.00%   0               12               100.00%        0      0      0         0     0.0s
 R       0       0         0 100.00%   10.47222222     11                 4.80%        0      0      0         2     0.0s
         1       0         1 100.00%   11              11                 0.00%        0      0      0         2     0.0s

Solving report
  Status            Optimal
  Primal bound      11
  Dual bound        11
  Gap               0% (tolerance: 0.01%)
  P-D integral      0.000924681523432
  Solution status   feasible
                    11 (objective)
                    0 (bound viol.)
                    0 (int. viol.)
                    0 (row viol.)
  Timing            0.02
  Max sub-MIP depth 0
  Nodes             1
  Repair LPs        0
  LP iterations     2
                    0 (strong br.)
                    0 (separation)
                    0 (heuristics)

dataFileName = peninsule_5_30_30_7
solutionValue = 11.0
cpuTime = 0.04901838302612305
isFeasible = True
Solution is written in the following file:  ../Solutions_2026-01-22_19-51-57/solutions/peninsule_5_30_30_7_V1_Z1.sol
