----------- ARGUMENTS -----------
Data file path = ../Data/standard/peninsule_2_10_10_5.txt
Problem version = 1
Number of zones = 1
Time limit = 300
Verbose output = False
Solver name = highs
Solution folder path = ../Solutions_2026-01-22_19-51-57/solutions
------------------------------------
Reading 2 species
Solver appsi_highs is available.
Running HiGHS 1.12.0 (git hash: 755a8e0): Copyright (c) 2025 HiGHS under MIT licence terms
MIP has 20 rows; 100 cols; 148 nonzeros; 100 integer variables (100 binary)
Coefficient ranges:
  Matrix  [1e+00, 2e+02]
  Cost    [1e+00, 1e+00]
  Bound   [1e+00, 1e+00]
  RHS     [4e+02, 4e+02]
Presolving model
2 rows, 76 cols, 130 nonzeros  0s
2 rows, 33 cols, 58 nonzeros  0s
2 rows, 33 cols, 58 nonzeros  0s
Presolve reductions: rows 2(-18); columns 33(-67); nonzeros 58(-90) 
Objective function is integral with scale 1

Solving MIP model with:
   2 rows
   33 cols (11 binary, 22 integer, 0 implied int., 0 continuous, 0 domain fixed)
   58 nonzeros

Src: B => Branching; C => Central rounding; F => Feasibility pump; H => Heuristic;
     I => Shifting; J => Feasibility jump; L => Sub-MIP; P => Empty MIP; R => Randomized rounding;
     S => Solve LP; T => Evaluate node; U => Unbounded; X => User solution; Y => HiGHS solution;
     Z => ZI Round; l => Trivial lower; p => Trivial point; u => Trivial upper; z => Trivial zero

        Nodes      |    B&B Tree     |            Objective Bounds              |  Dynamic Constraints |       Work      
Src  Proc. InQueue |  Leaves   Expl. | BestBound       BestSol              Gap |   Cuts   InLp Confl. | LpIters     Time

 u       0       0         0   0.00%   -inf            76                 Large        0      0      0         0     0.0s
 J       0       0         0   0.00%   -inf            70                 Large        0      0      0         0     0.0s
 S       0       0         0   0.00%   0               5                100.00%        0      0      0         0     0.0s
         1       0         1 100.00%   5               5                  0.00%        0      0      0         3     0.0s

Solving report
  Status            Optimal
  Primal bound      5
  Dual bound        5
  Gap               0% (tolerance: 0.01%)
  P-D integral      0.000286199615115
  Solution status   feasible
                    5 (objective)
                    0 (bound viol.)
                    0 (int. viol.)
                    0 (row viol.)
  Timing            0.00
  Max sub-MIP depth 0
  Nodes             1
  Repair LPs        0
  LP iterations     3
                    0 (strong br.)
                    0 (separation)
                    0 (heuristics)

dataFileName = peninsule_2_10_10_5
solutionValue = 5.0
cpuTime = 0.009767770767211914
isFeasible = True
Solution is written in the following file:  ../Solutions_2026-01-22_19-51-57/solutions/peninsule_2_10_10_5_V1_Z1.sol
