----------- ARGUMENTS -----------
Data file path = ../Data/standard/peninsule_10_30_30_10.txt
Problem version = 1
Number of zones = 1
Time limit = 300
Verbose output = False
Solver name = highs
Solution folder path = ../Solutions_2026-01-22_19-51-57/solutions
------------------------------------
Reading 10 species
Solver appsi_highs is available.
Running HiGHS 1.12.0 (git hash: 755a8e0): Copyright (c) 2025 HiGHS under MIT licence terms
MIP has 115 rows; 900 cols; 2518 nonzeros; 900 integer variables (900 binary)
Coefficient ranges:
  Matrix  [1e+00, 2e+02]
  Cost    [1e+00, 1e+00]
  Bound   [1e+00, 1e+00]
  RHS     [1e+02, 4e+02]
Presolving model
10 rows, 629 cols, 2413 nonzeros  0s
6 rows, 103 cols, 445 nonzeros  0s
6 rows, 103 cols, 445 nonzeros  0s
Presolve reductions: rows 6(-109); columns 103(-797); nonzeros 445(-2073) 
Objective function is integral with scale 1

Solving MIP model with:
   6 rows
   103 cols (24 binary, 79 integer, 0 implied int., 0 continuous, 0 domain fixed)
   445 nonzeros

Src: B => Branching; C => Central rounding; F => Feasibility pump; H => Heuristic;
     I => Shifting; J => Feasibility jump; L => Sub-MIP; P => Empty MIP; R => Randomized rounding;
     S => Solve LP; T => Evaluate node; U => Unbounded; X => User solution; Y => HiGHS solution;
     Z => ZI Round; l => Trivial lower; p => Trivial point; u => Trivial upper; z => Trivial zero

        Nodes      |    B&B Tree     |            Objective Bounds              |  Dynamic Constraints |       Work      
Src  Proc. InQueue |  Leaves   Expl. | BestBound       BestSol              Gap |   Cuts   InLp Confl. | LpIters     Time

 u       0       0         0   0.00%   -inf            629                Large        0      0      0         0     0.0s
 J       0       0         0   0.00%   -inf            563                Large        0      0      0         0     0.0s
 S       0       0         0   0.00%   0               6                100.00%        0      0      0         0     0.0s
 R       0       0         0 100.00%   4.259432624     5                 14.81%        0      0      0         4     0.0s
         1       0         1 100.00%   5               5                  0.00%        0      0      0         4     0.0s

Solving report
  Status            Optimal
  Primal bound      5
  Dual bound        5
  Gap               0% (tolerance: 0.01%)
  P-D integral      0.000470985870271
  Solution status   feasible
                    5 (objective)
                    0 (bound viol.)
                    0 (int. viol.)
                    0 (row viol.)
  Timing            0.01
  Max sub-MIP depth 0
  Nodes             1
  Repair LPs        0
  LP iterations     4
                    0 (strong br.)
                    0 (separation)
                    0 (heuristics)

dataFileName = peninsule_10_30_30_10
solutionValue = 5.0
cpuTime = 0.06681656837463379
isFeasible = True
Solution is written in the following file:  ../Solutions_2026-01-22_19-51-57/solutions/peninsule_10_30_30_10_V1_Z1.sol
