----------- ARGUMENTS -----------
Data file path = ../Data/standard/peninsule_2_100_100_10.txt
Problem version = 1
Number of zones = 1
Time limit = 300
Verbose output = False
Solver name = highs
Solution folder path = ../Solutions_2026-01-22_19-51-57/solutions
------------------------------------
Reading 2 species
Solver appsi_highs is available.
Running HiGHS 1.12.0 (git hash: 755a8e0): Copyright (c) 2025 HiGHS under MIT licence terms
MIP has 1001 rows; 10000 cols; 1478 nonzeros; 10000 integer variables (10000 binary)
Coefficient ranges:
  Matrix  [1e+00, 2e+02]
  Cost    [1e+00, 1e+00]
  Bound   [1e+00, 1e+00]
  RHS     [4e+02, 4e+02]
Presolving model
2 rows, 287 cols, 479 nonzeros  0s
2 rows, 27 cols, 45 nonzeros  0s
0 rows, 0 cols, 0 nonzeros  0s
Presolve reductions: rows 0(-1001); columns 0(-10000); nonzeros 0(-1478) - Reduced to empty
Presolve: Optimal

Src: B => Branching; C => Central rounding; F => Feasibility pump; H => Heuristic;
     I => Shifting; J => Feasibility jump; L => Sub-MIP; P => Empty MIP; R => Randomized rounding;
     S => Solve LP; T => Evaluate node; U => Unbounded; X => User solution; Y => HiGHS solution;
     Z => ZI Round; l => Trivial lower; p => Trivial point; u => Trivial upper; z => Trivial zero

        Nodes      |    B&B Tree     |            Objective Bounds              |  Dynamic Constraints |       Work      
Src  Proc. InQueue |  Leaves   Expl. | BestBound       BestSol              Gap |   Cuts   InLp Confl. | LpIters     Time

         0       0         0   0.00%   3               3                  0.00%        0      0      0         0     0.0s

Solving report
  Status            Optimal
  Primal bound      3
  Dual bound        3
  Gap               0% (tolerance: 0.01%)
  P-D integral      0
  Solution status   feasible
                    3 (objective)
                    0 (bound viol.)
                    0 (int. viol.)
                    0 (row viol.)
  Timing            0.00
  Max sub-MIP depth 0
  Nodes             0
  Repair LPs        0
  LP iterations     0

dataFileName = peninsule_2_100_100_10
solutionValue = 3.0
cpuTime = 0.22019267082214355
isFeasible = True
Solution is written in the following file:  ../Solutions_2026-01-22_19-51-57/solutions/peninsule_2_100_100_10_V1_Z1.sol
