----------- ARGUMENTS -----------
Data file path = ../Data/standard/archipel_5_100_100_7.txt
Problem version = 21
Number of zones = 3
Time limit = 300
Verbose output = True
Solver name = highs
Solution folder path = Solutions_2026-01-22_20-26-53/solutions
------------------------------------
Reading 5 species
Solver appsi_highs is available.
Considering version 2 of the problem
Solving Version 2.1 with solver: appsi_highs
Running HiGHS 1.12.0 (git hash: 755a8e0): Copyright (c) 2025 HiGHS under MIT licence terms
MIP has 40006 rows; 30003 cols; 94869 nonzeros; 30003 integer variables (30003 binary)
Coefficient ranges:
  Matrix  [1e+00, 2e+02]
  Cost    [1e+00, 1e+00]
  Bound   [1e+00, 1e+00]
  RHS     [1e+00, 4e+02]
Presolving model
1203 rows, 3594 cols, 8829 nonzeros  0s
5 rows, 1198 cols, 1745 nonzeros  0s
5 rows, 57 cols, 146 nonzeros  0s
5 rows, 56 cols, 145 nonzeros  0s
Presolve reductions: rows 5(-40001); columns 56(-29947); nonzeros 145(-94724) 
Objective function is integral with scale 1

Solving MIP model with:
   5 rows
   56 cols (10 binary, 46 integer, 0 implied int., 0 continuous, 0 domain fixed)
   145 nonzeros

Src: B => Branching; C => Central rounding; F => Feasibility pump; H => Heuristic;
     I => Shifting; J => Feasibility jump; L => Sub-MIP; P => Empty MIP; R => Randomized rounding;
     S => Solve LP; T => Evaluate node; U => Unbounded; X => User solution; Y => HiGHS solution;
     Z => ZI Round; l => Trivial lower; p => Trivial point; u => Trivial upper; z => Trivial zero

        Nodes      |    B&B Tree     |            Objective Bounds              |  Dynamic Constraints |       Work      
Src  Proc. InQueue |  Leaves   Expl. | BestBound       BestSol              Gap |   Cuts   InLp Confl. | LpIters     Time

 u       0       0         0   0.00%   -inf            562                Large        0      0      0         0     0.4s
 J       0       0         0   0.00%   -inf            508                Large        0      0      0         0     0.4s
 S       0       0         0   0.00%   0               9                100.00%        0      0      0         0     0.4s
         1       0         1 100.00%   8.733333333     9                  2.96%        0      0      0         1     0.4s

Solving report
  Status            Optimal
  Primal bound      9
  Dual bound        9
  Gap               0% (tolerance: 0.01%)
  P-D integral      0.00132765593352
  Solution status   feasible
                    9 (objective)
                    0 (bound viol.)
                    0 (int. viol.)
                    0 (row viol.)
  Timing            0.37
  Max sub-MIP depth 0
  Nodes             1
  Repair LPs        0
  LP iterations     1
                    0 (strong br.)
                    0 (separation)
                    0 (heuristics)
Status: ok
Solve time: 1.61s
Objective value: 9.0
Number of protected sectors: 9
Zone 2: [(5, 95), (15, 15), (25, 80), (50, 60), (75, 15), (80, 5), (80, 6), (81, 5), (90, 80)]

dataFileName = archipel_5_100_100_7
solutionValue = 9.0
cpuTime = 2.23266863822937
[solutionValidator] Objective check skipped (sector values unavailable).
isFeasible = True
Solution is written in the following file:  Solutions_2026-01-22_20-26-53/solutions/archipel_5_100_100_7_V21_Z3.sol
----------- ARGUMENTS -----------
Data file path = ../Data/standard/archipel_5_100_100_7.txt
Problem version = 21
Number of zones = 3
Time limit = 300
Verbose output = True
Solver name = highs
Solution folder path = Solutions_2026-01-22_20-26-53/solutions
------------------------------------
Reading 5 species
Solver appsi_highs is available.
Considering version 2 of the problem
Solving Version 2.1 with solver: appsi_highs
Running HiGHS 1.12.0 (git hash: 755a8e0): Copyright (c) 2025 HiGHS under MIT licence terms
MIP has 40006 rows; 30003 cols; 94869 nonzeros; 30003 integer variables (30003 binary)
Coefficient ranges:
  Matrix  [1e+00, 2e+02]
  Cost    [1e+00, 1e+00]
  Bound   [1e+00, 1e+00]
  RHS     [1e+00, 4e+02]
Presolving model
1203 rows, 3594 cols, 8829 nonzeros  0s
5 rows, 1198 cols, 1745 nonzeros  0s
5 rows, 57 cols, 146 nonzeros  0s
5 rows, 56 cols, 145 nonzeros  0s
Presolve reductions: rows 5(-40001); columns 56(-29947); nonzeros 145(-94724) 
Objective function is integral with scale 1

Solving MIP model with:
   5 rows
   56 cols (10 binary, 46 integer, 0 implied int., 0 continuous, 0 domain fixed)
   145 nonzeros

Src: B => Branching; C => Central rounding; F => Feasibility pump; H => Heuristic;
     I => Shifting; J => Feasibility jump; L => Sub-MIP; P => Empty MIP; R => Randomized rounding;
     S => Solve LP; T => Evaluate node; U => Unbounded; X => User solution; Y => HiGHS solution;
     Z => ZI Round; l => Trivial lower; p => Trivial point; u => Trivial upper; z => Trivial zero

        Nodes      |    B&B Tree     |            Objective Bounds              |  Dynamic Constraints |       Work      
Src  Proc. InQueue |  Leaves   Expl. | BestBound       BestSol              Gap |   Cuts   InLp Confl. | LpIters     Time

 u       0       0         0   0.00%   -inf            562                Large        0      0      0         0     0.4s
 J       0       0         0   0.00%   -inf            508                Large        0      0      0         0     0.4s
 S       0       0         0   0.00%   0               9                100.00%        0      0      0         0     0.4s
         1       0         1 100.00%   8.733333333     9                  2.96%        0      0      0         1     0.4s

Solving report
  Status            Optimal
  Primal bound      9
  Dual bound        9
  Gap               0% (tolerance: 0.01%)
  P-D integral      0.00132765593352
  Solution status   feasible
                    9 (objective)
                    0 (bound viol.)
                    0 (int. viol.)
                    0 (row viol.)
  Timing            0.37
  Max sub-MIP depth 0
  Nodes             1
  Repair LPs        0
  LP iterations     1
                    0 (strong br.)
                    0 (separation)
                    0 (heuristics)
Status: ok
Solve time: 1.61s
Objective value: 9.0
Number of protected sectors: 9
Zone 2: [(5, 95), (15, 15), (25, 80), (50, 60), (75, 15), (80, 5), (80, 6), (81, 5), (90, 80)]

dataFileName = archipel_5_100_100_7
solutionValue = 9.0
cpuTime = 2.23266863822937
[solutionValidator] Objective check skipped (sector values unavailable).
isFeasible = True
Solution is written in the following file:  Solutions_2026-01-22_20-26-53/solutions/archipel_5_100_100_7_V21_Z3.sol
