----------- ARGUMENTS -----------
Data file path = ../Data/standard/detroit_2_500_500_7.txt
Problem version = 21
Number of zones = 3
Time limit = 300
Verbose output = True
Solver name = highs
Solution folder path = Solutions_2026-01-22_20-26-53/solutions
------------------------------------
Reading 2 species
Solver appsi_highs is available.
Considering version 2 of the problem
Solving Version 2.1 with solver: appsi_highs
Running HiGHS 1.12.0 (git hash: 755a8e0): Copyright (c) 2025 HiGHS under MIT licence terms
MIP has 1000003 rows; 750003 cols; 2063931 nonzeros; 750003 integer variables (750003 binary)
Coefficient ranges:
  Matrix  [1e+00, 2e+02]
  Cost    [1e+00, 1e+00]
  Bound   [1e+00, 1e+00]
  RHS     [1e+00, 4e+02]
Presolving model
265 rows, 789 cols, 1740 nonzeros  1s
2 rows, 263 cols, 317 nonzeros  1s
2 rows, 20 cols, 31 nonzeros  1s
2 rows, 14 cols, 25 nonzeros  1s
Presolve reductions: rows 2(-1000001); columns 14(-749989); nonzeros 25(-2063906) 
Objective function is integral with scale 1

Solving MIP model with:
   2 rows
   14 cols (3 binary, 11 integer, 0 implied int., 0 continuous, 0 domain fixed)
   25 nonzeros

Src: B => Branching; C => Central rounding; F => Feasibility pump; H => Heuristic;
     I => Shifting; J => Feasibility jump; L => Sub-MIP; P => Empty MIP; R => Randomized rounding;
     S => Solve LP; T => Evaluate node; U => Unbounded; X => User solution; Y => HiGHS solution;
     Z => ZI Round; l => Trivial lower; p => Trivial point; u => Trivial upper; z => Trivial zero

        Nodes      |    B&B Tree     |            Objective Bounds              |  Dynamic Constraints |       Work      
Src  Proc. InQueue |  Leaves   Expl. | BestBound       BestSol              Gap |   Cuts   InLp Confl. | LpIters     Time

 u       0       0         0   0.00%   -inf            67                 Large        0      0      0         0     1.4s
 J       0       0         0   0.00%   -inf            55                 Large        0      0      0         0     1.5s
 S       0       0         0   0.00%   0               4                100.00%        0      0      0         0     1.5s
         1       0         1 100.00%   3.333333333     4                 16.67%        0      0      0         2     1.5s

Solving report
  Status            Optimal
  Primal bound      4
  Dual bound        4
  Gap               0% (tolerance: 0.01%)
  P-D integral      0.0259480079015
  Solution status   feasible
                    4 (objective)
                    0 (bound viol.)
                    0 (int. viol.)
                    0 (row viol.)
  Timing            1.50
  Max sub-MIP depth 0
  Nodes             1
  Repair LPs        0
  LP iterations     2
                    0 (strong br.)
                    0 (separation)
                    0 (heuristics)
Status: ok
Solve time: 29.32s
Objective value: 4.0
Number of protected sectors: 4
Zone 2: [(25, 475), (125, 400), (400, 25), (450, 400)]

dataFileName = detroit_2_500_500_7
solutionValue = 4.0
cpuTime = 40.96487879753113
[solutionValidator] Objective check skipped (sector values unavailable).
isFeasible = True
Solution is written in the following file:  Solutions_2026-01-22_20-26-53/solutions/detroit_2_500_500_7_V21_Z3.sol
----------- ARGUMENTS -----------
Data file path = ../Data/standard/detroit_2_500_500_7.txt
Problem version = 21
Number of zones = 3
Time limit = 300
Verbose output = True
Solver name = highs
Solution folder path = Solutions_2026-01-22_20-26-53/solutions
------------------------------------
Reading 2 species
Solver appsi_highs is available.
Considering version 2 of the problem
Solving Version 2.1 with solver: appsi_highs
Running HiGHS 1.12.0 (git hash: 755a8e0): Copyright (c) 2025 HiGHS under MIT licence terms
MIP has 1000003 rows; 750003 cols; 2063931 nonzeros; 750003 integer variables (750003 binary)
Coefficient ranges:
  Matrix  [1e+00, 2e+02]
  Cost    [1e+00, 1e+00]
  Bound   [1e+00, 1e+00]
  RHS     [1e+00, 4e+02]
Presolving model
265 rows, 789 cols, 1740 nonzeros  1s
2 rows, 263 cols, 317 nonzeros  1s
2 rows, 20 cols, 31 nonzeros  1s
2 rows, 14 cols, 25 nonzeros  1s
Presolve reductions: rows 2(-1000001); columns 14(-749989); nonzeros 25(-2063906) 
Objective function is integral with scale 1

Solving MIP model with:
   2 rows
   14 cols (3 binary, 11 integer, 0 implied int., 0 continuous, 0 domain fixed)
   25 nonzeros

Src: B => Branching; C => Central rounding; F => Feasibility pump; H => Heuristic;
     I => Shifting; J => Feasibility jump; L => Sub-MIP; P => Empty MIP; R => Randomized rounding;
     S => Solve LP; T => Evaluate node; U => Unbounded; X => User solution; Y => HiGHS solution;
     Z => ZI Round; l => Trivial lower; p => Trivial point; u => Trivial upper; z => Trivial zero

        Nodes      |    B&B Tree     |            Objective Bounds              |  Dynamic Constraints |       Work      
Src  Proc. InQueue |  Leaves   Expl. | BestBound       BestSol              Gap |   Cuts   InLp Confl. | LpIters     Time

 u       0       0         0   0.00%   -inf            67                 Large        0      0      0         0     1.4s
 J       0       0         0   0.00%   -inf            55                 Large        0      0      0         0     1.5s
 S       0       0         0   0.00%   0               4                100.00%        0      0      0         0     1.5s
         1       0         1 100.00%   3.333333333     4                 16.67%        0      0      0         2     1.5s

Solving report
  Status            Optimal
  Primal bound      4
  Dual bound        4
  Gap               0% (tolerance: 0.01%)
  P-D integral      0.0259480079015
  Solution status   feasible
                    4 (objective)
                    0 (bound viol.)
                    0 (int. viol.)
                    0 (row viol.)
  Timing            1.50
  Max sub-MIP depth 0
  Nodes             1
  Repair LPs        0
  LP iterations     2
                    0 (strong br.)
                    0 (separation)
                    0 (heuristics)
Status: ok
Solve time: 29.32s
Objective value: 4.0
Number of protected sectors: 4
Zone 2: [(25, 475), (125, 400), (400, 25), (450, 400)]

dataFileName = detroit_2_500_500_7
solutionValue = 4.0
cpuTime = 40.96487879753113
[solutionValidator] Objective check skipped (sector values unavailable).
isFeasible = True
Solution is written in the following file:  Solutions_2026-01-22_20-26-53/solutions/detroit_2_500_500_7_V21_Z3.sol
