----------- ARGUMENTS -----------
Data file path = ../Data/standard/iles_10_100_100_5.txt
Problem version = 21
Number of zones = 3
Time limit = 300
Verbose output = True
Solver name = highs
Solution folder path = Solutions_2026-01-22_20-26-53/solutions
------------------------------------
Reading 10 species
Solver appsi_highs is available.
Considering version 2 of the problem
Solving Version 2.1 with solver: appsi_highs
Running HiGHS 1.12.0 (git hash: 755a8e0): Copyright (c) 2025 HiGHS under MIT licence terms
MIP has 40011 rows; 30003 cols; 95808 nonzeros; 30003 integer variables (30003 binary)
Coefficient ranges:
  Matrix  [1e+00, 2e+02]
  Cost    [1e+00, 1e+00]
  Bound   [1e+00, 1e+00]
  RHS     [1e+00, 4e+02]
Presolving model
1185 rows, 3525 cols, 10050 nonzeros  0s
10 rows, 1175 cols, 2175 nonzeros  0s
10 rows, 57 cols, 212 nonzeros  0s
10 rows, 56 cols, 211 nonzeros  0s
Presolve reductions: rows 10(-40001); columns 56(-29947); nonzeros 211(-95597) 
Objective function is integral with scale 1

Solving MIP model with:
   10 rows
   56 cols (11 binary, 45 integer, 0 implied int., 0 continuous, 0 domain fixed)
   211 nonzeros

Src: B => Branching; C => Central rounding; F => Feasibility pump; H => Heuristic;
     I => Shifting; J => Feasibility jump; L => Sub-MIP; P => Empty MIP; R => Randomized rounding;
     S => Solve LP; T => Evaluate node; U => Unbounded; X => User solution; Y => HiGHS solution;
     Z => ZI Round; l => Trivial lower; p => Trivial point; u => Trivial upper; z => Trivial zero

        Nodes      |    B&B Tree     |            Objective Bounds              |  Dynamic Constraints |       Work      
Src  Proc. InQueue |  Leaves   Expl. | BestBound       BestSol              Gap |   Cuts   InLp Confl. | LpIters     Time

 u       0       0         0   0.00%   -inf            539                Large        0      0      0         0     0.4s
 J       0       0         0   0.00%   -inf            485                Large        0      0      0         0     0.5s
 S       0       0         0   0.00%   0               41               100.00%        0      0      0         0     0.5s
         1       0         1 100.00%   40.625          41                 0.91%        0      0      0         3     0.5s

Solving report
  Status            Optimal
  Primal bound      41
  Dual bound        41
  Gap               0% (tolerance: 0.01%)
  P-D integral      0.00164205199335
  Solution status   feasible
                    41 (objective)
                    0 (bound viol.)
                    0 (int. viol.)
                    0 (row viol.)
  Timing            0.45
  Max sub-MIP depth 0
  Nodes             1
  Repair LPs        0
  LP iterations     3
                    0 (strong br.)
                    0 (separation)
                    0 (heuristics)
Status: ok
Solve time: 2.22s
Objective value: 41.0
Number of protected sectors: 41
Zone 2: [(4, 95), (5, 94), (5, 95), (5, 96), (6, 95), (15, 14), (24, 80), (25, 79), (25, 80), (25, 81), (26, 80), (73, 15), (74, 14), (74, 15), (74, 16), (75, 13), (75, 14), (75, 15), (75, 16), (75, 17), (76, 14), (76, 15), (76, 16), (77, 15), (80, 5), (80, 33), (81, 5), (88, 80), (89, 79), (89, 80), (89, 81), (90, 78), (90, 79), (90, 80), (90, 81), (90, 82), (91, 79), (91, 80), (91, 81), (92, 80), (95, 95)]

dataFileName = iles_10_100_100_5
solutionValue = 41.0
cpuTime = 3.3746755123138428
[solutionValidator] Objective check skipped (sector values unavailable).
isFeasible = True
Solution is written in the following file:  Solutions_2026-01-22_20-26-53/solutions/iles_10_100_100_5_V21_Z3.sol
----------- ARGUMENTS -----------
Data file path = ../Data/standard/iles_10_100_100_5.txt
Problem version = 21
Number of zones = 3
Time limit = 300
Verbose output = True
Solver name = highs
Solution folder path = Solutions_2026-01-22_20-26-53/solutions
------------------------------------
Reading 10 species
Solver appsi_highs is available.
Considering version 2 of the problem
Solving Version 2.1 with solver: appsi_highs
Running HiGHS 1.12.0 (git hash: 755a8e0): Copyright (c) 2025 HiGHS under MIT licence terms
MIP has 40011 rows; 30003 cols; 95808 nonzeros; 30003 integer variables (30003 binary)
Coefficient ranges:
  Matrix  [1e+00, 2e+02]
  Cost    [1e+00, 1e+00]
  Bound   [1e+00, 1e+00]
  RHS     [1e+00, 4e+02]
Presolving model
1185 rows, 3525 cols, 10050 nonzeros  0s
10 rows, 1175 cols, 2175 nonzeros  0s
10 rows, 57 cols, 212 nonzeros  0s
10 rows, 56 cols, 211 nonzeros  0s
Presolve reductions: rows 10(-40001); columns 56(-29947); nonzeros 211(-95597) 
Objective function is integral with scale 1

Solving MIP model with:
   10 rows
   56 cols (11 binary, 45 integer, 0 implied int., 0 continuous, 0 domain fixed)
   211 nonzeros

Src: B => Branching; C => Central rounding; F => Feasibility pump; H => Heuristic;
     I => Shifting; J => Feasibility jump; L => Sub-MIP; P => Empty MIP; R => Randomized rounding;
     S => Solve LP; T => Evaluate node; U => Unbounded; X => User solution; Y => HiGHS solution;
     Z => ZI Round; l => Trivial lower; p => Trivial point; u => Trivial upper; z => Trivial zero

        Nodes      |    B&B Tree     |            Objective Bounds              |  Dynamic Constraints |       Work      
Src  Proc. InQueue |  Leaves   Expl. | BestBound       BestSol              Gap |   Cuts   InLp Confl. | LpIters     Time

 u       0       0         0   0.00%   -inf            539                Large        0      0      0         0     0.4s
 J       0       0         0   0.00%   -inf            485                Large        0      0      0         0     0.5s
 S       0       0         0   0.00%   0               41               100.00%        0      0      0         0     0.5s
         1       0         1 100.00%   40.625          41                 0.91%        0      0      0         3     0.5s

Solving report
  Status            Optimal
  Primal bound      41
  Dual bound        41
  Gap               0% (tolerance: 0.01%)
  P-D integral      0.00164205199335
  Solution status   feasible
                    41 (objective)
                    0 (bound viol.)
                    0 (int. viol.)
                    0 (row viol.)
  Timing            0.45
  Max sub-MIP depth 0
  Nodes             1
  Repair LPs        0
  LP iterations     3
                    0 (strong br.)
                    0 (separation)
                    0 (heuristics)
Status: ok
Solve time: 2.22s
Objective value: 41.0
Number of protected sectors: 41
Zone 2: [(4, 95), (5, 94), (5, 95), (5, 96), (6, 95), (15, 14), (24, 80), (25, 79), (25, 80), (25, 81), (26, 80), (73, 15), (74, 14), (74, 15), (74, 16), (75, 13), (75, 14), (75, 15), (75, 16), (75, 17), (76, 14), (76, 15), (76, 16), (77, 15), (80, 5), (80, 33), (81, 5), (88, 80), (89, 79), (89, 80), (89, 81), (90, 78), (90, 79), (90, 80), (90, 81), (90, 82), (91, 79), (91, 80), (91, 81), (92, 80), (95, 95)]

dataFileName = iles_10_100_100_5
solutionValue = 41.0
cpuTime = 3.3746755123138428
[solutionValidator] Objective check skipped (sector values unavailable).
isFeasible = True
Solution is written in the following file:  Solutions_2026-01-22_20-26-53/solutions/iles_10_100_100_5_V21_Z3.sol
