----------- ARGUMENTS -----------
Data file path = ../Data/standard/iles_10_10_10_7.txt
Problem version = 21
Number of zones = 3
Time limit = 300
Verbose output = True
Solver name = highs
Solution folder path = Solutions_2026-01-22_20-26-53/solutions
------------------------------------
Reading 10 species
Solver appsi_highs is available.
Considering version 2 of the problem
Solving Version 2.1 with solver: appsi_highs
Running HiGHS 1.12.0 (git hash: 755a8e0): Copyright (c) 2025 HiGHS under MIT licence terms
MIP has 411 rows; 303 cols; 3198 nonzeros; 303 integer variables (303 binary)
Coefficient ranges:
  Matrix  [1e+00, 2e+02]
  Cost    [1e+00, 1e+00]
  Bound   [1e+00, 1e+00]
  RHS     [1e+00, 4e+02]
Presolving model
102 rows, 276 cols, 2595 nonzeros  0s
10 rows, 92 cols, 773 nonzeros  0s
10 rows, 83 cols, 694 nonzeros  0s
Presolve reductions: rows 10(-401); columns 83(-220); nonzeros 694(-2504) 
Objective function is integral with scale 1

Solving MIP model with:
   10 rows
   83 cols (75 binary, 8 integer, 0 implied int., 0 continuous, 0 domain fixed)
   694 nonzeros

Src: B => Branching; C => Central rounding; F => Feasibility pump; H => Heuristic;
     I => Shifting; J => Feasibility jump; L => Sub-MIP; P => Empty MIP; R => Randomized rounding;
     S => Solve LP; T => Evaluate node; U => Unbounded; X => User solution; Y => HiGHS solution;
     Z => ZI Round; l => Trivial lower; p => Trivial point; u => Trivial upper; z => Trivial zero

        Nodes      |    B&B Tree     |            Objective Bounds              |  Dynamic Constraints |       Work      
Src  Proc. InQueue |  Leaves   Expl. | BestBound       BestSol              Gap |   Cuts   InLp Confl. | LpIters     Time

 u       0       0         0   0.00%   -inf            92                 Large        0      0      0         0     0.0s
 J       0       0         0   0.00%   -inf            89                 Large        0      0      0         0     0.0s
 S       0       0         0   0.00%   0               8                100.00%        0      0      0         0     0.0s
 R       0       0         0 100.00%   6.547582697     7                  6.46%        0      0      0         9     0.0s
         1       0         1 100.00%   7               7                  0.00%        0      0      0         9     0.0s

Solving report
  Status            Optimal
  Primal bound      7
  Dual bound        7
  Gap               0% (tolerance: 0.01%)
  P-D integral      0.000599799659719
  Solution status   feasible
                    7 (objective)
                    0 (bound viol.)
                    0 (int. viol.)
                    0 (row viol.)
  Timing            0.01
  Max sub-MIP depth 0
  Nodes             1
  Repair LPs        0
  LP iterations     9
                    0 (strong br.)
                    0 (separation)
                    0 (heuristics)
Status: ok
Solve time: 0.03s
Objective value: 7.0
Number of protected sectors: 7
Zone 2: [(0, 9), (1, 1), (2, 8), (5, 6), (7, 1), (8, 0), (9, 8)]

dataFileName = iles_10_10_10_7
solutionValue = 7.0
cpuTime = 0.034815073013305664
[solutionValidator] Objective check skipped (sector values unavailable).
isFeasible = True
Solution is written in the following file:  Solutions_2026-01-22_20-26-53/solutions/iles_10_10_10_7_V21_Z3.sol
----------- ARGUMENTS -----------
Data file path = ../Data/standard/iles_10_10_10_7.txt
Problem version = 21
Number of zones = 3
Time limit = 300
Verbose output = True
Solver name = highs
Solution folder path = Solutions_2026-01-22_20-26-53/solutions
------------------------------------
Reading 10 species
Solver appsi_highs is available.
Considering version 2 of the problem
Solving Version 2.1 with solver: appsi_highs
Running HiGHS 1.12.0 (git hash: 755a8e0): Copyright (c) 2025 HiGHS under MIT licence terms
MIP has 411 rows; 303 cols; 3198 nonzeros; 303 integer variables (303 binary)
Coefficient ranges:
  Matrix  [1e+00, 2e+02]
  Cost    [1e+00, 1e+00]
  Bound   [1e+00, 1e+00]
  RHS     [1e+00, 4e+02]
Presolving model
102 rows, 276 cols, 2595 nonzeros  0s
10 rows, 92 cols, 773 nonzeros  0s
10 rows, 83 cols, 694 nonzeros  0s
Presolve reductions: rows 10(-401); columns 83(-220); nonzeros 694(-2504) 
Objective function is integral with scale 1

Solving MIP model with:
   10 rows
   83 cols (75 binary, 8 integer, 0 implied int., 0 continuous, 0 domain fixed)
   694 nonzeros

Src: B => Branching; C => Central rounding; F => Feasibility pump; H => Heuristic;
     I => Shifting; J => Feasibility jump; L => Sub-MIP; P => Empty MIP; R => Randomized rounding;
     S => Solve LP; T => Evaluate node; U => Unbounded; X => User solution; Y => HiGHS solution;
     Z => ZI Round; l => Trivial lower; p => Trivial point; u => Trivial upper; z => Trivial zero

        Nodes      |    B&B Tree     |            Objective Bounds              |  Dynamic Constraints |       Work      
Src  Proc. InQueue |  Leaves   Expl. | BestBound       BestSol              Gap |   Cuts   InLp Confl. | LpIters     Time

 u       0       0         0   0.00%   -inf            92                 Large        0      0      0         0     0.0s
 J       0       0         0   0.00%   -inf            89                 Large        0      0      0         0     0.0s
 S       0       0         0   0.00%   0               8                100.00%        0      0      0         0     0.0s
 R       0       0         0 100.00%   6.547582697     7                  6.46%        0      0      0         9     0.0s
         1       0         1 100.00%   7               7                  0.00%        0      0      0         9     0.0s

Solving report
  Status            Optimal
  Primal bound      7
  Dual bound        7
  Gap               0% (tolerance: 0.01%)
  P-D integral      0.000599799659719
  Solution status   feasible
                    7 (objective)
                    0 (bound viol.)
                    0 (int. viol.)
                    0 (row viol.)
  Timing            0.01
  Max sub-MIP depth 0
  Nodes             1
  Repair LPs        0
  LP iterations     9
                    0 (strong br.)
                    0 (separation)
                    0 (heuristics)
Status: ok
Solve time: 0.03s
Objective value: 7.0
Number of protected sectors: 7
Zone 2: [(0, 9), (1, 1), (2, 8), (5, 6), (7, 1), (8, 0), (9, 8)]

dataFileName = iles_10_10_10_7
solutionValue = 7.0
cpuTime = 0.034815073013305664
[solutionValidator] Objective check skipped (sector values unavailable).
isFeasible = True
Solution is written in the following file:  Solutions_2026-01-22_20-26-53/solutions/iles_10_10_10_7_V21_Z3.sol
