----------- ARGUMENTS -----------
Data file path = ../Data/standard/peninsule_10_30_30_7.txt
Problem version = 21
Number of zones = 3
Time limit = 300
Verbose output = True
Solver name = highs
Solution folder path = Solutions_2026-01-22_20-26-53/solutions
------------------------------------
Reading 10 species
Solver appsi_highs is available.
Considering version 2 of the problem
Solving Version 2.1 with solver: appsi_highs
Running HiGHS 1.12.0 (git hash: 755a8e0): Copyright (c) 2025 HiGHS under MIT licence terms
MIP has 3611 rows; 2703 cols; 13089 nonzeros; 2703 integer variables (2703 binary)
Coefficient ranges:
  Matrix  [1e+00, 2e+02]
  Cost    [1e+00, 1e+00]
  Bound   [1e+00, 1e+00]
  RHS     [1e+00, 4e+02]
Presolving model
581 rows, 1713 cols, 7014 nonzeros  0s
10 rows, 571 cols, 1767 nonzeros  0s
10 rows, 94 cols, 515 nonzeros  0s
10 rows, 94 cols, 515 nonzeros  0s
Presolve reductions: rows 10(-3601); columns 94(-2609); nonzeros 515(-12574) 
Objective function is integral with scale 1

Solving MIP model with:
   10 rows
   94 cols (23 binary, 71 integer, 0 implied int., 0 continuous, 0 domain fixed)
   515 nonzeros

Src: B => Branching; C => Central rounding; F => Feasibility pump; H => Heuristic;
     I => Shifting; J => Feasibility jump; L => Sub-MIP; P => Empty MIP; R => Randomized rounding;
     S => Solve LP; T => Evaluate node; U => Unbounded; X => User solution; Y => HiGHS solution;
     Z => ZI Round; l => Trivial lower; p => Trivial point; u => Trivial upper; z => Trivial zero

        Nodes      |    B&B Tree     |            Objective Bounds              |  Dynamic Constraints |       Work      
Src  Proc. InQueue |  Leaves   Expl. | BestBound       BestSol              Gap |   Cuts   InLp Confl. | LpIters     Time

 u       0       0         0   0.00%   -inf            571                Large        0      0      0         0     0.1s
 J       0       0         0   0.00%   -inf            463                Large        0      0      0         0     0.1s
 S       0       0         0   0.00%   0               12               100.00%        0      0      0         0     0.1s
 R       0       0         0 100.00%   10.47222222     11                 4.80%        0      0      0         2     0.1s
         1       0         1 100.00%   11              11                 0.00%        0      0      0         2     0.1s

Solving report
  Status            Optimal
  Primal bound      11
  Dual bound        11
  Gap               0% (tolerance: 0.01%)
  P-D integral      0.000607151676107
  Solution status   feasible
                    11 (objective)
                    0 (bound viol.)
                    0 (int. viol.)
                    0 (row viol.)
  Timing            0.08
  Max sub-MIP depth 0
  Nodes             1
  Repair LPs        0
  LP iterations     2
                    0 (strong br.)
                    0 (separation)
                    0 (heuristics)
Status: ok
Solve time: 0.20s
Objective value: 11.0
Number of protected sectors: 11
Zone 2: [(1, 28), (7, 24), (15, 18), (22, 4), (23, 1), (24, 0), (24, 1), (24, 2), (25, 1), (27, 24), (28, 28)]

dataFileName = peninsule_10_30_30_7
solutionValue = 11.0
cpuTime = 0.28136205673217773
[solutionValidator] Objective check skipped (sector values unavailable).
isFeasible = True
Solution is written in the following file:  Solutions_2026-01-22_20-26-53/solutions/peninsule_10_30_30_7_V21_Z3.sol
----------- ARGUMENTS -----------
Data file path = ../Data/standard/peninsule_10_30_30_7.txt
Problem version = 21
Number of zones = 3
Time limit = 300
Verbose output = True
Solver name = highs
Solution folder path = Solutions_2026-01-22_20-26-53/solutions
------------------------------------
Reading 10 species
Solver appsi_highs is available.
Considering version 2 of the problem
Solving Version 2.1 with solver: appsi_highs
Running HiGHS 1.12.0 (git hash: 755a8e0): Copyright (c) 2025 HiGHS under MIT licence terms
MIP has 3611 rows; 2703 cols; 13089 nonzeros; 2703 integer variables (2703 binary)
Coefficient ranges:
  Matrix  [1e+00, 2e+02]
  Cost    [1e+00, 1e+00]
  Bound   [1e+00, 1e+00]
  RHS     [1e+00, 4e+02]
Presolving model
581 rows, 1713 cols, 7014 nonzeros  0s
10 rows, 571 cols, 1767 nonzeros  0s
10 rows, 94 cols, 515 nonzeros  0s
10 rows, 94 cols, 515 nonzeros  0s
Presolve reductions: rows 10(-3601); columns 94(-2609); nonzeros 515(-12574) 
Objective function is integral with scale 1

Solving MIP model with:
   10 rows
   94 cols (23 binary, 71 integer, 0 implied int., 0 continuous, 0 domain fixed)
   515 nonzeros

Src: B => Branching; C => Central rounding; F => Feasibility pump; H => Heuristic;
     I => Shifting; J => Feasibility jump; L => Sub-MIP; P => Empty MIP; R => Randomized rounding;
     S => Solve LP; T => Evaluate node; U => Unbounded; X => User solution; Y => HiGHS solution;
     Z => ZI Round; l => Trivial lower; p => Trivial point; u => Trivial upper; z => Trivial zero

        Nodes      |    B&B Tree     |            Objective Bounds              |  Dynamic Constraints |       Work      
Src  Proc. InQueue |  Leaves   Expl. | BestBound       BestSol              Gap |   Cuts   InLp Confl. | LpIters     Time

 u       0       0         0   0.00%   -inf            571                Large        0      0      0         0     0.1s
 J       0       0         0   0.00%   -inf            463                Large        0      0      0         0     0.1s
 S       0       0         0   0.00%   0               12               100.00%        0      0      0         0     0.1s
 R       0       0         0 100.00%   10.47222222     11                 4.80%        0      0      0         2     0.1s
         1       0         1 100.00%   11              11                 0.00%        0      0      0         2     0.1s

Solving report
  Status            Optimal
  Primal bound      11
  Dual bound        11
  Gap               0% (tolerance: 0.01%)
  P-D integral      0.000607151676107
  Solution status   feasible
                    11 (objective)
                    0 (bound viol.)
                    0 (int. viol.)
                    0 (row viol.)
  Timing            0.08
  Max sub-MIP depth 0
  Nodes             1
  Repair LPs        0
  LP iterations     2
                    0 (strong br.)
                    0 (separation)
                    0 (heuristics)
Status: ok
Solve time: 0.20s
Objective value: 11.0
Number of protected sectors: 11
Zone 2: [(1, 28), (7, 24), (15, 18), (22, 4), (23, 1), (24, 0), (24, 1), (24, 2), (25, 1), (27, 24), (28, 28)]

dataFileName = peninsule_10_30_30_7
solutionValue = 11.0
cpuTime = 0.28136205673217773
[solutionValidator] Objective check skipped (sector values unavailable).
isFeasible = True
Solution is written in the following file:  Solutions_2026-01-22_20-26-53/solutions/peninsule_10_30_30_7_V21_Z3.sol
