----------- ARGUMENTS -----------
Data file path = ../Data/standard/peninsule_2_30_30_10.txt
Problem version = 21
Number of zones = 3
Time limit = 300
Verbose output = True
Solver name = highs
Solution folder path = Solutions_2026-01-22_20-26-53/solutions
------------------------------------
Reading 2 species
Solver appsi_highs is available.
Considering version 2 of the problem
Solving Version 2.1 with solver: appsi_highs
Running HiGHS 1.12.0 (git hash: 755a8e0): Copyright (c) 2025 HiGHS under MIT licence terms
MIP has 3603 rows; 2703 cols; 8982 nonzeros; 2703 integer variables (2703 binary)
Coefficient ranges:
  Matrix  [1e+00, 2e+02]
  Cost    [1e+00, 1e+00]
  Bound   [1e+00, 1e+00]
  RHS     [1e+00, 4e+02]
Presolving model
234 rows, 696 cols, 1890 nonzeros  0s
2 rows, 232 cols, 398 nonzeros  0s
2 rows, 38 cols, 67 nonzeros  0s
2 rows, 34 cols, 60 nonzeros  0s
Presolve reductions: rows 2(-3601); columns 34(-2669); nonzeros 60(-8922) 
Objective function is integral with scale 1

Solving MIP model with:
   2 rows
   34 cols (9 binary, 25 integer, 0 implied int., 0 continuous, 0 domain fixed)
   60 nonzeros

Src: B => Branching; C => Central rounding; F => Feasibility pump; H => Heuristic;
     I => Shifting; J => Feasibility jump; L => Sub-MIP; P => Empty MIP; R => Randomized rounding;
     S => Solve LP; T => Evaluate node; U => Unbounded; X => User solution; Y => HiGHS solution;
     Z => ZI Round; l => Trivial lower; p => Trivial point; u => Trivial upper; z => Trivial zero

        Nodes      |    B&B Tree     |            Objective Bounds              |  Dynamic Constraints |       Work      
Src  Proc. InQueue |  Leaves   Expl. | BestBound       BestSol              Gap |   Cuts   InLp Confl. | LpIters     Time

 u       0       0         0   0.00%   -inf            147                Large        0      0      0         0     0.0s
 J       0       0         0   0.00%   -inf            133                Large        0      0      0         0     0.0s
 S       0       0         0   0.00%   0               3                100.00%        0      0      0         0     0.0s
         1       0         1 100.00%   2.646666667     3                 11.78%        0      0      0         1     0.0s

Solving report
  Status            Optimal
  Primal bound      3
  Dual bound        3
  Gap               0% (tolerance: 0.01%)
  P-D integral      0.000320093366835
  Solution status   feasible
                    3 (objective)
                    0 (bound viol.)
                    0 (int. viol.)
                    0 (row viol.)
  Timing            0.02
  Max sub-MIP depth 0
  Nodes             1
  Repair LPs        0
  LP iterations     1
                    0 (strong br.)
                    0 (separation)
                    0 (heuristics)
Status: ok
Solve time: 0.11s
Objective value: 3.0
Number of protected sectors: 3
Zone 2: [(15, 15), (22, 4), (27, 24)]

dataFileName = peninsule_2_30_30_10
solutionValue = 3.0
cpuTime = 0.1597917079925537
[solutionValidator] Objective check skipped (sector values unavailable).
isFeasible = True
Solution is written in the following file:  Solutions_2026-01-22_20-26-53/solutions/peninsule_2_30_30_10_V21_Z3.sol
----------- ARGUMENTS -----------
Data file path = ../Data/standard/peninsule_2_30_30_10.txt
Problem version = 21
Number of zones = 3
Time limit = 300
Verbose output = True
Solver name = highs
Solution folder path = Solutions_2026-01-22_20-26-53/solutions
------------------------------------
Reading 2 species
Solver appsi_highs is available.
Considering version 2 of the problem
Solving Version 2.1 with solver: appsi_highs
Running HiGHS 1.12.0 (git hash: 755a8e0): Copyright (c) 2025 HiGHS under MIT licence terms
MIP has 3603 rows; 2703 cols; 8982 nonzeros; 2703 integer variables (2703 binary)
Coefficient ranges:
  Matrix  [1e+00, 2e+02]
  Cost    [1e+00, 1e+00]
  Bound   [1e+00, 1e+00]
  RHS     [1e+00, 4e+02]
Presolving model
234 rows, 696 cols, 1890 nonzeros  0s
2 rows, 232 cols, 398 nonzeros  0s
2 rows, 38 cols, 67 nonzeros  0s
2 rows, 34 cols, 60 nonzeros  0s
Presolve reductions: rows 2(-3601); columns 34(-2669); nonzeros 60(-8922) 
Objective function is integral with scale 1

Solving MIP model with:
   2 rows
   34 cols (9 binary, 25 integer, 0 implied int., 0 continuous, 0 domain fixed)
   60 nonzeros

Src: B => Branching; C => Central rounding; F => Feasibility pump; H => Heuristic;
     I => Shifting; J => Feasibility jump; L => Sub-MIP; P => Empty MIP; R => Randomized rounding;
     S => Solve LP; T => Evaluate node; U => Unbounded; X => User solution; Y => HiGHS solution;
     Z => ZI Round; l => Trivial lower; p => Trivial point; u => Trivial upper; z => Trivial zero

        Nodes      |    B&B Tree     |            Objective Bounds              |  Dynamic Constraints |       Work      
Src  Proc. InQueue |  Leaves   Expl. | BestBound       BestSol              Gap |   Cuts   InLp Confl. | LpIters     Time

 u       0       0         0   0.00%   -inf            147                Large        0      0      0         0     0.0s
 J       0       0         0   0.00%   -inf            133                Large        0      0      0         0     0.0s
 S       0       0         0   0.00%   0               3                100.00%        0      0      0         0     0.0s
         1       0         1 100.00%   2.646666667     3                 11.78%        0      0      0         1     0.0s

Solving report
  Status            Optimal
  Primal bound      3
  Dual bound        3
  Gap               0% (tolerance: 0.01%)
  P-D integral      0.000320093366835
  Solution status   feasible
                    3 (objective)
                    0 (bound viol.)
                    0 (int. viol.)
                    0 (row viol.)
  Timing            0.02
  Max sub-MIP depth 0
  Nodes             1
  Repair LPs        0
  LP iterations     1
                    0 (strong br.)
                    0 (separation)
                    0 (heuristics)
Status: ok
Solve time: 0.11s
Objective value: 3.0
Number of protected sectors: 3
Zone 2: [(15, 15), (22, 4), (27, 24)]

dataFileName = peninsule_2_30_30_10
solutionValue = 3.0
cpuTime = 0.1597917079925537
[solutionValidator] Objective check skipped (sector values unavailable).
isFeasible = True
Solution is written in the following file:  Solutions_2026-01-22_20-26-53/solutions/peninsule_2_30_30_10_V21_Z3.sol
