----------- ARGUMENTS -----------
Data file path = ../Data/standard/peninsule_2_100_100_5.txt
Problem version = 21
Number of zones = 3
Time limit = 300
Verbose output = True
Solver name = highs
Solution folder path = Solutions_2026-01-22_20-26-53/solutions
------------------------------------
Reading 2 species
Solver appsi_highs is available.
Considering version 2 of the problem
Solving Version 2.1 with solver: appsi_highs
Running HiGHS 1.12.0 (git hash: 755a8e0): Copyright (c) 2025 HiGHS under MIT licence terms
MIP has 40003 rows; 30003 cols; 87765 nonzeros; 30003 integer variables (30003 binary)
Coefficient ranges:
  Matrix  [1e+00, 2e+02]
  Cost    [1e+00, 1e+00]
  Bound   [1e+00, 1e+00]
  RHS     [1e+00, 4e+02]
Presolving model
201 rows, 597 cols, 1356 nonzeros  0s
2 rows, 199 cols, 253 nonzeros  0s
2 rows, 17 cols, 25 nonzeros  0s
2 rows, 14 cols, 22 nonzeros  0s
Presolve reductions: rows 2(-40001); columns 14(-29989); nonzeros 22(-87743) 
Objective function is integral with scale 1

Solving MIP model with:
   2 rows
   14 cols (2 binary, 12 integer, 0 implied int., 0 continuous, 0 domain fixed)
   22 nonzeros

Src: B => Branching; C => Central rounding; F => Feasibility pump; H => Heuristic;
     I => Shifting; J => Feasibility jump; L => Sub-MIP; P => Empty MIP; R => Randomized rounding;
     S => Solve LP; T => Evaluate node; U => Unbounded; X => User solution; Y => HiGHS solution;
     Z => ZI Round; l => Trivial lower; p => Trivial point; u => Trivial upper; z => Trivial zero

        Nodes      |    B&B Tree     |            Objective Bounds              |  Dynamic Constraints |       Work      
Src  Proc. InQueue |  Leaves   Expl. | BestBound       BestSol              Gap |   Cuts   InLp Confl. | LpIters     Time

 u       0       0         0   0.00%   -inf            124                Large        0      0      0         0     0.1s
 J       0       0         0   0.00%   -inf            100                Large        0      0      0         0     0.1s
 S       0       0         0   0.00%   0               5                100.00%        0      0      0         0     0.1s
         1       0         1 100.00%   4.266666667     5                 14.67%        0      0      0         2     0.1s

Solving report
  Status            Optimal
  Primal bound      5
  Dual bound        5
  Gap               0% (tolerance: 0.01%)
  P-D integral      0.00122365315755
  Solution status   feasible
                    5 (objective)
                    0 (bound viol.)
                    0 (int. viol.)
                    0 (row viol.)
  Timing            0.08
  Max sub-MIP depth 0
  Nodes             1
  Repair LPs        0
  LP iterations     2
                    0 (strong br.)
                    0 (separation)
                    0 (heuristics)
Status: ok
Solve time: 1.11s
Objective value: 5.0
Number of protected sectors: 5
Zone 2: [(25, 80), (50, 50), (50, 60), (80, 33), (90, 80)]

dataFileName = peninsule_2_100_100_5
solutionValue = 5.0
cpuTime = 1.5670206546783447
[solutionValidator] Objective check skipped (sector values unavailable).
isFeasible = True
Solution is written in the following file:  Solutions_2026-01-22_20-26-53/solutions/peninsule_2_100_100_5_V21_Z3.sol
----------- ARGUMENTS -----------
Data file path = ../Data/standard/peninsule_2_100_100_5.txt
Problem version = 21
Number of zones = 3
Time limit = 300
Verbose output = True
Solver name = highs
Solution folder path = Solutions_2026-01-22_20-26-53/solutions
------------------------------------
Reading 2 species
Solver appsi_highs is available.
Considering version 2 of the problem
Solving Version 2.1 with solver: appsi_highs
Running HiGHS 1.12.0 (git hash: 755a8e0): Copyright (c) 2025 HiGHS under MIT licence terms
MIP has 40003 rows; 30003 cols; 87765 nonzeros; 30003 integer variables (30003 binary)
Coefficient ranges:
  Matrix  [1e+00, 2e+02]
  Cost    [1e+00, 1e+00]
  Bound   [1e+00, 1e+00]
  RHS     [1e+00, 4e+02]
Presolving model
201 rows, 597 cols, 1356 nonzeros  0s
2 rows, 199 cols, 253 nonzeros  0s
2 rows, 17 cols, 25 nonzeros  0s
2 rows, 14 cols, 22 nonzeros  0s
Presolve reductions: rows 2(-40001); columns 14(-29989); nonzeros 22(-87743) 
Objective function is integral with scale 1

Solving MIP model with:
   2 rows
   14 cols (2 binary, 12 integer, 0 implied int., 0 continuous, 0 domain fixed)
   22 nonzeros

Src: B => Branching; C => Central rounding; F => Feasibility pump; H => Heuristic;
     I => Shifting; J => Feasibility jump; L => Sub-MIP; P => Empty MIP; R => Randomized rounding;
     S => Solve LP; T => Evaluate node; U => Unbounded; X => User solution; Y => HiGHS solution;
     Z => ZI Round; l => Trivial lower; p => Trivial point; u => Trivial upper; z => Trivial zero

        Nodes      |    B&B Tree     |            Objective Bounds              |  Dynamic Constraints |       Work      
Src  Proc. InQueue |  Leaves   Expl. | BestBound       BestSol              Gap |   Cuts   InLp Confl. | LpIters     Time

 u       0       0         0   0.00%   -inf            124                Large        0      0      0         0     0.1s
 J       0       0         0   0.00%   -inf            100                Large        0      0      0         0     0.1s
 S       0       0         0   0.00%   0               5                100.00%        0      0      0         0     0.1s
         1       0         1 100.00%   4.266666667     5                 14.67%        0      0      0         2     0.1s

Solving report
  Status            Optimal
  Primal bound      5
  Dual bound        5
  Gap               0% (tolerance: 0.01%)
  P-D integral      0.00122365315755
  Solution status   feasible
                    5 (objective)
                    0 (bound viol.)
                    0 (int. viol.)
                    0 (row viol.)
  Timing            0.08
  Max sub-MIP depth 0
  Nodes             1
  Repair LPs        0
  LP iterations     2
                    0 (strong br.)
                    0 (separation)
                    0 (heuristics)
Status: ok
Solve time: 1.11s
Objective value: 5.0
Number of protected sectors: 5
Zone 2: [(25, 80), (50, 50), (50, 60), (80, 33), (90, 80)]

dataFileName = peninsule_2_100_100_5
solutionValue = 5.0
cpuTime = 1.5670206546783447
[solutionValidator] Objective check skipped (sector values unavailable).
isFeasible = True
Solution is written in the following file:  Solutions_2026-01-22_20-26-53/solutions/peninsule_2_100_100_5_V21_Z3.sol
