----------- ARGUMENTS -----------
Data file path = ../Data/standard/peninsule_10_10_10_5.txt
Problem version = 21
Number of zones = 3
Time limit = 300
Verbose output = True
Solver name = highs
Solution folder path = Solutions_2026-01-22_20-26-53/solutions
------------------------------------
Reading 10 species
Solver appsi_highs is available.
Considering version 2 of the problem
Solving Version 2.1 with solver: appsi_highs
Running HiGHS 1.12.0 (git hash: 755a8e0): Copyright (c) 2025 HiGHS under MIT licence terms
MIP has 411 rows; 303 cols; 2763 nonzeros; 303 integer variables (303 binary)
Coefficient ranges:
  Matrix  [1e+00, 2e+02]
  Cost    [1e+00, 1e+00]
  Bound   [1e+00, 1e+00]
  RHS     [1e+00, 4e+02]
Presolving model
92 rows, 246 cols, 2160 nonzeros  0s
10 rows, 82 cols, 638 nonzeros  0s
10 rows, 76 cols, 587 nonzeros  0s
Presolve reductions: rows 10(-401); columns 76(-227); nonzeros 587(-2176) 
Objective function is integral with scale 1

Solving MIP model with:
   10 rows
   76 cols (71 binary, 5 integer, 0 implied int., 0 continuous, 0 domain fixed)
   587 nonzeros

Src: B => Branching; C => Central rounding; F => Feasibility pump; H => Heuristic;
     I => Shifting; J => Feasibility jump; L => Sub-MIP; P => Empty MIP; R => Randomized rounding;
     S => Solve LP; T => Evaluate node; U => Unbounded; X => User solution; Y => HiGHS solution;
     Z => ZI Round; l => Trivial lower; p => Trivial point; u => Trivial upper; z => Trivial zero

        Nodes      |    B&B Tree     |            Objective Bounds              |  Dynamic Constraints |       Work      
Src  Proc. InQueue |  Leaves   Expl. | BestBound       BestSol              Gap |   Cuts   InLp Confl. | LpIters     Time

 u       0       0         0   0.00%   -inf            82                 Large        0      0      0         0     0.0s
 J       0       0         0   0.00%   -inf            79                 Large        0      0      0         0     0.0s
 S       0       0         0   0.00%   0               26               100.00%        0      0      0         0     0.0s
         1       0         1 100.00%   25.375          26                 2.40%        0      0      0         8     0.0s

Solving report
  Status            Optimal
  Primal bound      26
  Dual bound        26
  Gap               0% (tolerance: 0.01%)
  P-D integral      0.000467142233482
  Solution status   feasible
                    26 (objective)
                    0 (bound viol.)
                    0 (int. viol.)
                    0 (row viol.)
  Timing            0.01
  Max sub-MIP depth 0
  Nodes             1
  Repair LPs        0
  LP iterations     8
                    0 (strong br.)
                    0 (separation)
                    0 (heuristics)
Status: ok
Solve time: 0.03s
Objective value: 26.0
Number of protected sectors: 26
Zone 2: [(0, 8), (0, 9), (1, 8), (1, 9), (2, 7), (2, 8), (2, 9), (3, 8), (5, 1), (6, 1), (6, 2), (7, 0), (7, 1), (7, 2), (7, 3), (7, 4), (8, 1), (8, 2), (8, 3), (8, 8), (9, 1), (9, 2), (9, 5), (9, 7), (9, 8), (9, 9)]

dataFileName = peninsule_10_10_10_5
solutionValue = 26.0
cpuTime = 0.03262019157409668
[solutionValidator] Objective check skipped (sector values unavailable).
isFeasible = True
Solution is written in the following file:  Solutions_2026-01-22_20-26-53/solutions/peninsule_10_10_10_5_V21_Z3.sol
----------- ARGUMENTS -----------
Data file path = ../Data/standard/peninsule_10_10_10_5.txt
Problem version = 21
Number of zones = 3
Time limit = 300
Verbose output = True
Solver name = highs
Solution folder path = Solutions_2026-01-22_20-26-53/solutions
------------------------------------
Reading 10 species
Solver appsi_highs is available.
Considering version 2 of the problem
Solving Version 2.1 with solver: appsi_highs
Running HiGHS 1.12.0 (git hash: 755a8e0): Copyright (c) 2025 HiGHS under MIT licence terms
MIP has 411 rows; 303 cols; 2763 nonzeros; 303 integer variables (303 binary)
Coefficient ranges:
  Matrix  [1e+00, 2e+02]
  Cost    [1e+00, 1e+00]
  Bound   [1e+00, 1e+00]
  RHS     [1e+00, 4e+02]
Presolving model
92 rows, 246 cols, 2160 nonzeros  0s
10 rows, 82 cols, 638 nonzeros  0s
10 rows, 76 cols, 587 nonzeros  0s
Presolve reductions: rows 10(-401); columns 76(-227); nonzeros 587(-2176) 
Objective function is integral with scale 1

Solving MIP model with:
   10 rows
   76 cols (71 binary, 5 integer, 0 implied int., 0 continuous, 0 domain fixed)
   587 nonzeros

Src: B => Branching; C => Central rounding; F => Feasibility pump; H => Heuristic;
     I => Shifting; J => Feasibility jump; L => Sub-MIP; P => Empty MIP; R => Randomized rounding;
     S => Solve LP; T => Evaluate node; U => Unbounded; X => User solution; Y => HiGHS solution;
     Z => ZI Round; l => Trivial lower; p => Trivial point; u => Trivial upper; z => Trivial zero

        Nodes      |    B&B Tree     |            Objective Bounds              |  Dynamic Constraints |       Work      
Src  Proc. InQueue |  Leaves   Expl. | BestBound       BestSol              Gap |   Cuts   InLp Confl. | LpIters     Time

 u       0       0         0   0.00%   -inf            82                 Large        0      0      0         0     0.0s
 J       0       0         0   0.00%   -inf            79                 Large        0      0      0         0     0.0s
 S       0       0         0   0.00%   0               26               100.00%        0      0      0         0     0.0s
         1       0         1 100.00%   25.375          26                 2.40%        0      0      0         8     0.0s

Solving report
  Status            Optimal
  Primal bound      26
  Dual bound        26
  Gap               0% (tolerance: 0.01%)
  P-D integral      0.000467142233482
  Solution status   feasible
                    26 (objective)
                    0 (bound viol.)
                    0 (int. viol.)
                    0 (row viol.)
  Timing            0.01
  Max sub-MIP depth 0
  Nodes             1
  Repair LPs        0
  LP iterations     8
                    0 (strong br.)
                    0 (separation)
                    0 (heuristics)
Status: ok
Solve time: 0.03s
Objective value: 26.0
Number of protected sectors: 26
Zone 2: [(0, 8), (0, 9), (1, 8), (1, 9), (2, 7), (2, 8), (2, 9), (3, 8), (5, 1), (6, 1), (6, 2), (7, 0), (7, 1), (7, 2), (7, 3), (7, 4), (8, 1), (8, 2), (8, 3), (8, 8), (9, 1), (9, 2), (9, 5), (9, 7), (9, 8), (9, 9)]

dataFileName = peninsule_10_10_10_5
solutionValue = 26.0
cpuTime = 0.03262019157409668
[solutionValidator] Objective check skipped (sector values unavailable).
isFeasible = True
Solution is written in the following file:  Solutions_2026-01-22_20-26-53/solutions/peninsule_10_10_10_5_V21_Z3.sol
