----------- ARGUMENTS -----------
Data file path = Data/Data/Experimentation\detroit_5_10_10_7.txt
Problem version = 3
Number of zones = 7
Time limit = 300
Verbose output = False
Solver name = highs
Solution folder path = Experiments_V3_2026-01-23_11-47-29\solutions
------------------------------------
Reading 5 species
Solver appsi_highs is available.

dataFileName = detroit_5_10_10_7
solutionValue = -1
cpuTime = 3.3032445907592773
isFeasible = True
Solution is written in the following file:  Experiments_V3_2026-01-23_11-47-29\solutions\detroit_5_10_10_7_V3_Z7.sol
----------- ARGUMENTS -----------
Data file path = Data/Data/Experimentation\detroit_5_10_10_7.txt
Problem version = 3
Number of zones = 7
Time limit = 300
Verbose output = False
Solver name = highs
Solution folder path = Experiments_V3_2026-01-23_11-47-29\solutions
------------------------------------
Reading 5 species
Solver appsi_highs is available.

dataFileName = detroit_5_10_10_7
solutionValue = -1
cpuTime = 3.3032445907592773
isFeasible = True
Solution is written in the following file:  Experiments_V3_2026-01-23_11-47-29\solutions\detroit_5_10_10_7_V3_Z7.sol
