----------- ARGUMENTS -----------
Data file path = Data/Data/Experimentation\detroit_2_30_30_10.txt
Problem version = 3
Number of zones = 7
Time limit = 300
Verbose output = False
Solver name = highs
Solution folder path = Experiments_V3_2026-01-23_11-47-29\solutions
------------------------------------
Reading 2 species
Solver appsi_highs is available.

dataFileName = detroit_2_30_30_10
solutionValue = 3
cpuTime = 29.52214527130127
isFeasible = True
Solution is written in the following file:  Experiments_V3_2026-01-23_11-47-29\solutions\detroit_2_30_30_10_V3_Z7.sol
----------- ARGUMENTS -----------
Data file path = Data/Data/Experimentation\detroit_2_30_30_10.txt
Problem version = 3
Number of zones = 7
Time limit = 300
Verbose output = False
Solver name = highs
Solution folder path = Experiments_V3_2026-01-23_11-47-29\solutions
------------------------------------
Reading 2 species
Solver appsi_highs is available.

dataFileName = detroit_2_30_30_10
solutionValue = 3
cpuTime = 29.52214527130127
isFeasible = True
Solution is written in the following file:  Experiments_V3_2026-01-23_11-47-29\solutions\detroit_2_30_30_10_V3_Z7.sol
