----------- ARGUMENTS -----------
Data file path = Data/Data/Experimentation\iles_10_100_100_10.txt
Problem version = 3
Number of zones = 7
Time limit = 300
Verbose output = False
Solver name = highs
Solution folder path = Experiments_V3_2026-01-23_11-47-29\solutions
------------------------------------
Reading 10 species
Solver appsi_highs is available.

dataFileName = iles_10_100_100_10
solutionValue = -1
cpuTime = 612.1694974899292
isFeasible = True
Solution is written in the following file:  Experiments_V3_2026-01-23_11-47-29\solutions\iles_10_100_100_10_V3_Z7.sol
----------- ARGUMENTS -----------
Data file path = Data/Data/Experimentation\iles_10_100_100_10.txt
Problem version = 3
Number of zones = 7
Time limit = 300
Verbose output = False
Solver name = highs
Solution folder path = Experiments_V3_2026-01-23_11-47-29\solutions
------------------------------------
Reading 10 species
Solver appsi_highs is available.

dataFileName = iles_10_100_100_10
solutionValue = -1
cpuTime = 612.1694974899292
isFeasible = True
Solution is written in the following file:  Experiments_V3_2026-01-23_11-47-29\solutions\iles_10_100_100_10_V3_Z7.sol
