----------- ARGUMENTS -----------
Data file path = Data/Data/Experimentation\long_island_2_10_10_10.txt
Problem version = 3
Number of zones = 7
Time limit = 300
Verbose output = False
Solver name = highs
Solution folder path = Experiments_V3_2026-01-23_11-47-29\solutions
------------------------------------
Reading 2 species
Solver appsi_highs is available.

dataFileName = long_island_2_10_10_10
solutionValue = 3
cpuTime = 2.9128053188323975
isFeasible = True
Solution is written in the following file:  Experiments_V3_2026-01-23_11-47-29\solutions\long_island_2_10_10_10_V3_Z7.sol
----------- ARGUMENTS -----------
Data file path = Data/Data/Experimentation\long_island_2_10_10_10.txt
Problem version = 3
Number of zones = 7
Time limit = 300
Verbose output = False
Solver name = highs
Solution folder path = Experiments_V3_2026-01-23_11-47-29\solutions
------------------------------------
Reading 2 species
Solver appsi_highs is available.

dataFileName = long_island_2_10_10_10
solutionValue = 3
cpuTime = 2.9128053188323975
isFeasible = True
Solution is written in the following file:  Experiments_V3_2026-01-23_11-47-29\solutions\long_island_2_10_10_10_V3_Z7.sol
