----------- ARGUMENTS -----------
Data file path = ../Data/standard/archipel_10_10_10_5.txt
Problem version = 21
Number of zones = 7
Time limit = 300
Verbose output = True
Solver name = highs
Solution folder path = Solutions_2026-01-23_00-10-16/solutions
------------------------------------
Reading 10 species
Solver appsi_highs is available.
Considering version 2 of the problem
Solving Version 2.1 with solver: appsi_highs
Running HiGHS 1.12.0 (git hash: 755a8e0): Copyright (c) 2025 HiGHS under MIT licence terms
MIP has 811 rows; 707 cols; 6853 nonzeros; 707 integer variables (707 binary)
Coefficient ranges:
  Matrix  [1e+00, 2e+02]
  Cost    [1e+00, 1e+00]
  Bound   [1e+00, 1e+00]
  RHS     [1e+00, 4e+02]
Presolving model
103 rows, 651 cols, 5446 nonzeros  0s
10 rows, 93 cols, 685 nonzeros  0s
10 rows, 84 cols, 614 nonzeros  0s
Presolve reductions: rows 10(-801); columns 84(-623); nonzeros 614(-6239) 
Objective function is integral with scale 1

Solving MIP model with:
   10 rows
   84 cols (76 binary, 8 integer, 0 implied int., 0 continuous, 0 domain fixed)
   614 nonzeros

Src: B => Branching; C => Central rounding; F => Feasibility pump; H => Heuristic;
     I => Shifting; J => Feasibility jump; L => Sub-MIP; P => Empty MIP; R => Randomized rounding;
     S => Solve LP; T => Evaluate node; U => Unbounded; X => User solution; Y => HiGHS solution;
     Z => ZI Round; l => Trivial lower; p => Trivial point; u => Trivial upper; z => Trivial zero

        Nodes      |    B&B Tree     |            Objective Bounds              |  Dynamic Constraints |       Work      
Src  Proc. InQueue |  Leaves   Expl. | BestBound       BestSol              Gap |   Cuts   InLp Confl. | LpIters     Time

 u       0       0         0   0.00%   -inf            93                 Large        0      0      0         0     0.0s
 J       0       0         0   0.00%   -inf            90                 Large        0      0      0         0     0.0s
 S       0       0         0   0.00%   0               31               100.00%        0      0      0         0     0.0s
         1       0         1 100.00%   30.125          31                 2.82%        0      0      0         5     0.0s

Solving report
  Status            Optimal
  Primal bound      31
  Dual bound        31
  Gap               0% (tolerance: 0.01%)
  P-D integral      0.000435586898558
  Solution status   feasible
                    31 (objective)
                    0 (bound viol.)
                    0 (int. viol.)
                    0 (row viol.)
  Timing            0.01
  Max sub-MIP depth 0
  Nodes             1
  Repair LPs        0
  LP iterations     5
                    0 (strong br.)
                    0 (separation)
                    0 (heuristics)
Status: ok
Solve time: 0.04s
Objective value: 31.0
Number of protected sectors: 31
Zone 6: [(0, 1), (0, 8), (0, 9), (1, 0), (1, 1), (1, 2), (1, 8), (1, 9), (2, 1), (2, 7), (2, 9), (3, 8), (5, 1), (6, 1), (6, 2), (7, 0), (7, 1), (7, 2), (7, 4), (7, 8), (8, 0), (8, 1), (8, 3), (8, 7), (8, 8), (9, 1), (9, 2), (9, 6), (9, 7), (9, 8), (9, 9)]

dataFileName = archipel_10_10_10_5
solutionValue = 31.0
cpuTime = 0.05576515197753906
[solutionValidator] Objective check skipped (sector values unavailable).
isFeasible = True
Solution is written in the following file:  Solutions_2026-01-23_00-10-16/solutions/archipel_10_10_10_5_V21_Z7.sol
----------- ARGUMENTS -----------
Data file path = ../Data/standard/archipel_10_10_10_5.txt
Problem version = 21
Number of zones = 7
Time limit = 300
Verbose output = True
Solver name = highs
Solution folder path = Solutions_2026-01-23_00-10-16/solutions
------------------------------------
Reading 10 species
Solver appsi_highs is available.
Considering version 2 of the problem
Solving Version 2.1 with solver: appsi_highs
Running HiGHS 1.12.0 (git hash: 755a8e0): Copyright (c) 2025 HiGHS under MIT licence terms
MIP has 811 rows; 707 cols; 6853 nonzeros; 707 integer variables (707 binary)
Coefficient ranges:
  Matrix  [1e+00, 2e+02]
  Cost    [1e+00, 1e+00]
  Bound   [1e+00, 1e+00]
  RHS     [1e+00, 4e+02]
Presolving model
103 rows, 651 cols, 5446 nonzeros  0s
10 rows, 93 cols, 685 nonzeros  0s
10 rows, 84 cols, 614 nonzeros  0s
Presolve reductions: rows 10(-801); columns 84(-623); nonzeros 614(-6239) 
Objective function is integral with scale 1

Solving MIP model with:
   10 rows
   84 cols (76 binary, 8 integer, 0 implied int., 0 continuous, 0 domain fixed)
   614 nonzeros

Src: B => Branching; C => Central rounding; F => Feasibility pump; H => Heuristic;
     I => Shifting; J => Feasibility jump; L => Sub-MIP; P => Empty MIP; R => Randomized rounding;
     S => Solve LP; T => Evaluate node; U => Unbounded; X => User solution; Y => HiGHS solution;
     Z => ZI Round; l => Trivial lower; p => Trivial point; u => Trivial upper; z => Trivial zero

        Nodes      |    B&B Tree     |            Objective Bounds              |  Dynamic Constraints |       Work      
Src  Proc. InQueue |  Leaves   Expl. | BestBound       BestSol              Gap |   Cuts   InLp Confl. | LpIters     Time

 u       0       0         0   0.00%   -inf            93                 Large        0      0      0         0     0.0s
 J       0       0         0   0.00%   -inf            90                 Large        0      0      0         0     0.0s
 S       0       0         0   0.00%   0               31               100.00%        0      0      0         0     0.0s
         1       0         1 100.00%   30.125          31                 2.82%        0      0      0         5     0.0s

Solving report
  Status            Optimal
  Primal bound      31
  Dual bound        31
  Gap               0% (tolerance: 0.01%)
  P-D integral      0.000435586898558
  Solution status   feasible
                    31 (objective)
                    0 (bound viol.)
                    0 (int. viol.)
                    0 (row viol.)
  Timing            0.01
  Max sub-MIP depth 0
  Nodes             1
  Repair LPs        0
  LP iterations     5
                    0 (strong br.)
                    0 (separation)
                    0 (heuristics)
Status: ok
Solve time: 0.04s
Objective value: 31.0
Number of protected sectors: 31
Zone 6: [(0, 1), (0, 8), (0, 9), (1, 0), (1, 1), (1, 2), (1, 8), (1, 9), (2, 1), (2, 7), (2, 9), (3, 8), (5, 1), (6, 1), (6, 2), (7, 0), (7, 1), (7, 2), (7, 4), (7, 8), (8, 0), (8, 1), (8, 3), (8, 7), (8, 8), (9, 1), (9, 2), (9, 6), (9, 7), (9, 8), (9, 9)]

dataFileName = archipel_10_10_10_5
solutionValue = 31.0
cpuTime = 0.05576515197753906
[solutionValidator] Objective check skipped (sector values unavailable).
isFeasible = True
Solution is written in the following file:  Solutions_2026-01-23_00-10-16/solutions/archipel_10_10_10_5_V21_Z7.sol
