----------- ARGUMENTS -----------
Data file path = ../Data/standard/archipel_10_500_500_7.txt
Problem version = 21
Number of zones = 7
Time limit = 300
Verbose output = True
Solver name = highs
Solution folder path = Solutions_2026-01-23_00-10-16/solutions
------------------------------------
Reading 10 species
Solver appsi_highs is available.
Considering version 2 of the problem
Solving Version 2.1 with solver: appsi_highs
Running HiGHS 1.12.0 (git hash: 755a8e0): Copyright (c) 2025 HiGHS under MIT licence terms
MIP has 2000011 rows; 1750007 cols; 5255411 nonzeros; 1750007 integer variables (1750007 binary)
Coefficient ranges:
  Matrix  [1e+00, 2e+02]
  Cost    [1e+00, 1e+00]
  Bound   [1e+00, 1e+00]
  RHS     [1e+00, 4e+02]
Presolving model
1369 rows, 9513 cols, 28931 nonzeros  4s
10 rows, 1359 cols, 2774 nonzeros  5s
10 rows, 56 cols, 278 nonzeros  5s
10 rows, 55 cols, 277 nonzeros  5s
Presolve reductions: rows 10(-2000001); columns 55(-1749952); nonzeros 277(-5255134) 
Objective function is integral with scale 1

Solving MIP model with:
   10 rows
   55 cols (10 binary, 45 integer, 0 implied int., 0 continuous, 0 domain fixed)
   277 nonzeros

Src: B => Branching; C => Central rounding; F => Feasibility pump; H => Heuristic;
     I => Shifting; J => Feasibility jump; L => Sub-MIP; P => Empty MIP; R => Randomized rounding;
     S => Solve LP; T => Evaluate node; U => Unbounded; X => User solution; Y => HiGHS solution;
     Z => ZI Round; l => Trivial lower; p => Trivial point; u => Trivial upper; z => Trivial zero

        Nodes      |    B&B Tree     |            Objective Bounds              |  Dynamic Constraints |       Work      
Src  Proc. InQueue |  Leaves   Expl. | BestBound       BestSol              Gap |   Cuts   InLp Confl. | LpIters     Time

 u       0       0         0   0.00%   -inf            555                Large        0      0      0         0     5.3s
 J       0       0         0   0.00%   -inf            501                Large        0      0      0         0     5.3s
 S       0       0         0   0.00%   0               9                100.00%        0      0      0         0     5.4s
         1       0         1 100.00%   8.733333333     9                  2.96%        0      0      0         1     5.4s

Solving report
  Status            Optimal
  Primal bound      9
  Dual bound        9
  Gap               0% (tolerance: 0.01%)
  P-D integral      0.0577981136463
  Solution status   feasible
                    9 (objective)
                    0 (bound viol.)
                    0 (int. viol.)
                    0 (row viol.)
  Timing            5.39
  Max sub-MIP depth 0
  Nodes             1
  Repair LPs        0
  LP iterations     1
                    0 (strong br.)
                    0 (separation)
                    0 (heuristics)
Status: ok
Solve time: 91.24s
Objective value: 9.0
Number of protected sectors: 9
Zone 6: [(25, 475), (75, 75), (125, 400), (250, 300), (375, 75), (400, 25), (400, 26), (401, 25), (450, 400)]

dataFileName = archipel_10_500_500_7
solutionValue = 9.0
cpuTime = 140.10367274284363
[solutionValidator] Objective check skipped (sector values unavailable).
isFeasible = True
Solution is written in the following file:  Solutions_2026-01-23_00-10-16/solutions/archipel_10_500_500_7_V21_Z7.sol
----------- ARGUMENTS -----------
Data file path = ../Data/standard/archipel_10_500_500_7.txt
Problem version = 21
Number of zones = 7
Time limit = 300
Verbose output = True
Solver name = highs
Solution folder path = Solutions_2026-01-23_00-10-16/solutions
------------------------------------
Reading 10 species
Solver appsi_highs is available.
Considering version 2 of the problem
Solving Version 2.1 with solver: appsi_highs
Running HiGHS 1.12.0 (git hash: 755a8e0): Copyright (c) 2025 HiGHS under MIT licence terms
MIP has 2000011 rows; 1750007 cols; 5255411 nonzeros; 1750007 integer variables (1750007 binary)
Coefficient ranges:
  Matrix  [1e+00, 2e+02]
  Cost    [1e+00, 1e+00]
  Bound   [1e+00, 1e+00]
  RHS     [1e+00, 4e+02]
Presolving model
1369 rows, 9513 cols, 28931 nonzeros  4s
10 rows, 1359 cols, 2774 nonzeros  5s
10 rows, 56 cols, 278 nonzeros  5s
10 rows, 55 cols, 277 nonzeros  5s
Presolve reductions: rows 10(-2000001); columns 55(-1749952); nonzeros 277(-5255134) 
Objective function is integral with scale 1

Solving MIP model with:
   10 rows
   55 cols (10 binary, 45 integer, 0 implied int., 0 continuous, 0 domain fixed)
   277 nonzeros

Src: B => Branching; C => Central rounding; F => Feasibility pump; H => Heuristic;
     I => Shifting; J => Feasibility jump; L => Sub-MIP; P => Empty MIP; R => Randomized rounding;
     S => Solve LP; T => Evaluate node; U => Unbounded; X => User solution; Y => HiGHS solution;
     Z => ZI Round; l => Trivial lower; p => Trivial point; u => Trivial upper; z => Trivial zero

        Nodes      |    B&B Tree     |            Objective Bounds              |  Dynamic Constraints |       Work      
Src  Proc. InQueue |  Leaves   Expl. | BestBound       BestSol              Gap |   Cuts   InLp Confl. | LpIters     Time

 u       0       0         0   0.00%   -inf            555                Large        0      0      0         0     5.3s
 J       0       0         0   0.00%   -inf            501                Large        0      0      0         0     5.3s
 S       0       0         0   0.00%   0               9                100.00%        0      0      0         0     5.4s
         1       0         1 100.00%   8.733333333     9                  2.96%        0      0      0         1     5.4s

Solving report
  Status            Optimal
  Primal bound      9
  Dual bound        9
  Gap               0% (tolerance: 0.01%)
  P-D integral      0.0577981136463
  Solution status   feasible
                    9 (objective)
                    0 (bound viol.)
                    0 (int. viol.)
                    0 (row viol.)
  Timing            5.39
  Max sub-MIP depth 0
  Nodes             1
  Repair LPs        0
  LP iterations     1
                    0 (strong br.)
                    0 (separation)
                    0 (heuristics)
Status: ok
Solve time: 91.24s
Objective value: 9.0
Number of protected sectors: 9
Zone 6: [(25, 475), (75, 75), (125, 400), (250, 300), (375, 75), (400, 25), (400, 26), (401, 25), (450, 400)]

dataFileName = archipel_10_500_500_7
solutionValue = 9.0
cpuTime = 140.10367274284363
[solutionValidator] Objective check skipped (sector values unavailable).
isFeasible = True
Solution is written in the following file:  Solutions_2026-01-23_00-10-16/solutions/archipel_10_500_500_7_V21_Z7.sol
