----------- ARGUMENTS -----------
Data file path = ../Data/standard/archipel_10_30_30_10.txt
Problem version = 21
Number of zones = 7
Time limit = 300
Verbose output = True
Solver name = highs
Solution folder path = Solutions_2026-01-23_00-10-16/solutions
------------------------------------
Reading 10 species
Solver appsi_highs is available.
Considering version 2 of the problem
Solving Version 2.1 with solver: appsi_highs
Running HiGHS 1.12.0 (git hash: 755a8e0): Copyright (c) 2025 HiGHS under MIT licence terms
MIP has 7211 rows; 6307 cols; 36701 nonzeros; 6307 integer variables (6307 binary)
Coefficient ranges:
  Matrix  [1e+00, 2e+02]
  Cost    [1e+00, 1e+00]
  Bound   [1e+00, 1e+00]
  RHS     [1e+00, 4e+02]
Presolving model
663 rows, 4571 cols, 22463 nonzeros  0s
6 rows, 653 cols, 1708 nonzeros  0s
6 rows, 104 cols, 448 nonzeros  0s
6 rows, 104 cols, 448 nonzeros  0s
Presolve reductions: rows 6(-7205); columns 104(-6203); nonzeros 448(-36253) 
Objective function is integral with scale 1

Solving MIP model with:
   6 rows
   104 cols (24 binary, 80 integer, 0 implied int., 0 continuous, 0 domain fixed)
   448 nonzeros

Src: B => Branching; C => Central rounding; F => Feasibility pump; H => Heuristic;
     I => Shifting; J => Feasibility jump; L => Sub-MIP; P => Empty MIP; R => Randomized rounding;
     S => Solve LP; T => Evaluate node; U => Unbounded; X => User solution; Y => HiGHS solution;
     Z => ZI Round; l => Trivial lower; p => Trivial point; u => Trivial upper; z => Trivial zero

        Nodes      |    B&B Tree     |            Objective Bounds              |  Dynamic Constraints |       Work      
Src  Proc. InQueue |  Leaves   Expl. | BestBound       BestSol              Gap |   Cuts   InLp Confl. | LpIters     Time

 u       0       0         0   0.00%   -inf            653                Large        0      0      0         0     0.3s
 J       0       0         0   0.00%   -inf            586                Large        0      0      0         0     0.3s
 S       0       0         0   0.00%   0               6                100.00%        0      0      0         0     0.3s
 R       0       0         0 100.00%   4.80622871      5                  3.88%        0      0      0         5     0.3s
         1       0         1 100.00%   5               5                  0.00%        0      0      0         5     0.3s

Solving report
  Status            Optimal
  Primal bound      5
  Dual bound        5
  Gap               0% (tolerance: 0.01%)
  P-D integral      0.000866905501676
  Solution status   feasible
                    5 (objective)
                    0 (bound viol.)
                    0 (int. viol.)
                    0 (row viol.)
  Timing            0.32
  Max sub-MIP depth 0
  Nodes             1
  Repair LPs        0
  LP iterations     5
                    0 (strong br.)
                    0 (separation)
                    0 (heuristics)
Status: ok
Solve time: 0.57s
Objective value: 5.0
Number of protected sectors: 5
Zone 6: [(1, 28), (15, 18), (24, 1), (24, 9), (28, 28)]

dataFileName = archipel_10_30_30_10
solutionValue = 5.0
cpuTime = 0.7427268028259277
[solutionValidator] Objective check skipped (sector values unavailable).
isFeasible = True
Solution is written in the following file:  Solutions_2026-01-23_00-10-16/solutions/archipel_10_30_30_10_V21_Z7.sol
----------- ARGUMENTS -----------
Data file path = ../Data/standard/archipel_10_30_30_10.txt
Problem version = 21
Number of zones = 7
Time limit = 300
Verbose output = True
Solver name = highs
Solution folder path = Solutions_2026-01-23_00-10-16/solutions
------------------------------------
Reading 10 species
Solver appsi_highs is available.
Considering version 2 of the problem
Solving Version 2.1 with solver: appsi_highs
Running HiGHS 1.12.0 (git hash: 755a8e0): Copyright (c) 2025 HiGHS under MIT licence terms
MIP has 7211 rows; 6307 cols; 36701 nonzeros; 6307 integer variables (6307 binary)
Coefficient ranges:
  Matrix  [1e+00, 2e+02]
  Cost    [1e+00, 1e+00]
  Bound   [1e+00, 1e+00]
  RHS     [1e+00, 4e+02]
Presolving model
663 rows, 4571 cols, 22463 nonzeros  0s
6 rows, 653 cols, 1708 nonzeros  0s
6 rows, 104 cols, 448 nonzeros  0s
6 rows, 104 cols, 448 nonzeros  0s
Presolve reductions: rows 6(-7205); columns 104(-6203); nonzeros 448(-36253) 
Objective function is integral with scale 1

Solving MIP model with:
   6 rows
   104 cols (24 binary, 80 integer, 0 implied int., 0 continuous, 0 domain fixed)
   448 nonzeros

Src: B => Branching; C => Central rounding; F => Feasibility pump; H => Heuristic;
     I => Shifting; J => Feasibility jump; L => Sub-MIP; P => Empty MIP; R => Randomized rounding;
     S => Solve LP; T => Evaluate node; U => Unbounded; X => User solution; Y => HiGHS solution;
     Z => ZI Round; l => Trivial lower; p => Trivial point; u => Trivial upper; z => Trivial zero

        Nodes      |    B&B Tree     |            Objective Bounds              |  Dynamic Constraints |       Work      
Src  Proc. InQueue |  Leaves   Expl. | BestBound       BestSol              Gap |   Cuts   InLp Confl. | LpIters     Time

 u       0       0         0   0.00%   -inf            653                Large        0      0      0         0     0.3s
 J       0       0         0   0.00%   -inf            586                Large        0      0      0         0     0.3s
 S       0       0         0   0.00%   0               6                100.00%        0      0      0         0     0.3s
 R       0       0         0 100.00%   4.80622871      5                  3.88%        0      0      0         5     0.3s
         1       0         1 100.00%   5               5                  0.00%        0      0      0         5     0.3s

Solving report
  Status            Optimal
  Primal bound      5
  Dual bound        5
  Gap               0% (tolerance: 0.01%)
  P-D integral      0.000866905501676
  Solution status   feasible
                    5 (objective)
                    0 (bound viol.)
                    0 (int. viol.)
                    0 (row viol.)
  Timing            0.32
  Max sub-MIP depth 0
  Nodes             1
  Repair LPs        0
  LP iterations     5
                    0 (strong br.)
                    0 (separation)
                    0 (heuristics)
Status: ok
Solve time: 0.57s
Objective value: 5.0
Number of protected sectors: 5
Zone 6: [(1, 28), (15, 18), (24, 1), (24, 9), (28, 28)]

dataFileName = archipel_10_30_30_10
solutionValue = 5.0
cpuTime = 0.7427268028259277
[solutionValidator] Objective check skipped (sector values unavailable).
isFeasible = True
Solution is written in the following file:  Solutions_2026-01-23_00-10-16/solutions/archipel_10_30_30_10_V21_Z7.sol
