----------- ARGUMENTS -----------
Data file path = ../Data/standard/archipel_5_10_10_7.txt
Problem version = 21
Number of zones = 7
Time limit = 300
Verbose output = True
Solver name = highs
Solution folder path = Solutions_2026-01-23_00-10-16/solutions
------------------------------------
Reading 5 species
Solver appsi_highs is available.
Considering version 2 of the problem
Solving Version 2.1 with solver: appsi_highs
Running HiGHS 1.12.0 (git hash: 755a8e0): Copyright (c) 2025 HiGHS under MIT licence terms
MIP has 806 rows; 707 cols; 4900 nonzeros; 707 integer variables (707 binary)
Coefficient ranges:
  Matrix  [1e+00, 2e+02]
  Cost    [1e+00, 1e+00]
  Bound   [1e+00, 1e+00]
  RHS     [1e+00, 4e+02]
Presolving model
98 rows, 651 cols, 3493 nonzeros  0s
5 rows, 93 cols, 406 nonzeros  0s
5 rows, 84 cols, 365 nonzeros  0s
Presolve reductions: rows 5(-801); columns 84(-623); nonzeros 365(-4535) 
Objective function is integral with scale 1

Solving MIP model with:
   5 rows
   84 cols (76 binary, 8 integer, 0 implied int., 0 continuous, 0 domain fixed)
   365 nonzeros

Src: B => Branching; C => Central rounding; F => Feasibility pump; H => Heuristic;
     I => Shifting; J => Feasibility jump; L => Sub-MIP; P => Empty MIP; R => Randomized rounding;
     S => Solve LP; T => Evaluate node; U => Unbounded; X => User solution; Y => HiGHS solution;
     Z => ZI Round; l => Trivial lower; p => Trivial point; u => Trivial upper; z => Trivial zero

        Nodes      |    B&B Tree     |            Objective Bounds              |  Dynamic Constraints |       Work      
Src  Proc. InQueue |  Leaves   Expl. | BestBound       BestSol              Gap |   Cuts   InLp Confl. | LpIters     Time

 u       0       0         0   0.00%   -inf            93                 Large        0      0      0         0     0.0s
 J       0       0         0   0.00%   -inf            90                 Large        0      0      0         0     0.0s
 S       0       0         0   0.00%   0               11               100.00%        0      0      0         0     0.0s
 R       0       0         0 100.00%   9.298723404     10                 7.01%        0      0      0         5     0.0s
         1       0         1 100.00%   10              10                 0.00%        0      0      0         5     0.0s

Solving report
  Status            Optimal
  Primal bound      10
  Dual bound        10
  Gap               0% (tolerance: 0.01%)
  P-D integral      0.000435971568124
  Solution status   feasible
                    10 (objective)
                    0 (bound viol.)
                    0 (int. viol.)
                    0 (row viol.)
  Timing            0.01
  Max sub-MIP depth 0
  Nodes             1
  Repair LPs        0
  LP iterations     5
                    0 (strong br.)
                    0 (separation)
                    0 (heuristics)
Status: ok
Solve time: 0.03s
Objective value: 10.0
Number of protected sectors: 10
Zone 6: [(0, 9), (1, 1), (2, 9), (5, 6), (7, 0), (7, 1), (8, 0), (8, 1), (8, 3), (9, 8)]

dataFileName = archipel_5_10_10_7
solutionValue = 10.0
cpuTime = 0.04398369789123535
[solutionValidator] Objective check skipped (sector values unavailable).
isFeasible = True
Solution is written in the following file:  Solutions_2026-01-23_00-10-16/solutions/archipel_5_10_10_7_V21_Z7.sol
----------- ARGUMENTS -----------
Data file path = ../Data/standard/archipel_5_10_10_7.txt
Problem version = 21
Number of zones = 7
Time limit = 300
Verbose output = True
Solver name = highs
Solution folder path = Solutions_2026-01-23_00-10-16/solutions
------------------------------------
Reading 5 species
Solver appsi_highs is available.
Considering version 2 of the problem
Solving Version 2.1 with solver: appsi_highs
Running HiGHS 1.12.0 (git hash: 755a8e0): Copyright (c) 2025 HiGHS under MIT licence terms
MIP has 806 rows; 707 cols; 4900 nonzeros; 707 integer variables (707 binary)
Coefficient ranges:
  Matrix  [1e+00, 2e+02]
  Cost    [1e+00, 1e+00]
  Bound   [1e+00, 1e+00]
  RHS     [1e+00, 4e+02]
Presolving model
98 rows, 651 cols, 3493 nonzeros  0s
5 rows, 93 cols, 406 nonzeros  0s
5 rows, 84 cols, 365 nonzeros  0s
Presolve reductions: rows 5(-801); columns 84(-623); nonzeros 365(-4535) 
Objective function is integral with scale 1

Solving MIP model with:
   5 rows
   84 cols (76 binary, 8 integer, 0 implied int., 0 continuous, 0 domain fixed)
   365 nonzeros

Src: B => Branching; C => Central rounding; F => Feasibility pump; H => Heuristic;
     I => Shifting; J => Feasibility jump; L => Sub-MIP; P => Empty MIP; R => Randomized rounding;
     S => Solve LP; T => Evaluate node; U => Unbounded; X => User solution; Y => HiGHS solution;
     Z => ZI Round; l => Trivial lower; p => Trivial point; u => Trivial upper; z => Trivial zero

        Nodes      |    B&B Tree     |            Objective Bounds              |  Dynamic Constraints |       Work      
Src  Proc. InQueue |  Leaves   Expl. | BestBound       BestSol              Gap |   Cuts   InLp Confl. | LpIters     Time

 u       0       0         0   0.00%   -inf            93                 Large        0      0      0         0     0.0s
 J       0       0         0   0.00%   -inf            90                 Large        0      0      0         0     0.0s
 S       0       0         0   0.00%   0               11               100.00%        0      0      0         0     0.0s
 R       0       0         0 100.00%   9.298723404     10                 7.01%        0      0      0         5     0.0s
         1       0         1 100.00%   10              10                 0.00%        0      0      0         5     0.0s

Solving report
  Status            Optimal
  Primal bound      10
  Dual bound        10
  Gap               0% (tolerance: 0.01%)
  P-D integral      0.000435971568124
  Solution status   feasible
                    10 (objective)
                    0 (bound viol.)
                    0 (int. viol.)
                    0 (row viol.)
  Timing            0.01
  Max sub-MIP depth 0
  Nodes             1
  Repair LPs        0
  LP iterations     5
                    0 (strong br.)
                    0 (separation)
                    0 (heuristics)
Status: ok
Solve time: 0.03s
Objective value: 10.0
Number of protected sectors: 10
Zone 6: [(0, 9), (1, 1), (2, 9), (5, 6), (7, 0), (7, 1), (8, 0), (8, 1), (8, 3), (9, 8)]

dataFileName = archipel_5_10_10_7
solutionValue = 10.0
cpuTime = 0.04398369789123535
[solutionValidator] Objective check skipped (sector values unavailable).
isFeasible = True
Solution is written in the following file:  Solutions_2026-01-23_00-10-16/solutions/archipel_5_10_10_7_V21_Z7.sol
