----------- ARGUMENTS -----------
Data file path = ../Data/standard/detroit_10_500_500_7.txt
Problem version = 21
Number of zones = 7
Time limit = 300
Verbose output = True
Solver name = highs
Solution folder path = Solutions_2026-01-23_00-10-16/solutions
------------------------------------
Reading 10 species
Solver appsi_highs is available.
Considering version 2 of the problem
Solving Version 2.1 with solver: appsi_highs
Running HiGHS 1.12.0 (git hash: 755a8e0): Copyright (c) 2025 HiGHS under MIT licence terms
MIP has 2000011 rows; 1750007 cols; 4831645 nonzeros; 1750007 integer variables (1750007 binary)
Coefficient ranges:
  Matrix  [1e+00, 2e+02]
  Cost    [1e+00, 1e+00]
  Bound   [1e+00, 1e+00]
  RHS     [1e+00, 4e+02]
Presolving model
1318 rows, 9156 cols, 27181 nonzeros  3s
10 rows, 1308 cols, 2575 nonzeros  4s
10 rows, 52 cols, 271 nonzeros  4s
10 rows, 51 cols, 270 nonzeros  4s
Presolve reductions: rows 10(-2000001); columns 51(-1749956); nonzeros 270(-4831375) 
Objective function is integral with scale 1

Solving MIP model with:
   10 rows
   51 cols (10 binary, 41 integer, 0 implied int., 0 continuous, 0 domain fixed)
   270 nonzeros

Src: B => Branching; C => Central rounding; F => Feasibility pump; H => Heuristic;
     I => Shifting; J => Feasibility jump; L => Sub-MIP; P => Empty MIP; R => Randomized rounding;
     S => Solve LP; T => Evaluate node; U => Unbounded; X => User solution; Y => HiGHS solution;
     Z => ZI Round; l => Trivial lower; p => Trivial point; u => Trivial upper; z => Trivial zero

        Nodes      |    B&B Tree     |            Objective Bounds              |  Dynamic Constraints |       Work      
Src  Proc. InQueue |  Leaves   Expl. | BestBound       BestSol              Gap |   Cuts   InLp Confl. | LpIters     Time

 u       0       0         0   0.00%   -inf            504                Large        0      0      0         0     4.9s
 J       0       0         0   0.00%   -inf            450                Large        0      0      0         0     5.0s
 S       0       0         0   0.00%   0               16               100.00%        0      0      0         0     5.0s
         1       0         1 100.00%   15.11111111     16                 5.56%        0      0      0         4     5.0s

Solving report
  Status            Optimal
  Primal bound      16
  Dual bound        16
  Gap               0% (tolerance: 0.01%)
  P-D integral      0.0567187203301
  Solution status   feasible
                    16 (objective)
                    0 (bound viol.)
                    0 (int. viol.)
                    0 (row viol.)
  Timing            5.04
  Max sub-MIP depth 0
  Nodes             1
  Repair LPs        0
  LP iterations     4
                    0 (strong br.)
                    0 (separation)
                    0 (heuristics)
Status: ok
Solve time: 88.38s
Objective value: 16.0
Number of protected sectors: 16
Zone 6: [(24, 475), (25, 474), (25, 475), (25, 476), (26, 475), (75, 75), (125, 400), (375, 75), (399, 25), (400, 24), (400, 25), (400, 26), (401, 25), (450, 400), (450, 401), (451, 400)]

dataFileName = detroit_10_500_500_7
solutionValue = 16.0
cpuTime = 137.1459720134735
[solutionValidator] Objective check skipped (sector values unavailable).
isFeasible = True
Solution is written in the following file:  Solutions_2026-01-23_00-10-16/solutions/detroit_10_500_500_7_V21_Z7.sol
----------- ARGUMENTS -----------
Data file path = ../Data/standard/detroit_10_500_500_7.txt
Problem version = 21
Number of zones = 7
Time limit = 300
Verbose output = True
Solver name = highs
Solution folder path = Solutions_2026-01-23_00-10-16/solutions
------------------------------------
Reading 10 species
Solver appsi_highs is available.
Considering version 2 of the problem
Solving Version 2.1 with solver: appsi_highs
Running HiGHS 1.12.0 (git hash: 755a8e0): Copyright (c) 2025 HiGHS under MIT licence terms
MIP has 2000011 rows; 1750007 cols; 4831645 nonzeros; 1750007 integer variables (1750007 binary)
Coefficient ranges:
  Matrix  [1e+00, 2e+02]
  Cost    [1e+00, 1e+00]
  Bound   [1e+00, 1e+00]
  RHS     [1e+00, 4e+02]
Presolving model
1318 rows, 9156 cols, 27181 nonzeros  3s
10 rows, 1308 cols, 2575 nonzeros  4s
10 rows, 52 cols, 271 nonzeros  4s
10 rows, 51 cols, 270 nonzeros  4s
Presolve reductions: rows 10(-2000001); columns 51(-1749956); nonzeros 270(-4831375) 
Objective function is integral with scale 1

Solving MIP model with:
   10 rows
   51 cols (10 binary, 41 integer, 0 implied int., 0 continuous, 0 domain fixed)
   270 nonzeros

Src: B => Branching; C => Central rounding; F => Feasibility pump; H => Heuristic;
     I => Shifting; J => Feasibility jump; L => Sub-MIP; P => Empty MIP; R => Randomized rounding;
     S => Solve LP; T => Evaluate node; U => Unbounded; X => User solution; Y => HiGHS solution;
     Z => ZI Round; l => Trivial lower; p => Trivial point; u => Trivial upper; z => Trivial zero

        Nodes      |    B&B Tree     |            Objective Bounds              |  Dynamic Constraints |       Work      
Src  Proc. InQueue |  Leaves   Expl. | BestBound       BestSol              Gap |   Cuts   InLp Confl. | LpIters     Time

 u       0       0         0   0.00%   -inf            504                Large        0      0      0         0     4.9s
 J       0       0         0   0.00%   -inf            450                Large        0      0      0         0     5.0s
 S       0       0         0   0.00%   0               16               100.00%        0      0      0         0     5.0s
         1       0         1 100.00%   15.11111111     16                 5.56%        0      0      0         4     5.0s

Solving report
  Status            Optimal
  Primal bound      16
  Dual bound        16
  Gap               0% (tolerance: 0.01%)
  P-D integral      0.0567187203301
  Solution status   feasible
                    16 (objective)
                    0 (bound viol.)
                    0 (int. viol.)
                    0 (row viol.)
  Timing            5.04
  Max sub-MIP depth 0
  Nodes             1
  Repair LPs        0
  LP iterations     4
                    0 (strong br.)
                    0 (separation)
                    0 (heuristics)
Status: ok
Solve time: 88.38s
Objective value: 16.0
Number of protected sectors: 16
Zone 6: [(24, 475), (25, 474), (25, 475), (25, 476), (26, 475), (75, 75), (125, 400), (375, 75), (399, 25), (400, 24), (400, 25), (400, 26), (401, 25), (450, 400), (450, 401), (451, 400)]

dataFileName = detroit_10_500_500_7
solutionValue = 16.0
cpuTime = 137.1459720134735
[solutionValidator] Objective check skipped (sector values unavailable).
isFeasible = True
Solution is written in the following file:  Solutions_2026-01-23_00-10-16/solutions/detroit_10_500_500_7_V21_Z7.sol
