----------- ARGUMENTS -----------
Data file path = ../Data/standard/detroit_5_30_30_10.txt
Problem version = 21
Number of zones = 7
Time limit = 300
Verbose output = True
Solver name = highs
Solution folder path = Solutions_2026-01-23_00-10-16/solutions
------------------------------------
Reading 5 species
Solver appsi_highs is available.
Considering version 2 of the problem
Solving Version 2.1 with solver: appsi_highs
Running HiGHS 1.12.0 (git hash: 755a8e0): Copyright (c) 2025 HiGHS under MIT licence terms
MIP has 7206 rows; 6307 cols; 25837 nonzeros; 6307 integer variables (6307 binary)
Coefficient ranges:
  Matrix  [1e+00, 2e+02]
  Cost    [1e+00, 1e+00]
  Bound   [1e+00, 1e+00]
  RHS     [1e+00, 4e+02]
Presolving model
517 rows, 3584 cols, 12159 nonzeros  0s
5 rows, 512 cols, 1225 nonzeros  0s
5 rows, 93 cols, 352 nonzeros  0s
5 rows, 93 cols, 352 nonzeros  0s
Presolve reductions: rows 5(-7201); columns 93(-6214); nonzeros 352(-25485) 
Objective function is integral with scale 1

Solving MIP model with:
   5 rows
   93 cols (21 binary, 72 integer, 0 implied int., 0 continuous, 0 domain fixed)
   352 nonzeros

Src: B => Branching; C => Central rounding; F => Feasibility pump; H => Heuristic;
     I => Shifting; J => Feasibility jump; L => Sub-MIP; P => Empty MIP; R => Randomized rounding;
     S => Solve LP; T => Evaluate node; U => Unbounded; X => User solution; Y => HiGHS solution;
     Z => ZI Round; l => Trivial lower; p => Trivial point; u => Trivial upper; z => Trivial zero

        Nodes      |    B&B Tree     |            Objective Bounds              |  Dynamic Constraints |       Work      
Src  Proc. InQueue |  Leaves   Expl. | BestBound       BestSol              Gap |   Cuts   InLp Confl. | LpIters     Time

 u       0       0         0   0.00%   -inf            512                Large        0      0      0         0     0.2s
 J       0       0         0   0.00%   -inf            470                Large        0      0      0         0     0.2s
 S       0       0         0   0.00%   0               5                100.00%        0      0      0         0     0.2s
         1       0         1 100.00%   4.362189781     5                 12.76%        0      0      0         4     0.2s

Solving report
  Status            Optimal
  Primal bound      5
  Dual bound        5
  Gap               0% (tolerance: 0.01%)
  P-D integral      0.000606064852137
  Solution status   feasible
                    5 (objective)
                    0 (bound viol.)
                    0 (int. viol.)
                    0 (row viol.)
  Timing            0.19
  Max sub-MIP depth 0
  Nodes             1
  Repair LPs        0
  LP iterations     4
                    0 (strong br.)
                    0 (separation)
                    0 (heuristics)
Status: ok
Solve time: 0.42s
Objective value: 5.0
Number of protected sectors: 5
Zone 6: [(4, 4), (15, 15), (24, 1), (24, 9), (28, 28)]

dataFileName = detroit_5_30_30_10
solutionValue = 5.0
cpuTime = 0.5235340595245361
[solutionValidator] Objective check skipped (sector values unavailable).
isFeasible = True
Solution is written in the following file:  Solutions_2026-01-23_00-10-16/solutions/detroit_5_30_30_10_V21_Z7.sol
----------- ARGUMENTS -----------
Data file path = ../Data/standard/detroit_5_30_30_10.txt
Problem version = 21
Number of zones = 7
Time limit = 300
Verbose output = True
Solver name = highs
Solution folder path = Solutions_2026-01-23_00-10-16/solutions
------------------------------------
Reading 5 species
Solver appsi_highs is available.
Considering version 2 of the problem
Solving Version 2.1 with solver: appsi_highs
Running HiGHS 1.12.0 (git hash: 755a8e0): Copyright (c) 2025 HiGHS under MIT licence terms
MIP has 7206 rows; 6307 cols; 25837 nonzeros; 6307 integer variables (6307 binary)
Coefficient ranges:
  Matrix  [1e+00, 2e+02]
  Cost    [1e+00, 1e+00]
  Bound   [1e+00, 1e+00]
  RHS     [1e+00, 4e+02]
Presolving model
517 rows, 3584 cols, 12159 nonzeros  0s
5 rows, 512 cols, 1225 nonzeros  0s
5 rows, 93 cols, 352 nonzeros  0s
5 rows, 93 cols, 352 nonzeros  0s
Presolve reductions: rows 5(-7201); columns 93(-6214); nonzeros 352(-25485) 
Objective function is integral with scale 1

Solving MIP model with:
   5 rows
   93 cols (21 binary, 72 integer, 0 implied int., 0 continuous, 0 domain fixed)
   352 nonzeros

Src: B => Branching; C => Central rounding; F => Feasibility pump; H => Heuristic;
     I => Shifting; J => Feasibility jump; L => Sub-MIP; P => Empty MIP; R => Randomized rounding;
     S => Solve LP; T => Evaluate node; U => Unbounded; X => User solution; Y => HiGHS solution;
     Z => ZI Round; l => Trivial lower; p => Trivial point; u => Trivial upper; z => Trivial zero

        Nodes      |    B&B Tree     |            Objective Bounds              |  Dynamic Constraints |       Work      
Src  Proc. InQueue |  Leaves   Expl. | BestBound       BestSol              Gap |   Cuts   InLp Confl. | LpIters     Time

 u       0       0         0   0.00%   -inf            512                Large        0      0      0         0     0.2s
 J       0       0         0   0.00%   -inf            470                Large        0      0      0         0     0.2s
 S       0       0         0   0.00%   0               5                100.00%        0      0      0         0     0.2s
         1       0         1 100.00%   4.362189781     5                 12.76%        0      0      0         4     0.2s

Solving report
  Status            Optimal
  Primal bound      5
  Dual bound        5
  Gap               0% (tolerance: 0.01%)
  P-D integral      0.000606064852137
  Solution status   feasible
                    5 (objective)
                    0 (bound viol.)
                    0 (int. viol.)
                    0 (row viol.)
  Timing            0.19
  Max sub-MIP depth 0
  Nodes             1
  Repair LPs        0
  LP iterations     4
                    0 (strong br.)
                    0 (separation)
                    0 (heuristics)
Status: ok
Solve time: 0.42s
Objective value: 5.0
Number of protected sectors: 5
Zone 6: [(4, 4), (15, 15), (24, 1), (24, 9), (28, 28)]

dataFileName = detroit_5_30_30_10
solutionValue = 5.0
cpuTime = 0.5235340595245361
[solutionValidator] Objective check skipped (sector values unavailable).
isFeasible = True
Solution is written in the following file:  Solutions_2026-01-23_00-10-16/solutions/detroit_5_30_30_10_V21_Z7.sol
