----------- ARGUMENTS -----------
Data file path = ../Data/standard/detroit_2_30_30_5.txt
Problem version = 21
Number of zones = 7
Time limit = 300
Verbose output = True
Solver name = highs
Solution folder path = Solutions_2026-01-23_00-10-16/solutions
------------------------------------
Reading 2 species
Solver appsi_highs is available.
Considering version 2 of the problem
Solving Version 2.1 with solver: appsi_highs
Running HiGHS 1.12.0 (git hash: 755a8e0): Copyright (c) 2025 HiGHS under MIT licence terms
MIP has 7203 rows; 6307 cols; 18641 nonzeros; 6307 integer variables (6307 binary)
Coefficient ranges:
  Matrix  [1e+00, 2e+02]
  Cost    [1e+00, 1e+00]
  Bound   [1e+00, 1e+00]
  RHS     [1e+00, 4e+02]
Presolving model
168 rows, 1162 cols, 2541 nonzeros  0s
2 rows, 166 cols, 197 nonzeros  0s
2 rows, 22 cols, 34 nonzeros  0s
2 rows, 19 cols, 31 nonzeros  0s
Presolve reductions: rows 2(-7201); columns 19(-6288); nonzeros 31(-18610) 
Objective function is integral with scale 1

Solving MIP model with:
   2 rows
   19 cols (4 binary, 15 integer, 0 implied int., 0 continuous, 0 domain fixed)
   31 nonzeros

Src: B => Branching; C => Central rounding; F => Feasibility pump; H => Heuristic;
     I => Shifting; J => Feasibility jump; L => Sub-MIP; P => Empty MIP; R => Randomized rounding;
     S => Solve LP; T => Evaluate node; U => Unbounded; X => User solution; Y => HiGHS solution;
     Z => ZI Round; l => Trivial lower; p => Trivial point; u => Trivial upper; z => Trivial zero

        Nodes      |    B&B Tree     |            Objective Bounds              |  Dynamic Constraints |       Work      
Src  Proc. InQueue |  Leaves   Expl. | BestBound       BestSol              Gap |   Cuts   InLp Confl. | LpIters     Time

 u       0       0         0   0.00%   -inf            92                 Large        0      0      0         0     0.0s
 J       0       0         0   0.00%   -inf            68                 Large        0      0      0         0     0.0s
 S       0       0         0   0.00%   1               5                 80.00%        0      0      0         0     0.0s
         1       0         1 100.00%   4.273333333     5                 14.53%        0      0      0         2     0.0s

Solving report
  Status            Optimal
  Primal bound      5
  Dual bound        5
  Gap               0% (tolerance: 0.01%)
  P-D integral      0.000448503438164
  Solution status   feasible
                    5 (objective)
                    0 (bound viol.)
                    0 (int. viol.)
                    0 (row viol.)
  Timing            0.04
  Max sub-MIP depth 0
  Nodes             1
  Repair LPs        0
  LP iterations     2
                    0 (strong br.)
                    0 (separation)
                    0 (heuristics)
Status: ok
Solve time: 0.21s
Objective value: 5.0
Number of protected sectors: 5
Zone 6: [(4, 4), (7, 24), (15, 15), (24, 9), (27, 24)]

dataFileName = detroit_2_30_30_5
solutionValue = 5.0
cpuTime = 0.2868034839630127
[solutionValidator] Objective check skipped (sector values unavailable).
isFeasible = True
Solution is written in the following file:  Solutions_2026-01-23_00-10-16/solutions/detroit_2_30_30_5_V21_Z7.sol
----------- ARGUMENTS -----------
Data file path = ../Data/standard/detroit_2_30_30_5.txt
Problem version = 21
Number of zones = 7
Time limit = 300
Verbose output = True
Solver name = highs
Solution folder path = Solutions_2026-01-23_00-10-16/solutions
------------------------------------
Reading 2 species
Solver appsi_highs is available.
Considering version 2 of the problem
Solving Version 2.1 with solver: appsi_highs
Running HiGHS 1.12.0 (git hash: 755a8e0): Copyright (c) 2025 HiGHS under MIT licence terms
MIP has 7203 rows; 6307 cols; 18641 nonzeros; 6307 integer variables (6307 binary)
Coefficient ranges:
  Matrix  [1e+00, 2e+02]
  Cost    [1e+00, 1e+00]
  Bound   [1e+00, 1e+00]
  RHS     [1e+00, 4e+02]
Presolving model
168 rows, 1162 cols, 2541 nonzeros  0s
2 rows, 166 cols, 197 nonzeros  0s
2 rows, 22 cols, 34 nonzeros  0s
2 rows, 19 cols, 31 nonzeros  0s
Presolve reductions: rows 2(-7201); columns 19(-6288); nonzeros 31(-18610) 
Objective function is integral with scale 1

Solving MIP model with:
   2 rows
   19 cols (4 binary, 15 integer, 0 implied int., 0 continuous, 0 domain fixed)
   31 nonzeros

Src: B => Branching; C => Central rounding; F => Feasibility pump; H => Heuristic;
     I => Shifting; J => Feasibility jump; L => Sub-MIP; P => Empty MIP; R => Randomized rounding;
     S => Solve LP; T => Evaluate node; U => Unbounded; X => User solution; Y => HiGHS solution;
     Z => ZI Round; l => Trivial lower; p => Trivial point; u => Trivial upper; z => Trivial zero

        Nodes      |    B&B Tree     |            Objective Bounds              |  Dynamic Constraints |       Work      
Src  Proc. InQueue |  Leaves   Expl. | BestBound       BestSol              Gap |   Cuts   InLp Confl. | LpIters     Time

 u       0       0         0   0.00%   -inf            92                 Large        0      0      0         0     0.0s
 J       0       0         0   0.00%   -inf            68                 Large        0      0      0         0     0.0s
 S       0       0         0   0.00%   1               5                 80.00%        0      0      0         0     0.0s
         1       0         1 100.00%   4.273333333     5                 14.53%        0      0      0         2     0.0s

Solving report
  Status            Optimal
  Primal bound      5
  Dual bound        5
  Gap               0% (tolerance: 0.01%)
  P-D integral      0.000448503438164
  Solution status   feasible
                    5 (objective)
                    0 (bound viol.)
                    0 (int. viol.)
                    0 (row viol.)
  Timing            0.04
  Max sub-MIP depth 0
  Nodes             1
  Repair LPs        0
  LP iterations     2
                    0 (strong br.)
                    0 (separation)
                    0 (heuristics)
Status: ok
Solve time: 0.21s
Objective value: 5.0
Number of protected sectors: 5
Zone 6: [(4, 4), (7, 24), (15, 15), (24, 9), (27, 24)]

dataFileName = detroit_2_30_30_5
solutionValue = 5.0
cpuTime = 0.2868034839630127
[solutionValidator] Objective check skipped (sector values unavailable).
isFeasible = True
Solution is written in the following file:  Solutions_2026-01-23_00-10-16/solutions/detroit_2_30_30_5_V21_Z7.sol
