----------- ARGUMENTS -----------
Data file path = ../Data/standard/iles_10_100_100_7.txt
Problem version = 21
Number of zones = 7
Time limit = 300
Verbose output = True
Solver name = highs
Solution folder path = Solutions_2026-01-23_00-10-16/solutions
------------------------------------
Reading 10 species
Solver appsi_highs is available.
Considering version 2 of the problem
Solving Version 2.1 with solver: appsi_highs
Running HiGHS 1.12.0 (git hash: 755a8e0): Copyright (c) 2025 HiGHS under MIT licence terms
MIP has 80011 rows; 70007 cols; 226492 nonzeros; 70007 integer variables (70007 binary)
Coefficient ranges:
  Matrix  [1e+00, 2e+02]
  Cost    [1e+00, 1e+00]
  Bound   [1e+00, 1e+00]
  RHS     [1e+00, 4e+02]
Presolving model
1210 rows, 8400 cols, 26565 nonzeros  0s
10 rows, 1200 cols, 2595 nonzeros  1s
10 rows, 57 cols, 283 nonzeros  1s
10 rows, 56 cols, 282 nonzeros  1s
Presolve reductions: rows 10(-80001); columns 56(-69951); nonzeros 282(-226210) 
Objective function is integral with scale 1

Solving MIP model with:
   10 rows
   56 cols (10 binary, 46 integer, 0 implied int., 0 continuous, 0 domain fixed)
   282 nonzeros

Src: B => Branching; C => Central rounding; F => Feasibility pump; H => Heuristic;
     I => Shifting; J => Feasibility jump; L => Sub-MIP; P => Empty MIP; R => Randomized rounding;
     S => Solve LP; T => Evaluate node; U => Unbounded; X => User solution; Y => HiGHS solution;
     Z => ZI Round; l => Trivial lower; p => Trivial point; u => Trivial upper; z => Trivial zero

        Nodes      |    B&B Tree     |            Objective Bounds              |  Dynamic Constraints |       Work      
Src  Proc. InQueue |  Leaves   Expl. | BestBound       BestSol              Gap |   Cuts   InLp Confl. | LpIters     Time

 u       0       0         0   0.00%   -inf            561                Large        0      0      0         0     1.5s
 J       0       0         0   0.00%   -inf            507                Large        0      0      0         0     1.5s
 S       0       0         0   0.00%   0               12               100.00%        0      0      0         0     1.5s
         1       0         1 100.00%   11.33590734     12                 5.53%        0      0      0         3     1.5s

Solving report
  Status            Optimal
  Primal bound      12
  Dual bound        12
  Gap               0% (tolerance: 0.01%)
  P-D integral      0.00264823421395
  Solution status   feasible
                    12 (objective)
                    0 (bound viol.)
                    0 (int. viol.)
                    0 (row viol.)
  Timing            1.49
  Max sub-MIP depth 0
  Nodes             1
  Repair LPs        0
  LP iterations     3
                    0 (strong br.)
                    0 (separation)
                    0 (heuristics)
Status: ok
Solve time: 4.43s
Objective value: 12.0
Number of protected sectors: 12
Zone 6: [(5, 95), (6, 95), (25, 80), (50, 60), (75, 15), (79, 5), (80, 4), (80, 5), (80, 6), (81, 5), (90, 80), (95, 95)]

dataFileName = iles_10_100_100_7
solutionValue = 12.0
cpuTime = 6.438372373580933
[solutionValidator] Objective check skipped (sector values unavailable).
isFeasible = True
Solution is written in the following file:  Solutions_2026-01-23_00-10-16/solutions/iles_10_100_100_7_V21_Z7.sol
----------- ARGUMENTS -----------
Data file path = ../Data/standard/iles_10_100_100_7.txt
Problem version = 21
Number of zones = 7
Time limit = 300
Verbose output = True
Solver name = highs
Solution folder path = Solutions_2026-01-23_00-10-16/solutions
------------------------------------
Reading 10 species
Solver appsi_highs is available.
Considering version 2 of the problem
Solving Version 2.1 with solver: appsi_highs
Running HiGHS 1.12.0 (git hash: 755a8e0): Copyright (c) 2025 HiGHS under MIT licence terms
MIP has 80011 rows; 70007 cols; 226492 nonzeros; 70007 integer variables (70007 binary)
Coefficient ranges:
  Matrix  [1e+00, 2e+02]
  Cost    [1e+00, 1e+00]
  Bound   [1e+00, 1e+00]
  RHS     [1e+00, 4e+02]
Presolving model
1210 rows, 8400 cols, 26565 nonzeros  0s
10 rows, 1200 cols, 2595 nonzeros  1s
10 rows, 57 cols, 283 nonzeros  1s
10 rows, 56 cols, 282 nonzeros  1s
Presolve reductions: rows 10(-80001); columns 56(-69951); nonzeros 282(-226210) 
Objective function is integral with scale 1

Solving MIP model with:
   10 rows
   56 cols (10 binary, 46 integer, 0 implied int., 0 continuous, 0 domain fixed)
   282 nonzeros

Src: B => Branching; C => Central rounding; F => Feasibility pump; H => Heuristic;
     I => Shifting; J => Feasibility jump; L => Sub-MIP; P => Empty MIP; R => Randomized rounding;
     S => Solve LP; T => Evaluate node; U => Unbounded; X => User solution; Y => HiGHS solution;
     Z => ZI Round; l => Trivial lower; p => Trivial point; u => Trivial upper; z => Trivial zero

        Nodes      |    B&B Tree     |            Objective Bounds              |  Dynamic Constraints |       Work      
Src  Proc. InQueue |  Leaves   Expl. | BestBound       BestSol              Gap |   Cuts   InLp Confl. | LpIters     Time

 u       0       0         0   0.00%   -inf            561                Large        0      0      0         0     1.5s
 J       0       0         0   0.00%   -inf            507                Large        0      0      0         0     1.5s
 S       0       0         0   0.00%   0               12               100.00%        0      0      0         0     1.5s
         1       0         1 100.00%   11.33590734     12                 5.53%        0      0      0         3     1.5s

Solving report
  Status            Optimal
  Primal bound      12
  Dual bound        12
  Gap               0% (tolerance: 0.01%)
  P-D integral      0.00264823421395
  Solution status   feasible
                    12 (objective)
                    0 (bound viol.)
                    0 (int. viol.)
                    0 (row viol.)
  Timing            1.49
  Max sub-MIP depth 0
  Nodes             1
  Repair LPs        0
  LP iterations     3
                    0 (strong br.)
                    0 (separation)
                    0 (heuristics)
Status: ok
Solve time: 4.43s
Objective value: 12.0
Number of protected sectors: 12
Zone 6: [(5, 95), (6, 95), (25, 80), (50, 60), (75, 15), (79, 5), (80, 4), (80, 5), (80, 6), (81, 5), (90, 80), (95, 95)]

dataFileName = iles_10_100_100_7
solutionValue = 12.0
cpuTime = 6.438372373580933
[solutionValidator] Objective check skipped (sector values unavailable).
isFeasible = True
Solution is written in the following file:  Solutions_2026-01-23_00-10-16/solutions/iles_10_100_100_7_V21_Z7.sol
