----------- ARGUMENTS -----------
Data file path = ../Data/hard/detroit_5_30_30_10.txt_hard.txt
Problem version = 21
Number of zones = 7
Time limit = 300
Verbose output = True
Solver name = highs
Solution folder path = Solutions_2026-01-23_00-49-27/solutions
------------------------------------
Reading 5 species
Solver appsi_highs is available.
Considering version 2 of the problem
Solving Version 2.1 with solver: appsi_highs
Running HiGHS 1.12.0 (git hash: 755a8e0): Copyright (c) 2025 HiGHS under MIT licence terms
MIP has 7206 rows; 6307 cols; 40537 nonzeros; 6307 integer variables (6307 binary)
Coefficient ranges:
  Matrix  [1e+00, 2e+02]
  Cost    [1e+00, 1e+00]
  Bound   [1e+00, 1e+00]
  RHS     [1e+00, 4e+02]
Presolving model
670 rows, 4655 cols, 27930 nonzeros  0s
5 rows, 665 cols, 3325 nonzeros  0s
5 rows, 525 cols, 2625 nonzeros  0s
5 rows, 525 cols, 2625 nonzeros  0s
Presolve reductions: rows 5(-7201); columns 525(-5782); nonzeros 2625(-37912) 
Objective function is integral with scale 1

Solving MIP model with:
   5 rows
   525 cols (441 binary, 84 integer, 0 implied int., 0 continuous, 0 domain fixed)
   2625 nonzeros

Src: B => Branching; C => Central rounding; F => Feasibility pump; H => Heuristic;
     I => Shifting; J => Feasibility jump; L => Sub-MIP; P => Empty MIP; R => Randomized rounding;
     S => Solve LP; T => Evaluate node; U => Unbounded; X => User solution; Y => HiGHS solution;
     Z => ZI Round; l => Trivial lower; p => Trivial point; u => Trivial upper; z => Trivial zero

        Nodes      |    B&B Tree     |            Objective Bounds              |  Dynamic Constraints |       Work      
Src  Proc. InQueue |  Leaves   Expl. | BestBound       BestSol              Gap |   Cuts   InLp Confl. | LpIters     Time

 u       0       0         0   0.00%   -inf            665                Large        0      0      0         0     0.1s
 J       0       0         0   0.00%   -inf            656                Large        0      0      0         0     0.1s
 S       0       0         0   0.00%   0               5                100.00%        0      0      0         0     0.1s
         1       0         1 100.00%   4.362189781     5                 12.76%        0      0      0         5     0.1s

Solving report
  Status            Optimal
  Primal bound      5
  Dual bound        5
  Gap               0% (tolerance: 0.01%)
  P-D integral      0.00151493383672
  Solution status   feasible
                    5 (objective)
                    0 (bound viol.)
                    0 (int. viol.)
                    0 (row viol.)
  Timing            0.11
  Max sub-MIP depth 0
  Nodes             1
  Repair LPs        0
  LP iterations     5
                    0 (strong br.)
                    0 (separation)
                    0 (heuristics)
Status: ok
Solve time: 0.34s
Objective value: 5.0
Number of protected sectors: 5
Zone 6: [(4, 4), (15, 15), (24, 1), (24, 9), (28, 28)]

dataFileName = detroit_5_30_30_10.txt_hard
solutionValue = 5.0
cpuTime = 0.44500160217285156
[solutionValidator] Objective check skipped (sector values unavailable).
isFeasible = True
Solution is written in the following file:  Solutions_2026-01-23_00-49-27/solutions/detroit_5_30_30_10.txt_hard_V21_Z7.sol
----------- ARGUMENTS -----------
Data file path = ../Data/hard/detroit_5_30_30_10.txt_hard.txt
Problem version = 21
Number of zones = 7
Time limit = 300
Verbose output = True
Solver name = highs
Solution folder path = Solutions_2026-01-23_00-49-27/solutions
------------------------------------
Reading 5 species
Solver appsi_highs is available.
Considering version 2 of the problem
Solving Version 2.1 with solver: appsi_highs
Running HiGHS 1.12.0 (git hash: 755a8e0): Copyright (c) 2025 HiGHS under MIT licence terms
MIP has 7206 rows; 6307 cols; 40537 nonzeros; 6307 integer variables (6307 binary)
Coefficient ranges:
  Matrix  [1e+00, 2e+02]
  Cost    [1e+00, 1e+00]
  Bound   [1e+00, 1e+00]
  RHS     [1e+00, 4e+02]
Presolving model
670 rows, 4655 cols, 27930 nonzeros  0s
5 rows, 665 cols, 3325 nonzeros  0s
5 rows, 525 cols, 2625 nonzeros  0s
5 rows, 525 cols, 2625 nonzeros  0s
Presolve reductions: rows 5(-7201); columns 525(-5782); nonzeros 2625(-37912) 
Objective function is integral with scale 1

Solving MIP model with:
   5 rows
   525 cols (441 binary, 84 integer, 0 implied int., 0 continuous, 0 domain fixed)
   2625 nonzeros

Src: B => Branching; C => Central rounding; F => Feasibility pump; H => Heuristic;
     I => Shifting; J => Feasibility jump; L => Sub-MIP; P => Empty MIP; R => Randomized rounding;
     S => Solve LP; T => Evaluate node; U => Unbounded; X => User solution; Y => HiGHS solution;
     Z => ZI Round; l => Trivial lower; p => Trivial point; u => Trivial upper; z => Trivial zero

        Nodes      |    B&B Tree     |            Objective Bounds              |  Dynamic Constraints |       Work      
Src  Proc. InQueue |  Leaves   Expl. | BestBound       BestSol              Gap |   Cuts   InLp Confl. | LpIters     Time

 u       0       0         0   0.00%   -inf            665                Large        0      0      0         0     0.1s
 J       0       0         0   0.00%   -inf            656                Large        0      0      0         0     0.1s
 S       0       0         0   0.00%   0               5                100.00%        0      0      0         0     0.1s
         1       0         1 100.00%   4.362189781     5                 12.76%        0      0      0         5     0.1s

Solving report
  Status            Optimal
  Primal bound      5
  Dual bound        5
  Gap               0% (tolerance: 0.01%)
  P-D integral      0.00151493383672
  Solution status   feasible
                    5 (objective)
                    0 (bound viol.)
                    0 (int. viol.)
                    0 (row viol.)
  Timing            0.11
  Max sub-MIP depth 0
  Nodes             1
  Repair LPs        0
  LP iterations     5
                    0 (strong br.)
                    0 (separation)
                    0 (heuristics)
Status: ok
Solve time: 0.34s
Objective value: 5.0
Number of protected sectors: 5
Zone 6: [(4, 4), (15, 15), (24, 1), (24, 9), (28, 28)]

dataFileName = detroit_5_30_30_10.txt_hard
solutionValue = 5.0
cpuTime = 0.44500160217285156
[solutionValidator] Objective check skipped (sector values unavailable).
isFeasible = True
Solution is written in the following file:  Solutions_2026-01-23_00-49-27/solutions/detroit_5_30_30_10.txt_hard_V21_Z7.sol
