----------- ARGUMENTS -----------
Data file path = ../Data/hard/detroit_2_100_100_2.txt_hard.txt
Problem version = 21
Number of zones = 7
Time limit = 300
Verbose output = True
Solver name = highs
Solution folder path = Solutions_2026-01-23_00-49-27/solutions
------------------------------------
Reading 2 species
Solver appsi_highs is available.
Considering version 2 of the problem
Solving Version 2.1 with solver: appsi_highs
Running HiGHS 1.12.0 (git hash: 755a8e0): Copyright (c) 2025 HiGHS under MIT licence terms
MIP has 80003 rows; 70007 cols; 295722 nonzeros; 70007 integer variables (70007 binary)
Coefficient ranges:
  Matrix  [1e+00, 2e+02]
  Cost    [1e+00, 1e+00]
  Bound   [1e+00, 1e+00]
  RHS     [1e+00, 4e+02]
Presolving model
7417 rows, 51905 cols, 155715 nonzeros  0s
2 rows, 7415 cols, 14830 nonzeros  0s
2 rows, 45 cols, 90 nonzeros  0s
2 rows, 28 cols, 56 nonzeros  0s
Presolve reductions: rows 2(-80001); columns 28(-69979); nonzeros 56(-295666) 
Objective function is integral with scale 1

Solving MIP model with:
   2 rows
   28 cols (11 binary, 17 integer, 0 implied int., 0 continuous, 0 domain fixed)
   56 nonzeros

Src: B => Branching; C => Central rounding; F => Feasibility pump; H => Heuristic;
     I => Shifting; J => Feasibility jump; L => Sub-MIP; P => Empty MIP; R => Randomized rounding;
     S => Solve LP; T => Evaluate node; U => Unbounded; X => User solution; Y => HiGHS solution;
     Z => ZI Round; l => Trivial lower; p => Trivial point; u => Trivial upper; z => Trivial zero

        Nodes      |    B&B Tree     |            Objective Bounds              |  Dynamic Constraints |       Work      
Src  Proc. InQueue |  Leaves   Expl. | BestBound       BestSol              Gap |   Cuts   InLp Confl. | LpIters     Time

 u       0       0         0   0.00%   -inf            146                Large        0      0      0         0     0.3s
 J       0       0         0   0.00%   -inf            70                 Large        0      0      0         0     0.3s
 S       0       0         0   0.00%   2               44                95.45%        0      0      0         0     0.3s
 R       0       0         0 100.00%   42.6952381      43                 0.71%        0      0      0         2     0.3s
         1       0         1 100.00%   43              43                 0.00%        0      0      0         2     0.3s

Solving report
  Status            Optimal
  Primal bound      43
  Dual bound        43
  Gap               0% (tolerance: 0.01%)
  P-D integral      0.00301093292731
  Solution status   feasible
                    43 (objective)
                    0 (bound viol.)
                    0 (int. viol.)
                    0 (row viol.)
  Timing            0.26
  Max sub-MIP depth 0
  Nodes             1
  Repair LPs        0
  LP iterations     2
                    0 (strong br.)
                    0 (separation)
                    0 (heuristics)
Status: ok
Solve time: 2.31s
Objective value: 43.0
Number of protected sectors: 43
Zone 6: [(5, 93), (5, 95), (5, 97), (6, 95), (15, 15), (24, 80), (25, 79), (25, 80), (25, 81), (26, 80), (49, 59), (50, 58), (50, 59), (51, 59), (91, 97), (92, 24), (92, 61), (92, 76), (93, 0), (93, 73), (93, 74), (94, 35), (94, 49), (94, 54), (94, 93), (95, 29), (95, 54), (95, 89), (96, 31), (96, 35), (96, 45), (96, 51), (97, 5), (97, 11), (97, 51), (97, 71), (98, 42), (99, 33), (99, 36), (99, 52), (99, 65), (99, 76), (99, 96)]

dataFileName = detroit_2_100_100_2.txt_hard
solutionValue = 43.0
cpuTime = 3.1831963062286377
[solutionValidator] Objective check skipped (sector values unavailable).
isFeasible = True
Solution is written in the following file:  Solutions_2026-01-23_00-49-27/solutions/detroit_2_100_100_2.txt_hard_V21_Z7.sol
----------- ARGUMENTS -----------
Data file path = ../Data/hard/detroit_2_100_100_2.txt_hard.txt
Problem version = 21
Number of zones = 7
Time limit = 300
Verbose output = True
Solver name = highs
Solution folder path = Solutions_2026-01-23_00-49-27/solutions
------------------------------------
Reading 2 species
Solver appsi_highs is available.
Considering version 2 of the problem
Solving Version 2.1 with solver: appsi_highs
Running HiGHS 1.12.0 (git hash: 755a8e0): Copyright (c) 2025 HiGHS under MIT licence terms
MIP has 80003 rows; 70007 cols; 295722 nonzeros; 70007 integer variables (70007 binary)
Coefficient ranges:
  Matrix  [1e+00, 2e+02]
  Cost    [1e+00, 1e+00]
  Bound   [1e+00, 1e+00]
  RHS     [1e+00, 4e+02]
Presolving model
7417 rows, 51905 cols, 155715 nonzeros  0s
2 rows, 7415 cols, 14830 nonzeros  0s
2 rows, 45 cols, 90 nonzeros  0s
2 rows, 28 cols, 56 nonzeros  0s
Presolve reductions: rows 2(-80001); columns 28(-69979); nonzeros 56(-295666) 
Objective function is integral with scale 1

Solving MIP model with:
   2 rows
   28 cols (11 binary, 17 integer, 0 implied int., 0 continuous, 0 domain fixed)
   56 nonzeros

Src: B => Branching; C => Central rounding; F => Feasibility pump; H => Heuristic;
     I => Shifting; J => Feasibility jump; L => Sub-MIP; P => Empty MIP; R => Randomized rounding;
     S => Solve LP; T => Evaluate node; U => Unbounded; X => User solution; Y => HiGHS solution;
     Z => ZI Round; l => Trivial lower; p => Trivial point; u => Trivial upper; z => Trivial zero

        Nodes      |    B&B Tree     |            Objective Bounds              |  Dynamic Constraints |       Work      
Src  Proc. InQueue |  Leaves   Expl. | BestBound       BestSol              Gap |   Cuts   InLp Confl. | LpIters     Time

 u       0       0         0   0.00%   -inf            146                Large        0      0      0         0     0.3s
 J       0       0         0   0.00%   -inf            70                 Large        0      0      0         0     0.3s
 S       0       0         0   0.00%   2               44                95.45%        0      0      0         0     0.3s
 R       0       0         0 100.00%   42.6952381      43                 0.71%        0      0      0         2     0.3s
         1       0         1 100.00%   43              43                 0.00%        0      0      0         2     0.3s

Solving report
  Status            Optimal
  Primal bound      43
  Dual bound        43
  Gap               0% (tolerance: 0.01%)
  P-D integral      0.00301093292731
  Solution status   feasible
                    43 (objective)
                    0 (bound viol.)
                    0 (int. viol.)
                    0 (row viol.)
  Timing            0.26
  Max sub-MIP depth 0
  Nodes             1
  Repair LPs        0
  LP iterations     2
                    0 (strong br.)
                    0 (separation)
                    0 (heuristics)
Status: ok
Solve time: 2.31s
Objective value: 43.0
Number of protected sectors: 43
Zone 6: [(5, 93), (5, 95), (5, 97), (6, 95), (15, 15), (24, 80), (25, 79), (25, 80), (25, 81), (26, 80), (49, 59), (50, 58), (50, 59), (51, 59), (91, 97), (92, 24), (92, 61), (92, 76), (93, 0), (93, 73), (93, 74), (94, 35), (94, 49), (94, 54), (94, 93), (95, 29), (95, 54), (95, 89), (96, 31), (96, 35), (96, 45), (96, 51), (97, 5), (97, 11), (97, 51), (97, 71), (98, 42), (99, 33), (99, 36), (99, 52), (99, 65), (99, 76), (99, 96)]

dataFileName = detroit_2_100_100_2.txt_hard
solutionValue = 43.0
cpuTime = 3.1831963062286377
[solutionValidator] Objective check skipped (sector values unavailable).
isFeasible = True
Solution is written in the following file:  Solutions_2026-01-23_00-49-27/solutions/detroit_2_100_100_2.txt_hard_V21_Z7.sol
