----------- ARGUMENTS -----------
Data file path = ../Data/hard/detroit_10_30_30_2.txt_hard.txt
Problem version = 21
Number of zones = 7
Time limit = 300
Verbose output = True
Solver name = highs
Solution folder path = Solutions_2026-01-23_00-49-27/solutions
------------------------------------
Reading 10 species
Solver appsi_highs is available.
Considering version 2 of the problem
Solving Version 2.1 with solver: appsi_highs
Running HiGHS 1.12.0 (git hash: 755a8e0): Copyright (c) 2025 HiGHS under MIT licence terms
MIP has 7211 rows; 6307 cols; 63812 nonzeros; 6307 integer variables (6307 binary)
Coefficient ranges:
  Matrix  [1e+00, 2e+02]
  Cost    [1e+00, 1e+00]
  Bound   [1e+00, 1e+00]
  RHS     [1e+00, 4e+02]
Presolving model
675 rows, 4655 cols, 51205 nonzeros  0s
10 rows, 665 cols, 6650 nonzeros  0s
10 rows, 664 cols, 6640 nonzeros  0s
Presolve reductions: rows 10(-7201); columns 664(-5643); nonzeros 6640(-57172) 
Objective function is integral with scale 1

Solving MIP model with:
   10 rows
   664 cols (663 binary, 1 integer, 0 implied int., 0 continuous, 0 domain fixed)
   6640 nonzeros

Src: B => Branching; C => Central rounding; F => Feasibility pump; H => Heuristic;
     I => Shifting; J => Feasibility jump; L => Sub-MIP; P => Empty MIP; R => Randomized rounding;
     S => Solve LP; T => Evaluate node; U => Unbounded; X => User solution; Y => HiGHS solution;
     Z => ZI Round; l => Trivial lower; p => Trivial point; u => Trivial upper; z => Trivial zero

        Nodes      |    B&B Tree     |            Objective Bounds              |  Dynamic Constraints |       Work      
Src  Proc. InQueue |  Leaves   Expl. | BestBound       BestSol              Gap |   Cuts   InLp Confl. | LpIters     Time

 u       0       0         0   0.00%   -inf            665                Large        0      0      0         0     0.1s
 J       0       0         0   0.00%   -inf            663                Large        0      0      0         0     0.1s
 S       0       0         0   0.00%   0               68               100.00%        0      0      0         0     0.1s
 R       0       0         0   0.00%   64.1135094      67                 4.31%        0      0      0        16     0.1s
 L       0       0         0   0.00%   64.1747036      65                 1.27%      417     27      0       250     0.4s
         1       0         1 100.00%   64.5            65                 0.77%      343     27      0       288     0.4s

Solving report
  Status            Optimal
  Primal bound      65
  Dual bound        65
  Gap               0% (tolerance: 0.01%)
  P-D integral      0.0150272263249
  Solution status   feasible
                    65 (objective)
                    0 (bound viol.)
                    0 (int. viol.)
                    0 (row viol.)
  Timing            0.40
  Max sub-MIP depth 4
  Nodes             1
  Repair LPs        0
  LP iterations     288
                    0 (strong br.)
                    234 (separation)
                    11 (heuristics)
Status: ok
Solve time: 0.64s
Objective value: 65.0
Number of protected sectors: 65
Zone 6: [(1, 8), (1, 27), (1, 28), (2, 28), (4, 2), (4, 5), (5, 10), (6, 24), (7, 23), (7, 24), (7, 25), (8, 17), (15, 17), (20, 9), (21, 3), (21, 4), (22, 1), (22, 2), (22, 3), (22, 4), (22, 5), (22, 6), (23, 1), (23, 2), (23, 3), (23, 4), (24, 1), (24, 2), (24, 3), (24, 4), (24, 23), (24, 24), (24, 25), (24, 27), (25, 22), (25, 23), (25, 24), (25, 25), (25, 26), (26, 1), (26, 22), (26, 23), (26, 24), (26, 25), (26, 26), (26, 27), (27, 19), (27, 21), (27, 22), (27, 23), (27, 24), (27, 25), (27, 26), (27, 27), (28, 21), (28, 22), (28, 23), (28, 24), (28, 25), (28, 27), (29, 22), (29, 23), (29, 24), (29, 25), (29, 26)]

dataFileName = detroit_10_30_30_2.txt_hard
solutionValue = 65.0
cpuTime = 0.806612491607666
[solutionValidator] Objective check skipped (sector values unavailable).
isFeasible = True
Solution is written in the following file:  Solutions_2026-01-23_00-49-27/solutions/detroit_10_30_30_2.txt_hard_V21_Z7.sol
----------- ARGUMENTS -----------
Data file path = ../Data/hard/detroit_10_30_30_2.txt_hard.txt
Problem version = 21
Number of zones = 7
Time limit = 300
Verbose output = True
Solver name = highs
Solution folder path = Solutions_2026-01-23_00-49-27/solutions
------------------------------------
Reading 10 species
Solver appsi_highs is available.
Considering version 2 of the problem
Solving Version 2.1 with solver: appsi_highs
Running HiGHS 1.12.0 (git hash: 755a8e0): Copyright (c) 2025 HiGHS under MIT licence terms
MIP has 7211 rows; 6307 cols; 63812 nonzeros; 6307 integer variables (6307 binary)
Coefficient ranges:
  Matrix  [1e+00, 2e+02]
  Cost    [1e+00, 1e+00]
  Bound   [1e+00, 1e+00]
  RHS     [1e+00, 4e+02]
Presolving model
675 rows, 4655 cols, 51205 nonzeros  0s
10 rows, 665 cols, 6650 nonzeros  0s
10 rows, 664 cols, 6640 nonzeros  0s
Presolve reductions: rows 10(-7201); columns 664(-5643); nonzeros 6640(-57172) 
Objective function is integral with scale 1

Solving MIP model with:
   10 rows
   664 cols (663 binary, 1 integer, 0 implied int., 0 continuous, 0 domain fixed)
   6640 nonzeros

Src: B => Branching; C => Central rounding; F => Feasibility pump; H => Heuristic;
     I => Shifting; J => Feasibility jump; L => Sub-MIP; P => Empty MIP; R => Randomized rounding;
     S => Solve LP; T => Evaluate node; U => Unbounded; X => User solution; Y => HiGHS solution;
     Z => ZI Round; l => Trivial lower; p => Trivial point; u => Trivial upper; z => Trivial zero

        Nodes      |    B&B Tree     |            Objective Bounds              |  Dynamic Constraints |       Work      
Src  Proc. InQueue |  Leaves   Expl. | BestBound       BestSol              Gap |   Cuts   InLp Confl. | LpIters     Time

 u       0       0         0   0.00%   -inf            665                Large        0      0      0         0     0.1s
 J       0       0         0   0.00%   -inf            663                Large        0      0      0         0     0.1s
 S       0       0         0   0.00%   0               68               100.00%        0      0      0         0     0.1s
 R       0       0         0   0.00%   64.1135094      67                 4.31%        0      0      0        16     0.1s
 L       0       0         0   0.00%   64.1747036      65                 1.27%      417     27      0       250     0.4s
         1       0         1 100.00%   64.5            65                 0.77%      343     27      0       288     0.4s

Solving report
  Status            Optimal
  Primal bound      65
  Dual bound        65
  Gap               0% (tolerance: 0.01%)
  P-D integral      0.0150272263249
  Solution status   feasible
                    65 (objective)
                    0 (bound viol.)
                    0 (int. viol.)
                    0 (row viol.)
  Timing            0.40
  Max sub-MIP depth 4
  Nodes             1
  Repair LPs        0
  LP iterations     288
                    0 (strong br.)
                    234 (separation)
                    11 (heuristics)
Status: ok
Solve time: 0.64s
Objective value: 65.0
Number of protected sectors: 65
Zone 6: [(1, 8), (1, 27), (1, 28), (2, 28), (4, 2), (4, 5), (5, 10), (6, 24), (7, 23), (7, 24), (7, 25), (8, 17), (15, 17), (20, 9), (21, 3), (21, 4), (22, 1), (22, 2), (22, 3), (22, 4), (22, 5), (22, 6), (23, 1), (23, 2), (23, 3), (23, 4), (24, 1), (24, 2), (24, 3), (24, 4), (24, 23), (24, 24), (24, 25), (24, 27), (25, 22), (25, 23), (25, 24), (25, 25), (25, 26), (26, 1), (26, 22), (26, 23), (26, 24), (26, 25), (26, 26), (26, 27), (27, 19), (27, 21), (27, 22), (27, 23), (27, 24), (27, 25), (27, 26), (27, 27), (28, 21), (28, 22), (28, 23), (28, 24), (28, 25), (28, 27), (29, 22), (29, 23), (29, 24), (29, 25), (29, 26)]

dataFileName = detroit_10_30_30_2.txt_hard
solutionValue = 65.0
cpuTime = 0.806612491607666
[solutionValidator] Objective check skipped (sector values unavailable).
isFeasible = True
Solution is written in the following file:  Solutions_2026-01-23_00-49-27/solutions/detroit_10_30_30_2.txt_hard_V21_Z7.sol
