----------- ARGUMENTS -----------
Data file path = ../Data/hard/detroit_5_500_500_7.txt_hard.txt
Problem version = 21
Number of zones = 7
Time limit = 300
Verbose output = True
Solver name = highs
Solution folder path = Solutions_2026-01-23_00-49-27/solutions
------------------------------------
Reading 5 species
Solver appsi_highs is available.
Considering version 2 of the problem
Solving Version 2.1 with solver: appsi_highs
Running HiGHS 1.12.0 (git hash: 755a8e0): Copyright (c) 2025 HiGHS under MIT licence terms
MIP has 2000006 rows; 1750007 cols; 11381685 nonzeros; 1750007 integer variables (1750007 binary)
Coefficient ranges:
  Matrix  [1e+00, 2e+02]
  Cost    [1e+00, 1e+00]
  Bound   [1e+00, 1e+00]
  RHS     [1e+00, 4e+02]
Presolving model
187664 rows, 1313613 cols, 7881678 nonzeros  6s
5 rows, 187659 cols, 938295 nonzeros  10s
5 rows, 3263 cols, 16315 nonzeros  11s
5 rows, 3263 cols, 16315 nonzeros  13s
Presolve reductions: rows 5(-2000001); columns 3263(-1746744); nonzeros 16315(-11365370) 
Objective function is integral with scale 1

Solving MIP model with:
   5 rows
   3263 cols (119 binary, 3144 integer, 0 implied int., 0 continuous, 0 domain fixed)
   16315 nonzeros

Src: B => Branching; C => Central rounding; F => Feasibility pump; H => Heuristic;
     I => Shifting; J => Feasibility jump; L => Sub-MIP; P => Empty MIP; R => Randomized rounding;
     S => Solve LP; T => Evaluate node; U => Unbounded; X => User solution; Y => HiGHS solution;
     Z => ZI Round; l => Trivial lower; p => Trivial point; u => Trivial upper; z => Trivial zero

        Nodes      |    B&B Tree     |            Objective Bounds              |  Dynamic Constraints |       Work      
Src  Proc. InQueue |  Leaves   Expl. | BestBound       BestSol              Gap |   Cuts   InLp Confl. | LpIters     Time

 u       0       0         0   0.00%   -inf            158534             Large        0      0      0         0    14.0s
 J       0       0         0   0.00%   -inf            158457             Large        0      0      0         0    14.1s
 S       0       0         0   0.00%   0               16               100.00%        0      0      0         0    14.2s
         1       0         1 100.00%   15.11111111     16                 5.56%        0      0      0        11    14.2s

Solving report
  Status            Optimal
  Primal bound      16
  Dual bound        16
  Gap               0% (tolerance: 0.01%)
  P-D integral      0.0861410829756
  Solution status   feasible
                    16 (objective)
                    0 (bound viol.)
                    0 (int. viol.)
                    0 (row viol.)
  Timing            14.19
  Max sub-MIP depth 0
  Nodes             1
  Repair LPs        0
  LP iterations     11
                    0 (strong br.)
                    0 (separation)
                    0 (heuristics)
Status: ok
Solve time: 90.21s
Objective value: 16.0
Number of protected sectors: 16
Zone 6: [(24, 475), (25, 475), (25, 476), (26, 475), (75, 75), (125, 400), (375, 75), (399, 25), (400, 24), (400, 25), (400, 26), (401, 25), (450, 399), (450, 400), (450, 401), (451, 400)]

dataFileName = detroit_5_500_500_7.txt_hard
solutionValue = 16.0
cpuTime = 122.75287938117981
[solutionValidator] Objective check skipped (sector values unavailable).
isFeasible = True
Solution is written in the following file:  Solutions_2026-01-23_00-49-27/solutions/detroit_5_500_500_7.txt_hard_V21_Z7.sol
----------- ARGUMENTS -----------
Data file path = ../Data/hard/detroit_5_500_500_7.txt_hard.txt
Problem version = 21
Number of zones = 7
Time limit = 300
Verbose output = True
Solver name = highs
Solution folder path = Solutions_2026-01-23_00-49-27/solutions
------------------------------------
Reading 5 species
Solver appsi_highs is available.
Considering version 2 of the problem
Solving Version 2.1 with solver: appsi_highs
Running HiGHS 1.12.0 (git hash: 755a8e0): Copyright (c) 2025 HiGHS under MIT licence terms
MIP has 2000006 rows; 1750007 cols; 11381685 nonzeros; 1750007 integer variables (1750007 binary)
Coefficient ranges:
  Matrix  [1e+00, 2e+02]
  Cost    [1e+00, 1e+00]
  Bound   [1e+00, 1e+00]
  RHS     [1e+00, 4e+02]
Presolving model
187664 rows, 1313613 cols, 7881678 nonzeros  6s
5 rows, 187659 cols, 938295 nonzeros  10s
5 rows, 3263 cols, 16315 nonzeros  11s
5 rows, 3263 cols, 16315 nonzeros  13s
Presolve reductions: rows 5(-2000001); columns 3263(-1746744); nonzeros 16315(-11365370) 
Objective function is integral with scale 1

Solving MIP model with:
   5 rows
   3263 cols (119 binary, 3144 integer, 0 implied int., 0 continuous, 0 domain fixed)
   16315 nonzeros

Src: B => Branching; C => Central rounding; F => Feasibility pump; H => Heuristic;
     I => Shifting; J => Feasibility jump; L => Sub-MIP; P => Empty MIP; R => Randomized rounding;
     S => Solve LP; T => Evaluate node; U => Unbounded; X => User solution; Y => HiGHS solution;
     Z => ZI Round; l => Trivial lower; p => Trivial point; u => Trivial upper; z => Trivial zero

        Nodes      |    B&B Tree     |            Objective Bounds              |  Dynamic Constraints |       Work      
Src  Proc. InQueue |  Leaves   Expl. | BestBound       BestSol              Gap |   Cuts   InLp Confl. | LpIters     Time

 u       0       0         0   0.00%   -inf            158534             Large        0      0      0         0    14.0s
 J       0       0         0   0.00%   -inf            158457             Large        0      0      0         0    14.1s
 S       0       0         0   0.00%   0               16               100.00%        0      0      0         0    14.2s
         1       0         1 100.00%   15.11111111     16                 5.56%        0      0      0        11    14.2s

Solving report
  Status            Optimal
  Primal bound      16
  Dual bound        16
  Gap               0% (tolerance: 0.01%)
  P-D integral      0.0861410829756
  Solution status   feasible
                    16 (objective)
                    0 (bound viol.)
                    0 (int. viol.)
                    0 (row viol.)
  Timing            14.19
  Max sub-MIP depth 0
  Nodes             1
  Repair LPs        0
  LP iterations     11
                    0 (strong br.)
                    0 (separation)
                    0 (heuristics)
Status: ok
Solve time: 90.21s
Objective value: 16.0
Number of protected sectors: 16
Zone 6: [(24, 475), (25, 475), (25, 476), (26, 475), (75, 75), (125, 400), (375, 75), (399, 25), (400, 24), (400, 25), (400, 26), (401, 25), (450, 399), (450, 400), (450, 401), (451, 400)]

dataFileName = detroit_5_500_500_7.txt_hard
solutionValue = 16.0
cpuTime = 122.75287938117981
[solutionValidator] Objective check skipped (sector values unavailable).
isFeasible = True
Solution is written in the following file:  Solutions_2026-01-23_00-49-27/solutions/detroit_5_500_500_7.txt_hard_V21_Z7.sol
