----------- ARGUMENTS -----------
Data file path = ../Data/hard/detroit_10_100_100_10.txt_hard.txt
Problem version = 21
Number of zones = 7
Time limit = 300
Verbose output = True
Solver name = highs
Solution folder path = Solutions_2026-01-23_00-49-27/solutions
------------------------------------
Reading 10 species
Solver appsi_highs is available.
Considering version 2 of the problem
Solving Version 2.1 with solver: appsi_highs
Running HiGHS 1.12.0 (git hash: 755a8e0): Copyright (c) 2025 HiGHS under MIT licence terms
MIP has 80011 rows; 70007 cols; 710962 nonzeros; 70007 integer variables (70007 binary)
Coefficient ranges:
  Matrix  [1e+00, 2e+02]
  Cost    [1e+00, 1e+00]
  Bound   [1e+00, 1e+00]
  RHS     [1e+00, 4e+02]
Presolving model
7425 rows, 51905 cols, 570955 nonzeros  0s
10 rows, 7415 cols, 74150 nonzeros  0s
10 rows, 7269 cols, 72690 nonzeros  7s
Presolve reductions: rows 10(-80001); columns 7269(-62738); nonzeros 72690(-638272) 
Objective function is integral with scale 1

Solving MIP model with:
   10 rows
   7269 cols (7227 binary, 42 integer, 0 implied int., 0 continuous, 0 domain fixed)
   72690 nonzeros

Src: B => Branching; C => Central rounding; F => Feasibility pump; H => Heuristic;
     I => Shifting; J => Feasibility jump; L => Sub-MIP; P => Empty MIP; R => Randomized rounding;
     S => Solve LP; T => Evaluate node; U => Unbounded; X => User solution; Y => HiGHS solution;
     Z => ZI Round; l => Trivial lower; p => Trivial point; u => Trivial upper; z => Trivial zero

        Nodes      |    B&B Tree     |            Objective Bounds              |  Dynamic Constraints |       Work      
Src  Proc. InQueue |  Leaves   Expl. | BestBound       BestSol              Gap |   Cuts   InLp Confl. | LpIters     Time

 u       0       0         0   0.00%   -inf            7415               Large        0      0      0         0     7.0s
 J       0       0         0   0.00%   -inf            7414               Large        0      0      0         0     7.1s
 S       0       0         0   0.00%   0               5                100.00%        0      0      0         0     7.2s
         1       0         1 100.00%   4.448507463     5                 11.03%        0      0      0         4     7.2s

Solving report
  Status            Optimal
  Primal bound      5
  Dual bound        5
  Gap               0% (tolerance: 0.01%)
  P-D integral      0.0293050236133
  Solution status   feasible
                    5 (objective)
                    0 (bound viol.)
                    0 (int. viol.)
                    0 (row viol.)
  Timing            7.17
  Max sub-MIP depth 0
  Nodes             1
  Repair LPs        0
  LP iterations     4
                    0 (strong br.)
                    0 (separation)
                    0 (heuristics)
Status: ok
Solve time: 10.11s
Objective value: 5.0
Number of protected sectors: 5
Zone 6: [(15, 15), (50, 50), (80, 5), (80, 33), (95, 95)]

dataFileName = detroit_10_100_100_10.txt_hard
solutionValue = 5.0
cpuTime = 11.929675579071045
[solutionValidator] Objective check skipped (sector values unavailable).
isFeasible = True
Solution is written in the following file:  Solutions_2026-01-23_00-49-27/solutions/detroit_10_100_100_10.txt_hard_V21_Z7.sol
----------- ARGUMENTS -----------
Data file path = ../Data/hard/detroit_10_100_100_10.txt_hard.txt
Problem version = 21
Number of zones = 7
Time limit = 300
Verbose output = True
Solver name = highs
Solution folder path = Solutions_2026-01-23_00-49-27/solutions
------------------------------------
Reading 10 species
Solver appsi_highs is available.
Considering version 2 of the problem
Solving Version 2.1 with solver: appsi_highs
Running HiGHS 1.12.0 (git hash: 755a8e0): Copyright (c) 2025 HiGHS under MIT licence terms
MIP has 80011 rows; 70007 cols; 710962 nonzeros; 70007 integer variables (70007 binary)
Coefficient ranges:
  Matrix  [1e+00, 2e+02]
  Cost    [1e+00, 1e+00]
  Bound   [1e+00, 1e+00]
  RHS     [1e+00, 4e+02]
Presolving model
7425 rows, 51905 cols, 570955 nonzeros  0s
10 rows, 7415 cols, 74150 nonzeros  0s
10 rows, 7269 cols, 72690 nonzeros  7s
Presolve reductions: rows 10(-80001); columns 7269(-62738); nonzeros 72690(-638272) 
Objective function is integral with scale 1

Solving MIP model with:
   10 rows
   7269 cols (7227 binary, 42 integer, 0 implied int., 0 continuous, 0 domain fixed)
   72690 nonzeros

Src: B => Branching; C => Central rounding; F => Feasibility pump; H => Heuristic;
     I => Shifting; J => Feasibility jump; L => Sub-MIP; P => Empty MIP; R => Randomized rounding;
     S => Solve LP; T => Evaluate node; U => Unbounded; X => User solution; Y => HiGHS solution;
     Z => ZI Round; l => Trivial lower; p => Trivial point; u => Trivial upper; z => Trivial zero

        Nodes      |    B&B Tree     |            Objective Bounds              |  Dynamic Constraints |       Work      
Src  Proc. InQueue |  Leaves   Expl. | BestBound       BestSol              Gap |   Cuts   InLp Confl. | LpIters     Time

 u       0       0         0   0.00%   -inf            7415               Large        0      0      0         0     7.0s
 J       0       0         0   0.00%   -inf            7414               Large        0      0      0         0     7.1s
 S       0       0         0   0.00%   0               5                100.00%        0      0      0         0     7.2s
         1       0         1 100.00%   4.448507463     5                 11.03%        0      0      0         4     7.2s

Solving report
  Status            Optimal
  Primal bound      5
  Dual bound        5
  Gap               0% (tolerance: 0.01%)
  P-D integral      0.0293050236133
  Solution status   feasible
                    5 (objective)
                    0 (bound viol.)
                    0 (int. viol.)
                    0 (row viol.)
  Timing            7.17
  Max sub-MIP depth 0
  Nodes             1
  Repair LPs        0
  LP iterations     4
                    0 (strong br.)
                    0 (separation)
                    0 (heuristics)
Status: ok
Solve time: 10.11s
Objective value: 5.0
Number of protected sectors: 5
Zone 6: [(15, 15), (50, 50), (80, 5), (80, 33), (95, 95)]

dataFileName = detroit_10_100_100_10.txt_hard
solutionValue = 5.0
cpuTime = 11.929675579071045
[solutionValidator] Objective check skipped (sector values unavailable).
isFeasible = True
Solution is written in the following file:  Solutions_2026-01-23_00-49-27/solutions/detroit_10_100_100_10.txt_hard_V21_Z7.sol
