----------- ARGUMENTS -----------
Data file path = ../Data/hard/iles_5_10_10_2.txt_hard.txt
Problem version = 21
Number of zones = 7
Time limit = 300
Verbose output = True
Solver name = highs
Solution folder path = Solutions_2026-01-23_00-49-27/solutions
------------------------------------
Reading 5 species
Solver appsi_highs is available.
Considering version 2 of the problem
Solving Version 2.1 with solver: appsi_highs
Running HiGHS 1.12.0 (git hash: 755a8e0): Copyright (c) 2025 HiGHS under MIT licence terms
MIP has 806 rows; 707 cols; 5271 nonzeros; 707 integer variables (707 binary)
Coefficient ranges:
  Matrix  [1e+00, 2e+02]
  Cost    [1e+00, 1e+00]
  Bound   [1e+00, 1e+00]
  RHS     [1e+00, 4e+02]
Presolving model
97 rows, 644 cols, 3864 nonzeros  0s
5 rows, 92 cols, 460 nonzeros  0s
5 rows, 89 cols, 445 nonzeros  0s
Presolve reductions: rows 5(-801); columns 89(-618); nonzeros 445(-4826) 
Objective function is integral with scale 1

Solving MIP model with:
   5 rows
   89 cols (88 binary, 1 integer, 0 implied int., 0 continuous, 0 domain fixed)
   445 nonzeros

Src: B => Branching; C => Central rounding; F => Feasibility pump; H => Heuristic;
     I => Shifting; J => Feasibility jump; L => Sub-MIP; P => Empty MIP; R => Randomized rounding;
     S => Solve LP; T => Evaluate node; U => Unbounded; X => User solution; Y => HiGHS solution;
     Z => ZI Round; l => Trivial lower; p => Trivial point; u => Trivial upper; z => Trivial zero

        Nodes      |    B&B Tree     |            Objective Bounds              |  Dynamic Constraints |       Work      
Src  Proc. InQueue |  Leaves   Expl. | BestBound       BestSol              Gap |   Cuts   InLp Confl. | LpIters     Time

 u       0       0         0   0.00%   -inf            92                 Large        0      0      0         0     0.0s
 J       0       0         0   0.00%   -inf            90                 Large        0      0      0         0     0.0s
 S       0       0         0   0.00%   2               62                96.77%        0      0      0         0     0.0s
 R       0       0         0 100.00%   60.16693944     61                 1.37%        0      0      0        12     0.0s
         1       0         1 100.00%   61              61                 0.00%        0      0      0        12     0.0s

Solving report
  Status            Optimal
  Primal bound      61
  Dual bound        61
  Gap               0% (tolerance: 0.01%)
  P-D integral      0.000442193074337
  Solution status   feasible
                    61 (objective)
                    0 (bound viol.)
                    0 (int. viol.)
                    0 (row viol.)
  Timing            0.01
  Max sub-MIP depth 0
  Nodes             1
  Repair LPs        0
  LP iterations     12
                    0 (strong br.)
                    0 (separation)
                    0 (heuristics)
Status: ok
Solve time: 0.04s
Objective value: 61.0
Number of protected sectors: 61
Zone 6: [(0, 2), (0, 4), (0, 6), (0, 7), (0, 8), (0, 9), (1, 0), (1, 1), (1, 2), (1, 6), (1, 7), (2, 0), (2, 5), (2, 6), (2, 7), (2, 8), (2, 9), (3, 5), (3, 6), (3, 7), (3, 8), (3, 9), (4, 0), (4, 1), (4, 3), (5, 0), (5, 1), (5, 2), (5, 6), (5, 7), (5, 8), (5, 9), (6, 0), (6, 1), (6, 2), (6, 3), (6, 5), (6, 6), (6, 7), (6, 8), (6, 9), (7, 0), (7, 1), (7, 2), (7, 8), (8, 0), (8, 1), (8, 2), (8, 3), (8, 6), (8, 7), (8, 8), (8, 9), (9, 0), (9, 1), (9, 2), (9, 3), (9, 6), (9, 7), (9, 8), (9, 9)]

dataFileName = iles_5_10_10_2.txt_hard
solutionValue = 61.0
cpuTime = 0.04702281951904297
[solutionValidator] Objective check skipped (sector values unavailable).
isFeasible = True
Solution is written in the following file:  Solutions_2026-01-23_00-49-27/solutions/iles_5_10_10_2.txt_hard_V21_Z7.sol
----------- ARGUMENTS -----------
Data file path = ../Data/hard/iles_5_10_10_2.txt_hard.txt
Problem version = 21
Number of zones = 7
Time limit = 300
Verbose output = True
Solver name = highs
Solution folder path = Solutions_2026-01-23_00-49-27/solutions
------------------------------------
Reading 5 species
Solver appsi_highs is available.
Considering version 2 of the problem
Solving Version 2.1 with solver: appsi_highs
Running HiGHS 1.12.0 (git hash: 755a8e0): Copyright (c) 2025 HiGHS under MIT licence terms
MIP has 806 rows; 707 cols; 5271 nonzeros; 707 integer variables (707 binary)
Coefficient ranges:
  Matrix  [1e+00, 2e+02]
  Cost    [1e+00, 1e+00]
  Bound   [1e+00, 1e+00]
  RHS     [1e+00, 4e+02]
Presolving model
97 rows, 644 cols, 3864 nonzeros  0s
5 rows, 92 cols, 460 nonzeros  0s
5 rows, 89 cols, 445 nonzeros  0s
Presolve reductions: rows 5(-801); columns 89(-618); nonzeros 445(-4826) 
Objective function is integral with scale 1

Solving MIP model with:
   5 rows
   89 cols (88 binary, 1 integer, 0 implied int., 0 continuous, 0 domain fixed)
   445 nonzeros

Src: B => Branching; C => Central rounding; F => Feasibility pump; H => Heuristic;
     I => Shifting; J => Feasibility jump; L => Sub-MIP; P => Empty MIP; R => Randomized rounding;
     S => Solve LP; T => Evaluate node; U => Unbounded; X => User solution; Y => HiGHS solution;
     Z => ZI Round; l => Trivial lower; p => Trivial point; u => Trivial upper; z => Trivial zero

        Nodes      |    B&B Tree     |            Objective Bounds              |  Dynamic Constraints |       Work      
Src  Proc. InQueue |  Leaves   Expl. | BestBound       BestSol              Gap |   Cuts   InLp Confl. | LpIters     Time

 u       0       0         0   0.00%   -inf            92                 Large        0      0      0         0     0.0s
 J       0       0         0   0.00%   -inf            90                 Large        0      0      0         0     0.0s
 S       0       0         0   0.00%   2               62                96.77%        0      0      0         0     0.0s
 R       0       0         0 100.00%   60.16693944     61                 1.37%        0      0      0        12     0.0s
         1       0         1 100.00%   61              61                 0.00%        0      0      0        12     0.0s

Solving report
  Status            Optimal
  Primal bound      61
  Dual bound        61
  Gap               0% (tolerance: 0.01%)
  P-D integral      0.000442193074337
  Solution status   feasible
                    61 (objective)
                    0 (bound viol.)
                    0 (int. viol.)
                    0 (row viol.)
  Timing            0.01
  Max sub-MIP depth 0
  Nodes             1
  Repair LPs        0
  LP iterations     12
                    0 (strong br.)
                    0 (separation)
                    0 (heuristics)
Status: ok
Solve time: 0.04s
Objective value: 61.0
Number of protected sectors: 61
Zone 6: [(0, 2), (0, 4), (0, 6), (0, 7), (0, 8), (0, 9), (1, 0), (1, 1), (1, 2), (1, 6), (1, 7), (2, 0), (2, 5), (2, 6), (2, 7), (2, 8), (2, 9), (3, 5), (3, 6), (3, 7), (3, 8), (3, 9), (4, 0), (4, 1), (4, 3), (5, 0), (5, 1), (5, 2), (5, 6), (5, 7), (5, 8), (5, 9), (6, 0), (6, 1), (6, 2), (6, 3), (6, 5), (6, 6), (6, 7), (6, 8), (6, 9), (7, 0), (7, 1), (7, 2), (7, 8), (8, 0), (8, 1), (8, 2), (8, 3), (8, 6), (8, 7), (8, 8), (8, 9), (9, 0), (9, 1), (9, 2), (9, 3), (9, 6), (9, 7), (9, 8), (9, 9)]

dataFileName = iles_5_10_10_2.txt_hard
solutionValue = 61.0
cpuTime = 0.04702281951904297
[solutionValidator] Objective check skipped (sector values unavailable).
isFeasible = True
Solution is written in the following file:  Solutions_2026-01-23_00-49-27/solutions/iles_5_10_10_2.txt_hard_V21_Z7.sol
