----------- ARGUMENTS -----------
Data file path = ../Data/hard/long_island_10_30_30_5.txt_hard.txt
Problem version = 21
Number of zones = 7
Time limit = 300
Verbose output = True
Solver name = highs
Solution folder path = Solutions_2026-01-23_00-49-27/solutions
------------------------------------
Reading 10 species
Solver appsi_highs is available.
Considering version 2 of the problem
Solving Version 2.1 with solver: appsi_highs
Running HiGHS 1.12.0 (git hash: 755a8e0): Copyright (c) 2025 HiGHS under MIT licence terms
MIP has 7211 rows; 6307 cols; 80367 nonzeros; 6307 integer variables (6307 binary)
Coefficient ranges:
  Matrix  [1e+00, 2e+02]
  Cost    [1e+00, 1e+00]
  Bound   [1e+00, 1e+00]
  RHS     [1e+00, 4e+02]
Presolving model
890 rows, 6160 cols, 67760 nonzeros  0s
10 rows, 880 cols, 8800 nonzeros  0s
10 rows, 875 cols, 8750 nonzeros  0s
Presolve reductions: rows 10(-7201); columns 875(-5432); nonzeros 8750(-71617) 
Objective function is integral with scale 1

Solving MIP model with:
   10 rows
   875 cols (870 binary, 5 integer, 0 implied int., 0 continuous, 0 domain fixed)
   8750 nonzeros

Src: B => Branching; C => Central rounding; F => Feasibility pump; H => Heuristic;
     I => Shifting; J => Feasibility jump; L => Sub-MIP; P => Empty MIP; R => Randomized rounding;
     S => Solve LP; T => Evaluate node; U => Unbounded; X => User solution; Y => HiGHS solution;
     Z => ZI Round; l => Trivial lower; p => Trivial point; u => Trivial upper; z => Trivial zero

        Nodes      |    B&B Tree     |            Objective Bounds              |  Dynamic Constraints |       Work      
Src  Proc. InQueue |  Leaves   Expl. | BestBound       BestSol              Gap |   Cuts   InLp Confl. | LpIters     Time

 u       0       0         0   0.00%   -inf            880                Large        0      0      0         0     0.2s
 J       0       0         0   0.00%   -inf            878                Large        0      0      0         0     0.2s
 S       0       0         0   0.00%   0               32               100.00%        0      0      0         0     0.2s
         1       0         1 100.00%   31.34615385     32                 2.04%        0      0      0         6     0.2s

Solving report
  Status            Optimal
  Primal bound      32
  Dual bound        32
  Gap               0% (tolerance: 0.01%)
  P-D integral      0.00327227637172
  Solution status   feasible
                    32 (objective)
                    0 (bound viol.)
                    0 (int. viol.)
                    0 (row viol.)
  Timing            0.19
  Max sub-MIP depth 0
  Nodes             1
  Repair LPs        0
  LP iterations     6
                    0 (strong br.)
                    0 (separation)
                    0 (heuristics)
Status: ok
Solve time: 0.44s
Objective value: 32.0
Number of protected sectors: 32
Zone 6: [(0, 28), (1, 27), (1, 28), (1, 29), (2, 28), (3, 4), (4, 4), (4, 5), (5, 4), (6, 24), (7, 23), (7, 24), (7, 25), (8, 24), (21, 4), (22, 3), (22, 4), (22, 5), (23, 4), (24, 1), (24, 9), (26, 22), (26, 24), (26, 25), (27, 23), (27, 24), (27, 25), (28, 23), (28, 24), (28, 25), (28, 28), (29, 23)]

dataFileName = long_island_10_30_30_5.txt_hard
solutionValue = 32.0
cpuTime = 0.6031968593597412
[solutionValidator] Objective check skipped (sector values unavailable).
isFeasible = True
Solution is written in the following file:  Solutions_2026-01-23_00-49-27/solutions/long_island_10_30_30_5.txt_hard_V21_Z7.sol
----------- ARGUMENTS -----------
Data file path = ../Data/hard/long_island_10_30_30_5.txt_hard.txt
Problem version = 21
Number of zones = 7
Time limit = 300
Verbose output = True
Solver name = highs
Solution folder path = Solutions_2026-01-23_00-49-27/solutions
------------------------------------
Reading 10 species
Solver appsi_highs is available.
Considering version 2 of the problem
Solving Version 2.1 with solver: appsi_highs
Running HiGHS 1.12.0 (git hash: 755a8e0): Copyright (c) 2025 HiGHS under MIT licence terms
MIP has 7211 rows; 6307 cols; 80367 nonzeros; 6307 integer variables (6307 binary)
Coefficient ranges:
  Matrix  [1e+00, 2e+02]
  Cost    [1e+00, 1e+00]
  Bound   [1e+00, 1e+00]
  RHS     [1e+00, 4e+02]
Presolving model
890 rows, 6160 cols, 67760 nonzeros  0s
10 rows, 880 cols, 8800 nonzeros  0s
10 rows, 875 cols, 8750 nonzeros  0s
Presolve reductions: rows 10(-7201); columns 875(-5432); nonzeros 8750(-71617) 
Objective function is integral with scale 1

Solving MIP model with:
   10 rows
   875 cols (870 binary, 5 integer, 0 implied int., 0 continuous, 0 domain fixed)
   8750 nonzeros

Src: B => Branching; C => Central rounding; F => Feasibility pump; H => Heuristic;
     I => Shifting; J => Feasibility jump; L => Sub-MIP; P => Empty MIP; R => Randomized rounding;
     S => Solve LP; T => Evaluate node; U => Unbounded; X => User solution; Y => HiGHS solution;
     Z => ZI Round; l => Trivial lower; p => Trivial point; u => Trivial upper; z => Trivial zero

        Nodes      |    B&B Tree     |            Objective Bounds              |  Dynamic Constraints |       Work      
Src  Proc. InQueue |  Leaves   Expl. | BestBound       BestSol              Gap |   Cuts   InLp Confl. | LpIters     Time

 u       0       0         0   0.00%   -inf            880                Large        0      0      0         0     0.2s
 J       0       0         0   0.00%   -inf            878                Large        0      0      0         0     0.2s
 S       0       0         0   0.00%   0               32               100.00%        0      0      0         0     0.2s
         1       0         1 100.00%   31.34615385     32                 2.04%        0      0      0         6     0.2s

Solving report
  Status            Optimal
  Primal bound      32
  Dual bound        32
  Gap               0% (tolerance: 0.01%)
  P-D integral      0.00327227637172
  Solution status   feasible
                    32 (objective)
                    0 (bound viol.)
                    0 (int. viol.)
                    0 (row viol.)
  Timing            0.19
  Max sub-MIP depth 0
  Nodes             1
  Repair LPs        0
  LP iterations     6
                    0 (strong br.)
                    0 (separation)
                    0 (heuristics)
Status: ok
Solve time: 0.44s
Objective value: 32.0
Number of protected sectors: 32
Zone 6: [(0, 28), (1, 27), (1, 28), (1, 29), (2, 28), (3, 4), (4, 4), (4, 5), (5, 4), (6, 24), (7, 23), (7, 24), (7, 25), (8, 24), (21, 4), (22, 3), (22, 4), (22, 5), (23, 4), (24, 1), (24, 9), (26, 22), (26, 24), (26, 25), (27, 23), (27, 24), (27, 25), (28, 23), (28, 24), (28, 25), (28, 28), (29, 23)]

dataFileName = long_island_10_30_30_5.txt_hard
solutionValue = 32.0
cpuTime = 0.6031968593597412
[solutionValidator] Objective check skipped (sector values unavailable).
isFeasible = True
Solution is written in the following file:  Solutions_2026-01-23_00-49-27/solutions/long_island_10_30_30_5.txt_hard_V21_Z7.sol
