----------- ARGUMENTS -----------
Data file path = ../Data/hard/peninsule_5_100_100_5.txt_hard.txt
Problem version = 21
Number of zones = 7
Time limit = 300
Verbose output = True
Solver name = highs
Solution folder path = Solutions_2026-01-23_00-49-27/solutions
------------------------------------
Reading 5 species
Solver appsi_highs is available.
Considering version 2 of the problem
Solving Version 2.1 with solver: appsi_highs
Running HiGHS 1.12.0 (git hash: 755a8e0): Copyright (c) 2025 HiGHS under MIT licence terms
MIP has 80006 rows; 70007 cols; 518049 nonzeros; 70007 integer variables (70007 binary)
Coefficient ranges:
  Matrix  [1e+00, 2e+02]
  Cost    [1e+00, 1e+00]
  Bound   [1e+00, 1e+00]
  RHS     [1e+00, 4e+02]
Presolving model
9006 rows, 63007 cols, 378042 nonzeros  0s
5 rows, 9001 cols, 45005 nonzeros  0s
5 rows, 3074 cols, 15370 nonzeros  0s
5 rows, 3074 cols, 15370 nonzeros  2s
Presolve reductions: rows 5(-80001); columns 3074(-66933); nonzeros 15370(-502679) 
Objective function is integral with scale 1

Solving MIP model with:
   5 rows
   3074 cols (655 binary, 2419 integer, 0 implied int., 0 continuous, 0 domain fixed)
   15370 nonzeros

Src: B => Branching; C => Central rounding; F => Feasibility pump; H => Heuristic;
     I => Shifting; J => Feasibility jump; L => Sub-MIP; P => Empty MIP; R => Randomized rounding;
     S => Solve LP; T => Evaluate node; U => Unbounded; X => User solution; Y => HiGHS solution;
     Z => ZI Round; l => Trivial lower; p => Trivial point; u => Trivial upper; z => Trivial zero

        Nodes      |    B&B Tree     |            Objective Bounds              |  Dynamic Constraints |       Work      
Src  Proc. InQueue |  Leaves   Expl. | BestBound       BestSol              Gap |   Cuts   InLp Confl. | LpIters     Time

 u       0       0         0   0.00%   -inf            9001               Large        0      0      0         0     2.3s
 J       0       0         0   0.00%   -inf            8994               Large        0      0      0         0     2.3s
 S       0       0         0   0.00%   0               37               100.00%        0      0      0         0     2.3s
         1       0         1 100.00%   36.63043478     37                 1.00%        0      0      0         6     2.3s

Solving report
  Status            Optimal
  Primal bound      37
  Dual bound        37
  Gap               0% (tolerance: 0.01%)
  P-D integral      0.0142496785042
  Solution status   feasible
                    37 (objective)
                    0 (bound viol.)
                    0 (int. viol.)
                    0 (row viol.)
  Timing            2.34
  Max sub-MIP depth 0
  Nodes             1
  Repair LPs        0
  LP iterations     6
                    0 (strong br.)
                    0 (separation)
                    0 (heuristics)
Status: ok
Solve time: 5.06s
Objective value: 37.0
Number of protected sectors: 37
Zone 6: [(4, 95), (5, 94), (5, 95), (5, 96), (6, 95), (24, 80), (25, 79), (25, 80), (25, 81), (26, 80), (74, 15), (75, 14), (75, 15), (75, 16), (76, 15), (80, 5), (80, 33), (87, 80), (88, 80), (88, 81), (89, 78), (89, 79), (89, 80), (89, 81), (90, 78), (90, 79), (90, 80), (90, 81), (90, 82), (90, 83), (91, 79), (91, 80), (91, 81), (91, 82), (92, 80), (93, 80), (95, 95)]

dataFileName = peninsule_5_100_100_5.txt_hard
solutionValue = 37.0
cpuTime = 6.370692014694214
[solutionValidator] Objective check skipped (sector values unavailable).
isFeasible = True
Solution is written in the following file:  Solutions_2026-01-23_00-49-27/solutions/peninsule_5_100_100_5.txt_hard_V21_Z7.sol
----------- ARGUMENTS -----------
Data file path = ../Data/hard/peninsule_5_100_100_5.txt_hard.txt
Problem version = 21
Number of zones = 7
Time limit = 300
Verbose output = True
Solver name = highs
Solution folder path = Solutions_2026-01-23_00-49-27/solutions
------------------------------------
Reading 5 species
Solver appsi_highs is available.
Considering version 2 of the problem
Solving Version 2.1 with solver: appsi_highs
Running HiGHS 1.12.0 (git hash: 755a8e0): Copyright (c) 2025 HiGHS under MIT licence terms
MIP has 80006 rows; 70007 cols; 518049 nonzeros; 70007 integer variables (70007 binary)
Coefficient ranges:
  Matrix  [1e+00, 2e+02]
  Cost    [1e+00, 1e+00]
  Bound   [1e+00, 1e+00]
  RHS     [1e+00, 4e+02]
Presolving model
9006 rows, 63007 cols, 378042 nonzeros  0s
5 rows, 9001 cols, 45005 nonzeros  0s
5 rows, 3074 cols, 15370 nonzeros  0s
5 rows, 3074 cols, 15370 nonzeros  2s
Presolve reductions: rows 5(-80001); columns 3074(-66933); nonzeros 15370(-502679) 
Objective function is integral with scale 1

Solving MIP model with:
   5 rows
   3074 cols (655 binary, 2419 integer, 0 implied int., 0 continuous, 0 domain fixed)
   15370 nonzeros

Src: B => Branching; C => Central rounding; F => Feasibility pump; H => Heuristic;
     I => Shifting; J => Feasibility jump; L => Sub-MIP; P => Empty MIP; R => Randomized rounding;
     S => Solve LP; T => Evaluate node; U => Unbounded; X => User solution; Y => HiGHS solution;
     Z => ZI Round; l => Trivial lower; p => Trivial point; u => Trivial upper; z => Trivial zero

        Nodes      |    B&B Tree     |            Objective Bounds              |  Dynamic Constraints |       Work      
Src  Proc. InQueue |  Leaves   Expl. | BestBound       BestSol              Gap |   Cuts   InLp Confl. | LpIters     Time

 u       0       0         0   0.00%   -inf            9001               Large        0      0      0         0     2.3s
 J       0       0         0   0.00%   -inf            8994               Large        0      0      0         0     2.3s
 S       0       0         0   0.00%   0               37               100.00%        0      0      0         0     2.3s
         1       0         1 100.00%   36.63043478     37                 1.00%        0      0      0         6     2.3s

Solving report
  Status            Optimal
  Primal bound      37
  Dual bound        37
  Gap               0% (tolerance: 0.01%)
  P-D integral      0.0142496785042
  Solution status   feasible
                    37 (objective)
                    0 (bound viol.)
                    0 (int. viol.)
                    0 (row viol.)
  Timing            2.34
  Max sub-MIP depth 0
  Nodes             1
  Repair LPs        0
  LP iterations     6
                    0 (strong br.)
                    0 (separation)
                    0 (heuristics)
Status: ok
Solve time: 5.06s
Objective value: 37.0
Number of protected sectors: 37
Zone 6: [(4, 95), (5, 94), (5, 95), (5, 96), (6, 95), (24, 80), (25, 79), (25, 80), (25, 81), (26, 80), (74, 15), (75, 14), (75, 15), (75, 16), (76, 15), (80, 5), (80, 33), (87, 80), (88, 80), (88, 81), (89, 78), (89, 79), (89, 80), (89, 81), (90, 78), (90, 79), (90, 80), (90, 81), (90, 82), (90, 83), (91, 79), (91, 80), (91, 81), (91, 82), (92, 80), (93, 80), (95, 95)]

dataFileName = peninsule_5_100_100_5.txt_hard
solutionValue = 37.0
cpuTime = 6.370692014694214
[solutionValidator] Objective check skipped (sector values unavailable).
isFeasible = True
Solution is written in the following file:  Solutions_2026-01-23_00-49-27/solutions/peninsule_5_100_100_5.txt_hard_V21_Z7.sol
